Archive member included to satisfy reference by file (symbol)

C:\Users\ROG\STM32CubeIDE\workspace_1.11.0\AtoDconversion_1\Drivers\CMSIS\Lib\GCC\libarm_cortexM4lf_math.a(arm_rfft_fast_init_f32.o)
                              ./Core/Src/main.o (arm_rfft_fast_init_f32)
C:\Users\ROG\STM32CubeIDE\workspace_1.11.0\AtoDconversion_1\Drivers\CMSIS\Lib\GCC\libarm_cortexM4lf_math.a(arm_rfft_fast_f32.o)
                              ./Core/Src/main.o (arm_rfft_fast_f32)
C:\Users\ROG\STM32CubeIDE\workspace_1.11.0\AtoDconversion_1\Drivers\CMSIS\Lib\GCC\libarm_cortexM4lf_math.a(arm_cfft_f32.o)
                              C:\Users\ROG\STM32CubeIDE\workspace_1.11.0\AtoDconversion_1\Drivers\CMSIS\Lib\GCC\libarm_cortexM4lf_math.a(arm_rfft_fast_f32.o) (arm_cfft_f32)
C:\Users\ROG\STM32CubeIDE\workspace_1.11.0\AtoDconversion_1\Drivers\CMSIS\Lib\GCC\libarm_cortexM4lf_math.a(arm_cmplx_mag_squared_f32.o)
                              ./Core/Src/main.o (arm_cmplx_mag_squared_f32)
C:\Users\ROG\STM32CubeIDE\workspace_1.11.0\AtoDconversion_1\Drivers\CMSIS\Lib\GCC\libarm_cortexM4lf_math.a(arm_common_tables.o)
                              C:\Users\ROG\STM32CubeIDE\workspace_1.11.0\AtoDconversion_1\Drivers\CMSIS\Lib\GCC\libarm_cortexM4lf_math.a(arm_rfft_fast_init_f32.o) (twiddleCoef_rfft_4096)
C:\Users\ROG\STM32CubeIDE\workspace_1.11.0\AtoDconversion_1\Drivers\CMSIS\Lib\GCC\libarm_cortexM4lf_math.a(arm_bitreversal2.o)
                              C:\Users\ROG\STM32CubeIDE\workspace_1.11.0\AtoDconversion_1\Drivers\CMSIS\Lib\GCC\libarm_cortexM4lf_math.a(arm_cfft_f32.o) (arm_bitreversal_32)
C:\Users\ROG\STM32CubeIDE\workspace_1.11.0\AtoDconversion_1\Drivers\CMSIS\Lib\GCC\libarm_cortexM4lf_math.a(arm_cfft_radix8_f32.o)
                              C:\Users\ROG\STM32CubeIDE\workspace_1.11.0\AtoDconversion_1\Drivers\CMSIS\Lib\GCC\libarm_cortexM4lf_math.a(arm_cfft_f32.o) (arm_radix8_butterfly_f32)
c:/st/stm32cubeide_1.11.0/stm32cubeide/plugins/com.st.stm32cube.ide.mcu.externaltools.gnu-tools-for-stm32.10.3-2021.10.win32_1.0.100.202210260954/tools/bin/../lib/gcc/arm-none-eabi/10.3.1/../../../../arm-none-eabi/lib/thumb/v7e-m+fp/hard\libc_nano.a(lib_a-errno.o)
                              ./Core/Src/syscalls.o (__errno)
c:/st/stm32cubeide_1.11.0/stm32cubeide/plugins/com.st.stm32cube.ide.mcu.externaltools.gnu-tools-for-stm32.10.3-2021.10.win32_1.0.100.202210260954/tools/bin/../lib/gcc/arm-none-eabi/10.3.1/../../../../arm-none-eabi/lib/thumb/v7e-m+fp/hard\libc_nano.a(lib_a-exit.o)
                              c:/st/stm32cubeide_1.11.0/stm32cubeide/plugins/com.st.stm32cube.ide.mcu.externaltools.gnu-tools-for-stm32.10.3-2021.10.win32_1.0.100.202210260954/tools/bin/../lib/gcc/arm-none-eabi/10.3.1/../../../../arm-none-eabi/lib/thumb/v7e-m+fp/hard/crt0.o (exit)
c:/st/stm32cubeide_1.11.0/stm32cubeide/plugins/com.st.stm32cube.ide.mcu.externaltools.gnu-tools-for-stm32.10.3-2021.10.win32_1.0.100.202210260954/tools/bin/../lib/gcc/arm-none-eabi/10.3.1/../../../../arm-none-eabi/lib/thumb/v7e-m+fp/hard\libc_nano.a(lib_a-impure.o)
                              c:/st/stm32cubeide_1.11.0/stm32cubeide/plugins/com.st.stm32cube.ide.mcu.externaltools.gnu-tools-for-stm32.10.3-2021.10.win32_1.0.100.202210260954/tools/bin/../lib/gcc/arm-none-eabi/10.3.1/../../../../arm-none-eabi/lib/thumb/v7e-m+fp/hard\libc_nano.a(lib_a-exit.o) (_global_impure_ptr)
c:/st/stm32cubeide_1.11.0/stm32cubeide/plugins/com.st.stm32cube.ide.mcu.externaltools.gnu-tools-for-stm32.10.3-2021.10.win32_1.0.100.202210260954/tools/bin/../lib/gcc/arm-none-eabi/10.3.1/../../../../arm-none-eabi/lib/thumb/v7e-m+fp/hard\libc_nano.a(lib_a-init.o)
                              c:/st/stm32cubeide_1.11.0/stm32cubeide/plugins/com.st.stm32cube.ide.mcu.externaltools.gnu-tools-for-stm32.10.3-2021.10.win32_1.0.100.202210260954/tools/bin/../lib/gcc/arm-none-eabi/10.3.1/../../../../arm-none-eabi/lib/thumb/v7e-m+fp/hard/crt0.o (__libc_init_array)
c:/st/stm32cubeide_1.11.0/stm32cubeide/plugins/com.st.stm32cube.ide.mcu.externaltools.gnu-tools-for-stm32.10.3-2021.10.win32_1.0.100.202210260954/tools/bin/../lib/gcc/arm-none-eabi/10.3.1/../../../../arm-none-eabi/lib/thumb/v7e-m+fp/hard\libc_nano.a(lib_a-memcpy-stub.o)
                              ./Core/Src/main.o (memcpy)
c:/st/stm32cubeide_1.11.0/stm32cubeide/plugins/com.st.stm32cube.ide.mcu.externaltools.gnu-tools-for-stm32.10.3-2021.10.win32_1.0.100.202210260954/tools/bin/../lib/gcc/arm-none-eabi/10.3.1/../../../../arm-none-eabi/lib/thumb/v7e-m+fp/hard\libc_nano.a(lib_a-memset.o)
                              c:/st/stm32cubeide_1.11.0/stm32cubeide/plugins/com.st.stm32cube.ide.mcu.externaltools.gnu-tools-for-stm32.10.3-2021.10.win32_1.0.100.202210260954/tools/bin/../lib/gcc/arm-none-eabi/10.3.1/../../../../arm-none-eabi/lib/thumb/v7e-m+fp/hard/crt0.o (memset)
[...]
Memory Configuration

Name             Origin             Length             Attributes
RAM              0x0000000020000000 0x0000000000020000 xrw
FLASH            0x0000000008000000 0x0000000000080000 xr
*default*        0x0000000000000000 0xffffffffffffffff

Linker script and memory map

LOAD c:/st/stm32cubeide_1.11.0/stm32cubeide/plugins/com.st.stm32cube.ide.mcu.externaltools.gnu-tools-for-stm32.10.3-2021.10.win32_1.0.100.202210260954/tools/bin/../lib/gcc/arm-none-eabi/10.3.1/thumb/v7e-m+fp/hard/crti.o
LOAD c:/st/stm32cubeide_1.11.0/stm32cubeide/plugins/com.st.stm32cube.ide.mcu.externaltools.gnu-tools-for-stm32.10.3-2021.10.win32_1.0.100.202210260954/tools/bin/../lib/gcc/arm-none-eabi/10.3.1/thumb/v7e-m+fp/hard/crtbegin.o
LOAD c:/st/stm32cubeide_1.11.0/stm32cubeide/plugins/com.st.stm32cube.ide.mcu.externaltools.gnu-tools-for-stm32.10.3-2021.10.win32_1.0.100.202210260954/tools/bin/../lib/gcc/arm-none-eabi/10.3.1/../../../../arm-none-eabi/lib/thumb/v7e-m+fp/hard/crt0.o
LOAD ./Core/Src/main.o
LOAD ./Core/Src/stm32f4xx_hal_msp.o
LOAD ./Core/Src/stm32f4xx_it.o
LOAD ./Core/Src/syscalls.o
LOAD ./Core/Src/sysmem.o
LOAD ./Core/Src/system_stm32f4xx.o
LOAD ./Core/Startup/startup_stm32f411ceux.o
LOAD ./Drivers/STM32F4xx_HAL_Driver/Src/stm32f4xx_hal.o
LOAD ./Drivers/STM32F4xx_HAL_Driver/Src/stm32f4xx_hal_adc.o
LOAD ./Drivers/STM32F4xx_HAL_Driver/Src/stm32f4xx_hal_adc_ex.o
LOAD ./Drivers/STM32F4xx_HAL_Driver/Src/stm32f4xx_hal_cortex.o
LOAD ./Drivers/STM32F4xx_HAL_Driver/Src/stm32f4xx_hal_dma.o
LOAD ./Drivers/STM32F4xx_HAL_Driver/Src/stm32f4xx_hal_dma_ex.o
LOAD ./Drivers/STM32F4xx_HAL_Driver/Src/stm32f4xx_hal_exti.o
LOAD ./Drivers/STM32F4xx_HAL_Driver/Src/stm32f4xx_hal_flash.o
LOAD ./Drivers/STM32F4xx_HAL_Driver/Src/stm32f4xx_hal_flash_ex.o
LOAD ./Drivers/STM32F4xx_HAL_Driver/Src/stm32f4xx_hal_flash_ramfunc.o
LOAD ./Drivers/STM32F4xx_HAL_Driver/Src/stm32f4xx_hal_gpio.o
LOAD ./Drivers/STM32F4xx_HAL_Driver/Src/stm32f4xx_hal_pwr.o
LOAD ./Drivers/STM32F4xx_HAL_Driver/Src/stm32f4xx_hal_pwr_ex.o
LOAD ./Drivers/STM32F4xx_HAL_Driver/Src/stm32f4xx_hal_rcc.o
LOAD ./Drivers/STM32F4xx_HAL_Driver/Src/stm32f4xx_hal_rcc_ex.o
LOAD ./Drivers/STM32F4xx_HAL_Driver/Src/stm32f4xx_hal_tim.o
LOAD ./Drivers/STM32F4xx_HAL_Driver/Src/stm32f4xx_hal_tim_ex.o
LOAD ./Drivers/STM32F4xx_HAL_Driver/Src/stm32f4xx_hal_uart.o
LOAD ./Drivers/STM32F4xx_HAL_Driver/Src/stm32f4xx_ll_adc.o
LOAD C:\Users\ROG\STM32CubeIDE\workspace_1.11.0\AtoDconversion_1\Drivers\CMSIS\Lib\GCC\libarm_cortexM4lf_math.a
START GROUP
LOAD c:/st/stm32cubeide_1.11.0/stm32cubeide/plugins/com.st.stm32cube.ide.mcu.externaltools.gnu-tools-for-stm32.10.3-2021.10.win32_1.0.100.202210260954/tools/bin/../lib/gcc/arm-none-eabi/10.3.1/../../../../arm-none-eabi/lib/thumb/v7e-m+fp/hard\libc_nano.a
LOAD c:/st/stm32cubeide_1.11.0/stm32cubeide/plugins/com.st.stm32cube.ide.mcu.externaltools.gnu-tools-for-stm32.10.3-2021.10.win32_1.0.100.202210260954/tools/bin/../lib/gcc/arm-none-eabi/10.3.1/../../../../arm-none-eabi/lib/thumb/v7e-m+fp/hard\libm.a
END GROUP
START GROUP
LOAD c:/st/stm32cubeide_1.11.0/stm32cubeide/plugins/com.st.stm32cube.ide.mcu.externaltools.gnu-tools-for-stm32.10.3-2021.10.win32_1.0.100.202210260954/tools/bin/../lib/gcc/arm-none-eabi/10.3.1/thumb/v7e-m+fp/hard\libgcc.a
LOAD c:/st/stm32cubeide_1.11.0/stm32cubeide/plugins/com.st.stm32cube.ide.mcu.externaltools.gnu-tools-for-stm32.10.3-2021.10.win32_1.0.100.202210260954/tools/bin/../lib/gcc/arm-none-eabi/10.3.1/../../../../arm-none-eabi/lib/thumb/v7e-m+fp/hard\libc_nano.a
END GROUP
START GROUP
LOAD c:/st/stm32cubeide_1.11.0/stm32cubeide/plugins/com.st.stm32cube.ide.mcu.externaltools.gnu-tools-for-stm32.10.3-2021.10.win32_1.0.100.202210260954/tools/bin/../lib/gcc/arm-none-eabi/10.3.1/thumb/v7e-m+fp/hard\libgcc.a
LOAD c:/st/stm32cubeide_1.11.0/stm32cubeide/plugins/com.st.stm32cube.ide.mcu.externaltools.gnu-tools-for-stm32.10.3-2021.10.win32_1.0.100.202210260954/tools/bin/../lib/gcc/arm-none-eabi/10.3.1/../../../../arm-none-eabi/lib/thumb/v7e-m+fp/hard\libc_nano.a
LOAD c:/st/stm32cubeide_1.11.0/stm32cubeide/plugins/com.st.stm32cube.ide.mcu.externaltools.gnu-tools-for-stm32.10.3-2021.10.win32_1.0.100.202210260954/tools/bin/../lib/gcc/arm-none-eabi/10.3.1/../../../../arm-none-eabi/lib/thumb/v7e-m+fp/hard\libnosys.a
END GROUP
START GROUP
LOAD c:/st/stm32cubeide_1.11.0/stm32cubeide/plugins/com.st.stm32cube.ide.mcu.externaltools.gnu-tools-for-stm32.10.3-2021.10.win32_1.0.100.202210260954/tools/bin/../lib/gcc/arm-none-eabi/10.3.1/thumb/v7e-m+fp/hard\libgcc.a
LOAD c:/st/stm32cubeide_1.11.0/stm32cubeide/plugins/com.st.stm32cube.ide.mcu.externaltools.gnu-tools-for-stm32.10.3-2021.10.win32_1.0.100.202210260954/tools/bin/../lib/gcc/arm-none-eabi/10.3.1/../../../../arm-none-eabi/lib/thumb/v7e-m+fp/hard\libc_nano.a
LOAD c:/st/stm32cubeide_1.11.0/stm32cubeide/plugins/com.st.stm32cube.ide.mcu.externaltools.gnu-tools-for-stm32.10.3-2021.10.win32_1.0.100.202210260954/tools/bin/../lib/gcc/arm-none-eabi/10.3.1/../../../../arm-none-eabi/lib/thumb/v7e-m+fp/hard\libnosys.a
END GROUP
LOAD c:/st/stm32cubeide_1.11.0/stm32cubeide/plugins/com.st.stm32cube.ide.mcu.externaltools.gnu-tools-for-stm32.10.3-2021.10.win32_1.0.100.202210260954/tools/bin/../lib/gcc/arm-none-eabi/10.3.1/thumb/v7e-m+fp/hard/crtend.o
LOAD c:/st/stm32cubeide_1.11.0/stm32cubeide/plugins/com.st.stm32cube.ide.mcu.externaltools.gnu-tools-for-stm32.10.3-2021.10.win32_1.0.100.202210260954/tools/bin/../lib/gcc/arm-none-eabi/10.3.1/thumb/v7e-m+fp/hard/crtn.o
                0x0000000020020000                _estack = (ORIGIN (RAM) + LENGTH (RAM))
                0x0000000000000200                _Min_Heap_Size = 0x200
                0x0000000000000400                _Min_Stack_Size = 0x400

.isr_vector     0x0000000008000000      0x198
                0x0000000008000000                . = ALIGN (0x4)
 *(.isr_vector)
 .isr_vector    0x0000000008000000      0x198 ./Core/Startup/startup_stm32f411ceux.o
                0x0000000008000000                g_pfnVectors
                0x0000000008000198                . = ALIGN (0x4)

.text           0x0000000008000198     0x4170
                0x0000000008000198                . = ALIGN (0x4)
 *(.text)
 .text          0x0000000008000198       0x40 c:/st/stm32cubeide_1.11.0/stm32cubeide/plugins/com.st.stm32cube.ide.mcu.externaltools.gnu-tools-for-stm32.10.3-2021.10.win32_1.0.100.202210260954/tools/bin/../lib/gcc/arm-none-eabi/10.3.1/thumb/v7e-m+fp/hard/crtbegin.o
 .text          0x00000000080001d8       0xc0 C:\Users\ROG\STM32CubeIDE\workspace_1.11.0\AtoDconversion_1\Drivers\CMSIS\Lib\GCC\libarm_cortexM4lf_math.a(arm_bitreversal2.o)
                0x00000000080001d8                arm_bitreversal_32
                0x0000000008000242                arm_bitreversal_16
 .text          0x0000000008000298       0x30 c:/st/stm32cubeide_1.11.0/stm32cubeide/plugins/com.st.stm32cube.ide.mcu.externaltools.gnu-tools-for-stm32.10.3-2021.10.win32_1.0.100.202210260954/tools/bin/../lib/gcc/arm-none-eabi/10.3.1/thumb/v7e-m+fp/hard\libgcc.a(_aeabi_uldivmod.o)
                0x0000000008000298                __aeabi_uldivmod
 .text          0x00000000080002c8      0x2d0 c:/st/stm32cubeide_1.11.0/stm32cubeide/plugins/com.st.stm32cube.ide.mcu.externaltools.gnu-tools-for-stm32.10.3-2021.10.win32_1.0.100.202210260954/tools/bin/../lib/gcc/arm-none-eabi/10.3.1/thumb/v7e-m+fp/hard\libgcc.a(_udivmoddi4.o)
                0x00000000080002c8                __udivmoddi4
 .text          0x0000000008000598        0x4 c:/st/stm32cubeide_1.11.0/stm32cubeide/plugins/com.st.stm32cube.ide.mcu.externaltools.gnu-tools-for-stm32.10.3-2021.10.win32_1.0.100.202210260954/tools/bin/../lib/gcc/arm-none-eabi/10.3.1/thumb/v7e-m+fp/hard\libgcc.a(_dvmd_tls.o)
                0x0000000008000598                __aeabi_idiv0
                0x0000000008000598                __aeabi_ldiv0
 *(.text*)
 .text.main     0x000000000800059c       0xa4 ./Core/Src/main.o
                0x000000000800059c                main
 .text.SystemClock_Config
                0x0000000008000640       0xd0 ./Core/Src/main.o
                0x0000000008000640                SystemClock_Config
 .text.MX_ADC1_Init
                0x0000000008000710       0xa4 ./Core/Src/main.o
 .text.MX_TIM9_Init
                0x00000000080007b4       0x84 ./Core/Src/main.o
 .text.MX_USART1_UART_Init
                0x0000000008000838       0x54 ./Core/Src/main.o
 .text.MX_GPIO_Init
                0x000000000800088c       0x34 ./Core/Src/main.o
 .text.HAL_TIM_PeriodElapsedCallback
                0x00000000080008c0       0x1c ./Core/Src/main.o
                0x00000000080008c0                HAL_TIM_PeriodElapsedCallback
 .text.HAL_ADC_ConvCpltCallback
                0x00000000080008dc       0x90 ./Core/Src/main.o
                0x00000000080008dc                HAL_ADC_ConvCpltCallback
 .text.Error_Handler
                0x000000000800096c        0xa ./Core/Src/main.o
                0x000000000800096c                Error_Handler
 *fill*         0x0000000008000976        0x2 
 .text.HAL_MspInit
                0x0000000008000978       0x50 ./Core/Src/stm32f4xx_hal_msp.o
                0x0000000008000978                HAL_MspInit
 .text.HAL_ADC_MspInit
                0x00000000080009c8       0x98 ./Core/Src/stm32f4xx_hal_msp.o
                0x00000000080009c8                HAL_ADC_MspInit
 .text.HAL_TIM_OC_MspInit
                0x0000000008000a60       0x50 ./Core/Src/stm32f4xx_hal_msp.o
                0x0000000008000a60                HAL_TIM_OC_MspInit
 .text.HAL_UART_MspInit
                0x0000000008000ab0       0x90 ./Core/Src/stm32f4xx_hal_msp.o
                0x0000000008000ab0                HAL_UART_MspInit
 .text.NMI_Handler
                0x0000000008000b40        0x6 ./Core/Src/stm32f4xx_it.o
                0x0000000008000b40                NMI_Handler
 .text.HardFault_Handler
                0x0000000008000b46        0x6 ./Core/Src/stm32f4xx_it.o
                0x0000000008000b46                HardFault_Handler
 .text.MemManage_Handler
                0x0000000008000b4c        0x6 ./Core/Src/stm32f4xx_it.o
                0x0000000008000b4c                MemManage_Handler
 .text.BusFault_Handler
                0x0000000008000b52        0x6 ./Core/Src/stm32f4xx_it.o
                0x0000000008000b52                BusFault_Handler
 .text.UsageFault_Handler
                0x0000000008000b58        0x6 ./Core/Src/stm32f4xx_it.o
                0x0000000008000b58                UsageFault_Handler
 .text.SVC_Handler
                0x0000000008000b5e        0xe ./Core/Src/stm32f4xx_it.o
                0x0000000008000b5e                SVC_Handler
 .text.DebugMon_Handler
                0x0000000008000b6c        0xe ./Core/Src/stm32f4xx_it.o
                0x0000000008000b6c                DebugMon_Handler
 .text.PendSV_Handler
                0x0000000008000b7a        0xe ./Core/Src/stm32f4xx_it.o
                0x0000000008000b7a                PendSV_Handler
 .text.SysTick_Handler
                0x0000000008000b88        0xc ./Core/Src/stm32f4xx_it.o
                0x0000000008000b88                SysTick_Handler
 .text.ADC_IRQHandler
                0x0000000008000b94       0x14 ./Core/Src/stm32f4xx_it.o
                0x0000000008000b94                ADC_IRQHandler
 .text.TIM1_BRK_TIM9_IRQHandler
                0x0000000008000ba8       0x14 ./Core/Src/stm32f4xx_it.o
                0x0000000008000ba8                TIM1_BRK_TIM9_IRQHandler
 .text.SystemInit
                0x0000000008000bbc       0x24 ./Core/Src/system_stm32f4xx.o
                0x0000000008000bbc                SystemInit
 .text.Reset_Handler
                0x0000000008000be0       0x50 ./Core/Startup/startup_stm32f411ceux.o
                0x0000000008000be0                Reset_Handler
 .text.Default_Handler
                0x0000000008000c30        0x2 ./Core/Startup/startup_stm32f411ceux.o
                0x0000000008000c30                RTC_Alarm_IRQHandler
                0x0000000008000c30                EXTI2_IRQHandler
                0x0000000008000c30                SPI4_IRQHandler
                0x0000000008000c30                TIM1_CC_IRQHandler
                0x0000000008000c30                DMA2_Stream5_IRQHandler
                0x0000000008000c30                DMA1_Stream5_IRQHandler
                0x0000000008000c30                PVD_IRQHandler
                0x0000000008000c30                SDIO_IRQHandler
                0x0000000008000c30                TAMP_STAMP_IRQHandler
                0x0000000008000c30                EXTI3_IRQHandler
                0x0000000008000c30                TIM1_UP_TIM10_IRQHandler
                0x0000000008000c30                I2C3_ER_IRQHandler
                0x0000000008000c30                EXTI0_IRQHandler
                0x0000000008000c30                I2C2_EV_IRQHandler
                0x0000000008000c30                DMA1_Stream2_IRQHandler
                0x0000000008000c30                FPU_IRQHandler
                0x0000000008000c30                DMA2_Stream2_IRQHandler
                0x0000000008000c30                SPI1_IRQHandler
                0x0000000008000c30                DMA2_Stream3_IRQHandler
                0x0000000008000c30                USART6_IRQHandler
                0x0000000008000c30                DMA2_Stream0_IRQHandler
                0x0000000008000c30                TIM4_IRQHandler
                0x0000000008000c30                I2C1_EV_IRQHandler
                0x0000000008000c30                DMA1_Stream6_IRQHandler
                0x0000000008000c30                DMA1_Stream1_IRQHandler
                0x0000000008000c30                TIM3_IRQHandler
                0x0000000008000c30                RCC_IRQHandler
                0x0000000008000c30                Default_Handler
                0x0000000008000c30                EXTI15_10_IRQHandler
                0x0000000008000c30                DMA1_Stream7_IRQHandler
                0x0000000008000c30                SPI5_IRQHandler
                0x0000000008000c30                TIM5_IRQHandler
                0x0000000008000c30                DMA2_Stream7_IRQHandler
                0x0000000008000c30                I2C3_EV_IRQHandler
                0x0000000008000c30                EXTI9_5_IRQHandler
                0x0000000008000c30                RTC_WKUP_IRQHandler
                0x0000000008000c30                SPI2_IRQHandler
                0x0000000008000c30                DMA1_Stream0_IRQHandler
                0x0000000008000c30                EXTI4_IRQHandler
                0x0000000008000c30                WWDG_IRQHandler
                0x0000000008000c30                TIM2_IRQHandler
                0x0000000008000c30                OTG_FS_WKUP_IRQHandler
                0x0000000008000c30                TIM1_TRG_COM_TIM11_IRQHandler
                0x0000000008000c30                EXTI1_IRQHandler
                0x0000000008000c30                USART2_IRQHandler
                0x0000000008000c30                I2C2_ER_IRQHandler
                0x0000000008000c30                DMA2_Stream1_IRQHandler
                0x0000000008000c30                FLASH_IRQHandler
                0x0000000008000c30                DMA2_Stream4_IRQHandler
                0x0000000008000c30                USART1_IRQHandler
                0x0000000008000c30                OTG_FS_IRQHandler
                0x0000000008000c30                SPI3_IRQHandler
                0x0000000008000c30                DMA1_Stream4_IRQHandler
                0x0000000008000c30                I2C1_ER_IRQHandler
                0x0000000008000c30                DMA2_Stream6_IRQHandler
                0x0000000008000c30                DMA1_Stream3_IRQHandler
 *fill*         0x0000000008000c32        0x2 
 .text.HAL_Init
                0x0000000008000c34       0x44 ./Drivers/STM32F4xx_HAL_Driver/Src/stm32f4xx_hal.o
                0x0000000008000c34                HAL_Init
 .text.HAL_InitTick
                0x0000000008000c78       0x60 ./Drivers/STM32F4xx_HAL_Driver/Src/stm32f4xx_hal.o
                0x0000000008000c78                HAL_InitTick
 .text.HAL_IncTick
                0x0000000008000cd8       0x28 ./Drivers/STM32F4xx_HAL_Driver/Src/stm32f4xx_hal.o
                0x0000000008000cd8                HAL_IncTick
 .text.HAL_GetTick
                0x0000000008000d00       0x18 ./Drivers/STM32F4xx_HAL_Driver/Src/stm32f4xx_hal.o
                0x0000000008000d00                HAL_GetTick
 .text.HAL_ADC_Init
                0x0000000008000d18       0x86 ./Drivers/STM32F4xx_HAL_Driver/Src/stm32f4xx_hal_adc.o
                0x0000000008000d18                HAL_ADC_Init
 *fill*         0x0000000008000d9e        0x2 
 .text.HAL_ADC_Start_IT
                0x0000000008000da0      0x17c ./Drivers/STM32F4xx_HAL_Driver/Src/stm32f4xx_hal_adc.o
                0x0000000008000da0                HAL_ADC_Start_IT
 .text.HAL_ADC_IRQHandler
                0x0000000008000f1c      0x220 ./Drivers/STM32F4xx_HAL_Driver/Src/stm32f4xx_hal_adc.o
                0x0000000008000f1c                HAL_ADC_IRQHandler
 .text.HAL_ADC_GetValue
                0x000000000800113c       0x1a ./Drivers/STM32F4xx_HAL_Driver/Src/stm32f4xx_hal_adc.o
                0x000000000800113c                HAL_ADC_GetValue
 .text.HAL_ADC_LevelOutOfWindowCallback
                0x0000000008001156       0x14 ./Drivers/STM32F4xx_HAL_Driver/Src/stm32f4xx_hal_adc.o
                0x0000000008001156                HAL_ADC_LevelOutOfWindowCallback
 .text.HAL_ADC_ErrorCallback
                0x000000000800116a       0x14 ./Drivers/STM32F4xx_HAL_Driver/Src/stm32f4xx_hal_adc.o
                0x000000000800116a                HAL_ADC_ErrorCallback
 *fill*         0x000000000800117e        0x2 
 .text.HAL_ADC_ConfigChannel
                0x0000000008001180      0x264 ./Drivers/STM32F4xx_HAL_Driver/Src/stm32f4xx_hal_adc.o
                0x0000000008001180                HAL_ADC_ConfigChannel
 .text.ADC_Init
                0x00000000080013e4      0x1f8 ./Drivers/STM32F4xx_HAL_Driver/Src/stm32f4xx_hal_adc.o
 .text.HAL_ADCEx_InjectedConvCpltCallback
                0x00000000080015dc       0x14 ./Drivers/STM32F4xx_HAL_Driver/Src/stm32f4xx_hal_adc_ex.o
                0x00000000080015dc                HAL_ADCEx_InjectedConvCpltCallback
 .text.__NVIC_SetPriorityGrouping
                0x00000000080015f0       0x48 ./Drivers/STM32F4xx_HAL_Driver/Src/stm32f4xx_hal_cortex.o
 .text.__NVIC_GetPriorityGrouping
                0x0000000008001638       0x1c ./Drivers/STM32F4xx_HAL_Driver/Src/stm32f4xx_hal_cortex.o
 .text.__NVIC_EnableIRQ
                0x0000000008001654       0x3c ./Drivers/STM32F4xx_HAL_Driver/Src/stm32f4xx_hal_cortex.o
 .text.__NVIC_SetPriority
                0x0000000008001690       0x54 ./Drivers/STM32F4xx_HAL_Driver/Src/stm32f4xx_hal_cortex.o
 .text.NVIC_EncodePriority
                0x00000000080016e4       0x66 ./Drivers/STM32F4xx_HAL_Driver/Src/stm32f4xx_hal_cortex.o
 *fill*         0x000000000800174a        0x2 
 .text.SysTick_Config
                0x000000000800174c       0x44 ./Drivers/STM32F4xx_HAL_Driver/Src/stm32f4xx_hal_cortex.o
 .text.HAL_NVIC_SetPriorityGrouping
                0x0000000008001790       0x16 ./Drivers/STM32F4xx_HAL_Driver/Src/stm32f4xx_hal_cortex.o
                0x0000000008001790                HAL_NVIC_SetPriorityGrouping
 .text.HAL_NVIC_SetPriority
                0x00000000080017a6       0x38 ./Drivers/STM32F4xx_HAL_Driver/Src/stm32f4xx_hal_cortex.o
                0x00000000080017a6                HAL_NVIC_SetPriority
 .text.HAL_NVIC_EnableIRQ
                0x00000000080017de       0x1c ./Drivers/STM32F4xx_HAL_Driver/Src/stm32f4xx_hal_cortex.o
                0x00000000080017de                HAL_NVIC_EnableIRQ
 .text.HAL_SYSTICK_Config
                0x00000000080017fa       0x18 ./Drivers/STM32F4xx_HAL_Driver/Src/stm32f4xx_hal_cortex.o
                0x00000000080017fa                HAL_SYSTICK_Config
 *fill*         0x0000000008001812        0x2 
 .text.HAL_GPIO_Init
                0x0000000008001814      0x308 ./Drivers/STM32F4xx_HAL_Driver/Src/stm32f4xx_hal_gpio.o
                0x0000000008001814                HAL_GPIO_Init
 .text.HAL_RCC_OscConfig
                0x0000000008001b1c      0x4f0 ./Drivers/STM32F4xx_HAL_Driver/Src/stm32f4xx_hal_rcc.o
                0x0000000008001b1c                HAL_RCC_OscConfig
 .text.HAL_RCC_ClockConfig
                0x000000000800200c      0x1cc ./Drivers/STM32F4xx_HAL_Driver/Src/stm32f4xx_hal_rcc.o
                0x000000000800200c                HAL_RCC_ClockConfig
 .text.HAL_RCC_GetSysClockFreq
                0x00000000080021d8      0x18c ./Drivers/STM32F4xx_HAL_Driver/Src/stm32f4xx_hal_rcc.o
                0x00000000080021d8                HAL_RCC_GetSysClockFreq
 .text.HAL_RCC_GetHCLKFreq
                0x0000000008002364       0x18 ./Drivers/STM32F4xx_HAL_Driver/Src/stm32f4xx_hal_rcc.o
                0x0000000008002364                HAL_RCC_GetHCLKFreq
 .text.HAL_RCC_GetPCLK1Freq
                0x000000000800237c       0x28 ./Drivers/STM32F4xx_HAL_Driver/Src/stm32f4xx_hal_rcc.o
                0x000000000800237c                HAL_RCC_GetPCLK1Freq
 .text.HAL_RCC_GetPCLK2Freq
                0x00000000080023a4       0x28 ./Drivers/STM32F4xx_HAL_Driver/Src/stm32f4xx_hal_rcc.o
                0x00000000080023a4                HAL_RCC_GetPCLK2Freq
 .text.HAL_TIM_Base_Start_IT
                0x00000000080023cc       0xc4 ./Drivers/STM32F4xx_HAL_Driver/Src/stm32f4xx_hal_tim.o
                0x00000000080023cc                HAL_TIM_Base_Start_IT
 .text.HAL_TIM_OC_Init
                0x0000000008002490       0x9e ./Drivers/STM32F4xx_HAL_Driver/Src/stm32f4xx_hal_tim.o
                0x0000000008002490                HAL_TIM_OC_Init
 .text.HAL_TIM_IRQHandler
                0x000000000800252e      0x210 ./Drivers/STM32F4xx_HAL_Driver/Src/stm32f4xx_hal_tim.o
                0x000000000800252e                HAL_TIM_IRQHandler
 *fill*         0x000000000800273e        0x2 
 .text.HAL_TIM_OC_ConfigChannel
                0x0000000008002740       0xb8 ./Drivers/STM32F4xx_HAL_Driver/Src/stm32f4xx_hal_tim.o
                0x0000000008002740                HAL_TIM_OC_ConfigChannel
 .text.HAL_TIM_OC_DelayElapsedCallback
                0x00000000080027f8       0x14 ./Drivers/STM32F4xx_HAL_Driver/Src/stm32f4xx_hal_tim.o
                0x00000000080027f8                HAL_TIM_OC_DelayElapsedCallback
 .text.HAL_TIM_IC_CaptureCallback
                0x000000000800280c       0x14 ./Drivers/STM32F4xx_HAL_Driver/Src/stm32f4xx_hal_tim.o
                0x000000000800280c                HAL_TIM_IC_CaptureCallback
 .text.HAL_TIM_PWM_PulseFinishedCallback
                0x0000000008002820       0x14 ./Drivers/STM32F4xx_HAL_Driver/Src/stm32f4xx_hal_tim.o
                0x0000000008002820                HAL_TIM_PWM_PulseFinishedCallback
 .text.HAL_TIM_TriggerCallback
                0x0000000008002834       0x14 ./Drivers/STM32F4xx_HAL_Driver/Src/stm32f4xx_hal_tim.o
                0x0000000008002834                HAL_TIM_TriggerCallback
 .text.TIM_Base_SetConfig
                0x0000000008002848      0x100 ./Drivers/STM32F4xx_HAL_Driver/Src/stm32f4xx_hal_tim.o
                0x0000000008002848                TIM_Base_SetConfig
 .text.TIM_OC1_SetConfig
                0x0000000008002948       0xcc ./Drivers/STM32F4xx_HAL_Driver/Src/stm32f4xx_hal_tim.o
 .text.TIM_OC2_SetConfig
                0x0000000008002a14       0xd8 ./Drivers/STM32F4xx_HAL_Driver/Src/stm32f4xx_hal_tim.o
                0x0000000008002a14                TIM_OC2_SetConfig
 .text.TIM_OC3_SetConfig
                0x0000000008002aec       0xd4 ./Drivers/STM32F4xx_HAL_Driver/Src/stm32f4xx_hal_tim.o
 .text.TIM_OC4_SetConfig
                0x0000000008002bc0       0xa0 ./Drivers/STM32F4xx_HAL_Driver/Src/stm32f4xx_hal_tim.o
 .text.HAL_TIMEx_CommutCallback
                0x0000000008002c60       0x14 ./Drivers/STM32F4xx_HAL_Driver/Src/stm32f4xx_hal_tim_ex.o
                0x0000000008002c60                HAL_TIMEx_CommutCallback
 .text.HAL_TIMEx_BreakCallback
                0x0000000008002c74       0x14 ./Drivers/STM32F4xx_HAL_Driver/Src/stm32f4xx_hal_tim_ex.o
                0x0000000008002c74                HAL_TIMEx_BreakCallback
 .text.HAL_UART_Init
                0x0000000008002c88       0x9a ./Drivers/STM32F4xx_HAL_Driver/Src/stm32f4xx_hal_uart.o
                0x0000000008002c88                HAL_UART_Init
 *fill*         0x0000000008002d22        0x2 
 .text.UART_SetConfig
                0x0000000008002d24      0x4e8 ./Drivers/STM32F4xx_HAL_Driver/Src/stm32f4xx_hal_uart.o
 .text.arm_rfft_fast_init_f32
                0x000000000800320c      0x104 C:\Users\ROG\STM32CubeIDE\workspace_1.11.0\AtoDconversion_1\Drivers\CMSIS\Lib\GCC\libarm_cortexM4lf_math.a(arm_rfft_fast_init_f32.o)
                0x000000000800320c                arm_rfft_fast_init_f32
 .text.arm_rfft_fast_f32
                0x0000000008003310      0x188 C:\Users\ROG\STM32CubeIDE\workspace_1.11.0\AtoDconversion_1\Drivers\CMSIS\Lib\GCC\libarm_cortexM4lf_math.a(arm_rfft_fast_f32.o)
                0x0000000008003310                arm_rfft_fast_f32
 .text.arm_cfft_radix8by2_f32
                0x0000000008003498      0x1a0 C:\Users\ROG\STM32CubeIDE\workspace_1.11.0\AtoDconversion_1\Drivers\CMSIS\Lib\GCC\libarm_cortexM4lf_math.a(arm_cfft_f32.o)
                0x0000000008003498                arm_cfft_radix8by2_f32
 .text.arm_cfft_radix8by4_f32
                0x0000000008003638      0x4bc C:\Users\ROG\STM32CubeIDE\workspace_1.11.0\AtoDconversion_1\Drivers\CMSIS\Lib\GCC\libarm_cortexM4lf_math.a(arm_cfft_f32.o)
                0x0000000008003638                arm_cfft_radix8by4_f32
 .text.arm_cfft_f32
                0x0000000008003af4       0xf4 C:\Users\ROG\STM32CubeIDE\workspace_1.11.0\AtoDconversion_1\Drivers\CMSIS\Lib\GCC\libarm_cortexM4lf_math.a(arm_cfft_f32.o)
                0x0000000008003af4                arm_cfft_f32
 .text.arm_cmplx_mag_squared_f32
                0x0000000008003be8       0xb0 C:\Users\ROG\STM32CubeIDE\workspace_1.11.0\AtoDconversion_1\Drivers\CMSIS\Lib\GCC\libarm_cortexM4lf_math.a(arm_cmplx_mag_squared_f32.o)
                0x0000000008003be8                arm_cmplx_mag_squared_f32
 .text.arm_radix8_butterfly_f32
                0x0000000008003c98      0x5e4 C:\Users\ROG\STM32CubeIDE\workspace_1.11.0\AtoDconversion_1\Drivers\CMSIS\Lib\GCC\libarm_cortexM4lf_math.a(arm_cfft_radix8_f32.o)
                0x0000000008003c98                arm_radix8_butterfly_f32
 .text.__libc_init_array
                0x000000000800427c       0x48 c:/st/stm32cubeide_1.11.0/stm32cubeide/plugins/com.st.stm32cube.ide.mcu.externaltools.gnu-tools-for-stm32.10.3-2021.10.win32_1.0.100.202210260954/tools/bin/../lib/gcc/arm-none-eabi/10.3.1/../../../../arm-none-eabi/lib/thumb/v7e-m+fp/hard\libc_nano.a(lib_a-init.o)
                0x000000000800427c                __libc_init_array
 .text.memcpy   0x00000000080042c4       0x1c c:/st/stm32cubeide_1.11.0/stm32cubeide/plugins/com.st.stm32cube.ide.mcu.externaltools.gnu-tools-for-stm32.10.3-2021.10.win32_1.0.100.202210260954/tools/bin/../lib/gcc/arm-none-eabi/10.3.1/../../../../arm-none-eabi/lib/thumb/v7e-m+fp/hard\libc_nano.a(lib_a-memcpy-stub.o)
                0x00000000080042c4                memcpy
 .text.memset   0x00000000080042e0       0x10 c:/st/stm32cubeide_1.11.0/stm32cubeide/plugins/com.st.stm32cube.ide.mcu.externaltools.gnu-tools-for-stm32.10.3-2021.10.win32_1.0.100.202210260954/tools/bin/../lib/gcc/arm-none-eabi/10.3.1/../../../../arm-none-eabi/lib/thumb/v7e-m+fp/hard\libc_nano.a(lib_a-memset.o)
                0x00000000080042e0                memset
 *(.glue_7)
 .glue_7        0x00000000080042f0        0x0 linker stubs
 *(.glue_7t)
 .glue_7t       0x00000000080042f0        0x0 linker stubs
 *(.eh_frame)
 .eh_frame      0x00000000080042f0        0x0 c:/st/stm32cubeide_1.11.0/stm32cubeide/plugins/com.st.stm32cube.ide.mcu.externaltools.gnu-tools-for-stm32.10.3-2021.10.win32_1.0.100.202210260954/tools/bin/../lib/gcc/arm-none-eabi/10.3.1/thumb/v7e-m+fp/hard/crtbegin.o
 *(.init)
 .init          0x00000000080042f0        0x4 c:/st/stm32cubeide_1.11.0/stm32cubeide/plugins/com.st.stm32cube.ide.mcu.externaltools.gnu-tools-for-stm32.10.3-2021.10.win32_1.0.100.202210260954/tools/bin/../lib/gcc/arm-none-eabi/10.3.1/thumb/v7e-m+fp/hard/crti.o
                0x00000000080042f0                _init
 .init          0x00000000080042f4        0x8 c:/st/stm32cubeide_1.11.0/stm32cubeide/plugins/com.st.stm32cube.ide.mcu.externaltools.gnu-tools-for-stm32.10.3-2021.10.win32_1.0.100.202210260954/tools/bin/../lib/gcc/arm-none-eabi/10.3.1/thumb/v7e-m+fp/hard/crtn.o
 *(.fini)
 .fini          0x00000000080042fc        0x4 c:/st/stm32cubeide_1.11.0/stm32cubeide/plugins/com.st.stm32cube.ide.mcu.externaltools.gnu-tools-for-stm32.10.3-2021.10.win32_1.0.100.202210260954/tools/bin/../lib/gcc/arm-none-eabi/10.3.1/thumb/v7e-m+fp/hard/crti.o
                0x00000000080042fc                _fini
 .fini          0x0000000008004300        0x8 c:/st/stm32cubeide_1.11.0/stm32cubeide/plugins/com.st.stm32cube.ide.mcu.externaltools.gnu-tools-for-stm32.10.3-2021.10.win32_1.0.100.202210260954/tools/bin/../lib/gcc/arm-none-eabi/10.3.1/thumb/v7e-m+fp/hard/crtn.o
                0x0000000008004308                . = ALIGN (0x4)
                0x0000000008004308                _etext = .

.vfp11_veneer   0x0000000008004308        0x0
 .vfp11_veneer  0x0000000008004308        0x0 linker stubs

.v4_bx          0x0000000008004308        0x0
 .v4_bx         0x0000000008004308        0x0 linker stubs

.iplt           0x0000000008004308        0x0
 .iplt          0x0000000008004308        0x0 c:/st/stm32cubeide_1.11.0/stm32cubeide/plugins/com.st.stm32cube.ide.mcu.externaltools.gnu-tools-for-stm32.10.3-2021.10.win32_1.0.100.202210260954/tools/bin/../lib/gcc/arm-none-eabi/10.3.1/thumb/v7e-m+fp/hard/crtbegin.o

.rodata         0x0000000008004308    0x13470
                0x0000000008004308                . = ALIGN (0x4)
 *(.rodata)
 *(.rodata*)
 .rodata.AHBPrescTable
                0x0000000008004308       0x10 ./Core/Src/system_stm32f4xx.o
                0x0000000008004308                AHBPrescTable
 .rodata.APBPrescTable
                0x0000000008004318        0x8 ./Core/Src/system_stm32f4xx.o
                0x0000000008004318                APBPrescTable
 .rodata.twiddleCoef_2048
                0x0000000008004320     0x4000 C:\Users\ROG\STM32CubeIDE\workspace_1.11.0\AtoDconversion_1\Drivers\CMSIS\Lib\GCC\libarm_cortexM4lf_math.a(arm_common_tables.o)
                0x0000000008004320                twiddleCoef_2048
 .rodata.twiddleCoef_rfft_64
                0x0000000008008320      0x100 C:\Users\ROG\STM32CubeIDE\workspace_1.11.0\AtoDconversion_1\Drivers\CMSIS\Lib\GCC\libarm_cortexM4lf_math.a(arm_common_tables.o)
                0x0000000008008320                twiddleCoef_rfft_64
 .rodata.armBitRevIndexTable64
                0x0000000008008420       0x70 C:\Users\ROG\STM32CubeIDE\workspace_1.11.0\AtoDconversion_1\Drivers\CMSIS\Lib\GCC\libarm_cortexM4lf_math.a(arm_common_tables.o)
                0x0000000008008420                armBitRevIndexTable64
 .rodata.twiddleCoef_rfft_2048
                0x0000000008008490     0x2000 C:\Users\ROG\STM32CubeIDE\workspace_1.11.0\AtoDconversion_1\Drivers\CMSIS\Lib\GCC\libarm_cortexM4lf_math.a(arm_common_tables.o)
                0x0000000008008490                twiddleCoef_rfft_2048
 .rodata.twiddleCoef_rfft_4096
                0x000000000800a490     0x4000 C:\Users\ROG\STM32CubeIDE\workspace_1.11.0\AtoDconversion_1\Drivers\CMSIS\Lib\GCC\libarm_cortexM4lf_math.a(arm_common_tables.o)
                0x000000000800a490                twiddleCoef_rfft_4096
 .rodata.twiddleCoef_256
                0x000000000800e490      0x800 C:\Users\ROG\STM32CubeIDE\workspace_1.11.0\AtoDconversion_1\Drivers\CMSIS\Lib\GCC\libarm_cortexM4lf_math.a(arm_common_tables.o)
                0x000000000800e490                twiddleCoef_256
 .rodata.twiddleCoef_16
                0x000000000800ec90       0x80 C:\Users\ROG\STM32CubeIDE\workspace_1.11.0\AtoDconversion_1\Drivers\CMSIS\Lib\GCC\libarm_cortexM4lf_math.a(arm_common_tables.o)
                0x000000000800ec90                twiddleCoef_16
 .rodata.twiddleCoef_1024
                0x000000000800ed10     0x2000 C:\Users\ROG\STM32CubeIDE\workspace_1.11.0\AtoDconversion_1\Drivers\CMSIS\Lib\GCC\libarm_cortexM4lf_math.a(arm_common_tables.o)
                0x000000000800ed10                twiddleCoef_1024
 .rodata.twiddleCoef_32
                0x0000000008010d10      0x100 C:\Users\ROG\STM32CubeIDE\workspace_1.11.0\AtoDconversion_1\Drivers\CMSIS\Lib\GCC\libarm_cortexM4lf_math.a(arm_common_tables.o)
                0x0000000008010d10                twiddleCoef_32
 .rodata.armBitRevIndexTable1024
                0x0000000008010e10      0xe10 C:\Users\ROG\STM32CubeIDE\workspace_1.11.0\AtoDconversion_1\Drivers\CMSIS\Lib\GCC\libarm_cortexM4lf_math.a(arm_common_tables.o)
                0x0000000008010e10                armBitRevIndexTable1024
 .rodata.armBitRevIndexTable16
                0x0000000008011c20       0x28 C:\Users\ROG\STM32CubeIDE\workspace_1.11.0\AtoDconversion_1\Drivers\CMSIS\Lib\GCC\libarm_cortexM4lf_math.a(arm_common_tables.o)
                0x0000000008011c20                armBitRevIndexTable16
 .rodata.twiddleCoef_rfft_32
                0x0000000008011c48       0x80 C:\Users\ROG\STM32CubeIDE\workspace_1.11.0\AtoDconversion_1\Drivers\CMSIS\Lib\GCC\libarm_cortexM4lf_math.a(arm_common_tables.o)
                0x0000000008011c48                twiddleCoef_rfft_32
 .rodata.armBitRevIndexTable32
                0x0000000008011cc8       0x60 C:\Users\ROG\STM32CubeIDE\workspace_1.11.0\AtoDconversion_1\Drivers\CMSIS\Lib\GCC\libarm_cortexM4lf_math.a(arm_common_tables.o)
                0x0000000008011cc8                armBitRevIndexTable32
 .rodata.twiddleCoef_128
                0x0000000008011d28      0x400 C:\Users\ROG\STM32CubeIDE\workspace_1.11.0\AtoDconversion_1\Drivers\CMSIS\Lib\GCC\libarm_cortexM4lf_math.a(arm_common_tables.o)
                0x0000000008011d28                twiddleCoef_128
 .rodata.twiddleCoef_512
                0x0000000008012128     0x1000 C:\Users\ROG\STM32CubeIDE\workspace_1.11.0\AtoDconversion_1\Drivers\CMSIS\Lib\GCC\libarm_cortexM4lf_math.a(arm_common_tables.o)
                0x0000000008012128                twiddleCoef_512
 .rodata.armBitRevIndexTable2048
                0x0000000008013128     0x1dc0 C:\Users\ROG\STM32CubeIDE\workspace_1.11.0\AtoDconversion_1\Drivers\CMSIS\Lib\GCC\libarm_cortexM4lf_math.a(arm_common_tables.o)
                0x0000000008013128                armBitRevIndexTable2048
 .rodata.twiddleCoef_64
                0x0000000008014ee8      0x200 C:\Users\ROG\STM32CubeIDE\workspace_1.11.0\AtoDconversion_1\Drivers\CMSIS\Lib\GCC\libarm_cortexM4lf_math.a(arm_common_tables.o)
                0x0000000008014ee8                twiddleCoef_64
 .rodata.twiddleCoef_rfft_512
                0x00000000080150e8      0x800 C:\Users\ROG\STM32CubeIDE\workspace_1.11.0\AtoDconversion_1\Drivers\CMSIS\Lib\GCC\libarm_cortexM4lf_math.a(arm_common_tables.o)
                0x00000000080150e8                twiddleCoef_rfft_512
 .rodata.armBitRevIndexTable512
                0x00000000080158e8      0x380 C:\Users\ROG\STM32CubeIDE\workspace_1.11.0\AtoDconversion_1\Drivers\CMSIS\Lib\GCC\libarm_cortexM4lf_math.a(arm_common_tables.o)
                0x00000000080158e8                armBitRevIndexTable512
 .rodata.twiddleCoef_rfft_1024
                0x0000000008015c68     0x1000 C:\Users\ROG\STM32CubeIDE\workspace_1.11.0\AtoDconversion_1\Drivers\CMSIS\Lib\GCC\libarm_cortexM4lf_math.a(arm_common_tables.o)
                0x0000000008015c68                twiddleCoef_rfft_1024
 .rodata.twiddleCoef_rfft_256
                0x0000000008016c68      0x400 C:\Users\ROG\STM32CubeIDE\workspace_1.11.0\AtoDconversion_1\Drivers\CMSIS\Lib\GCC\libarm_cortexM4lf_math.a(arm_common_tables.o)
                0x0000000008016c68                twiddleCoef_rfft_256
 .rodata.armBitRevIndexTable256
                0x0000000008017068      0x370 C:\Users\ROG\STM32CubeIDE\workspace_1.11.0\AtoDconversion_1\Drivers\CMSIS\Lib\GCC\libarm_cortexM4lf_math.a(arm_common_tables.o)
                0x0000000008017068                armBitRevIndexTable256
 .rodata.twiddleCoef_rfft_128
                0x00000000080173d8      0x200 C:\Users\ROG\STM32CubeIDE\workspace_1.11.0\AtoDconversion_1\Drivers\CMSIS\Lib\GCC\libarm_cortexM4lf_math.a(arm_common_tables.o)
                0x00000000080173d8                twiddleCoef_rfft_128
 .rodata.armBitRevIndexTable128
                0x00000000080175d8      0x1a0 C:\Users\ROG\STM32CubeIDE\workspace_1.11.0\AtoDconversion_1\Drivers\CMSIS\Lib\GCC\libarm_cortexM4lf_math.a(arm_common_tables.o)
                0x00000000080175d8                armBitRevIndexTable128
                0x0000000008017778                . = ALIGN (0x4)

.ARM.extab      0x0000000008017778        0x0
                0x0000000008017778                . = ALIGN (0x4)
 *(.ARM.extab* .gnu.linkonce.armextab.*)
                0x0000000008017778                . = ALIGN (0x4)

.ARM            0x0000000008017778        0x8
                0x0000000008017778                . = ALIGN (0x4)
                0x0000000008017778                __exidx_start = .
 *(.ARM.exidx*)
 .ARM.exidx     0x0000000008017778        0x8 c:/st/stm32cubeide_1.11.0/stm32cubeide/plugins/com.st.stm32cube.ide.mcu.externaltools.gnu-tools-for-stm32.10.3-2021.10.win32_1.0.100.202210260954/tools/bin/../lib/gcc/arm-none-eabi/10.3.1/thumb/v7e-m+fp/hard\libgcc.a(_udivmoddi4.o)
                0x0000000008017780                __exidx_end = .
                0x0000000008017780                . = ALIGN (0x4)

.rel.dyn        0x0000000008017780        0x0
 .rel.iplt      0x0000000008017780        0x0 c:/st/stm32cubeide_1.11.0/stm32cubeide/plugins/com.st.stm32cube.ide.mcu.externaltools.gnu-tools-for-stm32.10.3-2021.10.win32_1.0.100.202210260954/tools/bin/../lib/gcc/arm-none-eabi/10.3.1/thumb/v7e-m+fp/hard/crtbegin.o

.preinit_array  0x0000000008017780        0x0
                0x0000000008017780                . = ALIGN (0x4)
                0x0000000008017780                PROVIDE (__preinit_array_start = .)
 *(.preinit_array*)
                0x0000000008017780                PROVIDE (__preinit_array_end = .)
                0x0000000008017780                . = ALIGN (0x4)

.init_array     0x0000000008017780        0x4
                0x0000000008017780                . = ALIGN (0x4)
                0x0000000008017780                PROVIDE (__init_array_start = .)
 *(SORT_BY_NAME(.init_array.*))
 *(.init_array*)
 .init_array    0x0000000008017780        0x4 c:/st/stm32cubeide_1.11.0/stm32cubeide/plugins/com.st.stm32cube.ide.mcu.externaltools.gnu-tools-for-stm32.10.3-2021.10.win32_1.0.100.202210260954/tools/bin/../lib/gcc/arm-none-eabi/10.3.1/thumb/v7e-m+fp/hard/crtbegin.o
                0x0000000008017784                PROVIDE (__init_array_end = .)
                0x0000000008017784                . = ALIGN (0x4)

.fini_array     0x0000000008017784        0x4
                0x0000000008017784                . = ALIGN (0x4)
                [!provide]                        PROVIDE (__fini_array_start = .)
 *(SORT_BY_NAME(.fini_array.*))
 *(.fini_array*)
 .fini_array    0x0000000008017784        0x4 c:/st/stm32cubeide_1.11.0/stm32cubeide/plugins/com.st.stm32cube.ide.mcu.externaltools.gnu-tools-for-stm32.10.3-2021.10.win32_1.0.100.202210260954/tools/bin/../lib/gcc/arm-none-eabi/10.3.1/thumb/v7e-m+fp/hard/crtbegin.o
                [!provide]                        PROVIDE (__fini_array_end = .)
                0x0000000008017788                . = ALIGN (0x4)
                0x0000000008017788                _sidata = LOADADDR (.data)

.data           0x0000000020000000        0xc load address 0x0000000008017788
                0x0000000020000000                . = ALIGN (0x4)
                0x0000000020000000                _sdata = .
 *(.data)
 *(.data*)
 .data.SystemCoreClock
                0x0000000020000000        0x4 ./Core/Src/system_stm32f4xx.o
                0x0000000020000000                SystemCoreClock
 .data.uwTickPrio
                0x0000000020000004        0x4 ./Drivers/STM32F4xx_HAL_Driver/Src/stm32f4xx_hal.o
                0x0000000020000004                uwTickPrio
 .data.uwTickFreq
                0x0000000020000008        0x1 ./Drivers/STM32F4xx_HAL_Driver/Src/stm32f4xx_hal.o
                0x0000000020000008                uwTickFreq
 *(.RamFunc)
 *(.RamFunc*)
                0x000000002000000c                . = ALIGN (0x4)
 *fill*         0x0000000020000009        0x3 
                0x000000002000000c                _edata = .

.igot.plt       0x000000002000000c        0x0 load address 0x0000000008017794
 .igot.plt      0x000000002000000c        0x0 c:/st/stm32cubeide_1.11.0/stm32cubeide/plugins/com.st.stm32cube.ide.mcu.externaltools.gnu-tools-for-stm32.10.3-2021.10.win32_1.0.100.202210260954/tools/bin/../lib/gcc/arm-none-eabi/10.3.1/thumb/v7e-m+fp/hard/crtbegin.o
                0x000000002000000c                . = ALIGN (0x4)

.bss            0x000000002000000c      0x164 load address 0x0000000008017794
                0x000000002000000c                _sbss = .
                0x000000002000000c                __bss_start__ = _sbss
 *(.bss)
 .bss           0x000000002000000c       0x1c c:/st/stm32cubeide_1.11.0/stm32cubeide/plugins/com.st.stm32cube.ide.mcu.externaltools.gnu-tools-for-stm32.10.3-2021.10.win32_1.0.100.202210260954/tools/bin/../lib/gcc/arm-none-eabi/10.3.1/thumb/v7e-m+fp/hard/crtbegin.o
 *(.bss*)
 .bss.buf_in    0x0000000020000028       0x20 ./Core/Src/main.o
                0x0000000020000028                buf_in
 .bss.fft_buf   0x0000000020000048       0x10 ./Core/Src/main.o
                0x0000000020000048                fft_buf
 .bss.fft_buf_out
                0x0000000020000058       0x10 ./Core/Src/main.o
                0x0000000020000058                fft_buf_out
 .bss.Cmplt_Buf
                0x0000000020000068       0x10 ./Core/Src/main.o
                0x0000000020000068                Cmplt_Buf
 .bss.rdy_Row   0x0000000020000078        0x1 ./Core/Src/main.o
                0x0000000020000078                rdy_Row
 *fill*         0x0000000020000079        0x1 
 .bss.i         0x000000002000007a        0x2 ./Core/Src/main.o
                0x000000002000007a                i
 .bss.R         0x000000002000007c        0x2 ./Core/Src/main.o
                0x000000002000007c                R
 .bss.flag      0x000000002000007e        0x1 ./Core/Src/main.o
                0x000000002000007e                flag
 *fill*         0x000000002000007f        0x1 
 .bss.fft_handler
                0x0000000020000080       0x18 ./Core/Src/main.o
                0x0000000020000080                fft_handler
 .bss.hadc1     0x0000000020000098       0x48 ./Core/Src/main.o
                0x0000000020000098                hadc1
 .bss.htim9     0x00000000200000e0       0x48 ./Core/Src/main.o
                0x00000000200000e0                htim9
 .bss.huart1    0x0000000020000128       0x44 ./Core/Src/main.o
                0x0000000020000128                huart1
 .bss.uwTick    0x000000002000016c        0x4 ./Drivers/STM32F4xx_HAL_Driver/Src/stm32f4xx_hal.o
                0x000000002000016c                uwTick
 *(COMMON)
                0x0000000020000170                . = ALIGN (0x4)
                0x0000000020000170                _ebss = .
                0x0000000020000170                __bss_end__ = _ebss

._user_heap_stack
                0x0000000020000170      0x600 load address 0x0000000008017794
                0x0000000020000170                . = ALIGN (0x8)
                [!provide]                        PROVIDE (end = .)
                0x0000000020000170                PROVIDE (_end = .)
                0x0000000020000370                . = (. + _Min_Heap_Size)
 *fill*         0x0000000020000170      0x200 
                0x0000000020000770                . = (. + _Min_Stack_Size)
 *fill*         0x0000000020000370      0x400 
                0x0000000020000770                . = ALIGN (0x8)

/DISCARD/
 libc.a(*)
 libm.a(*)
 libgcc.a(*)

.ARM.attributes
                0x0000000000000000       0x30
 *(.ARM.attributes)
 .ARM.attributes
                0x0000000000000000       0x1e c:/st/stm32cubeide_1.11.0/stm32cubeide/plugins/com.st.stm32cube.ide.mcu.externaltools.gnu-tools-for-stm32.10.3-2021.10.win32_1.0.100.202210260954/tools/bin/../lib/gcc/arm-none-eabi/10.3.1/thumb/v7e-m+fp/hard/crti.o
 .ARM.attributes
                0x000000000000001e       0x34 c:/st/stm32cubeide_1.11.0/stm32cubeide/plugins/com.st.stm32cube.ide.mcu.externaltools.gnu-tools-for-stm32.10.3-2021.10.win32_1.0.100.202210260954/tools/bin/../lib/gcc/arm-none-eabi/10.3.1/thumb/v7e-m+fp/hard/crtbegin.o
 .ARM.attributes
                0x0000000000000052       0x34 ./Core/Src/main.o
 .ARM.attributes
                0x0000000000000086       0x34 ./Core/Src/stm32f4xx_hal_msp.o
 .ARM.attributes
                0x00000000000000ba       0x34 ./Core/Src/stm32f4xx_it.o
 .ARM.attributes
                0x00000000000000ee       0x34 ./Core/Src/system_stm32f4xx.o
 .ARM.attributes
                0x0000000000000122       0x21 ./Core/Startup/startup_stm32f411ceux.o
 .ARM.attributes
                0x0000000000000143       0x34 ./Drivers/STM32F4xx_HAL_Driver/Src/stm32f4xx_hal.o
 .ARM.attributes
                0x0000000000000177       0x34 ./Drivers/STM32F4xx_HAL_Driver/Src/stm32f4xx_hal_adc.o
 .ARM.attributes
                0x00000000000001ab       0x34 ./Drivers/STM32F4xx_HAL_Driver/Src/stm32f4xx_hal_adc_ex.o
 .ARM.attributes
                0x00000000000001df       0x34 ./Drivers/STM32F4xx_HAL_Driver/Src/stm32f4xx_hal_cortex.o
 .ARM.attributes
                0x0000000000000213       0x34 ./Drivers/STM32F4xx_HAL_Driver/Src/stm32f4xx_hal_gpio.o
 .ARM.attributes
                0x0000000000000247       0x34 ./Drivers/STM32F4xx_HAL_Driver/Src/stm32f4xx_hal_rcc.o
 .ARM.attributes
                0x000000000000027b       0x34 ./Drivers/STM32F4xx_HAL_Driver/Src/stm32f4xx_hal_tim.o
 .ARM.attributes
                0x00000000000002af       0x34 ./Drivers/STM32F4xx_HAL_Driver/Src/stm32f4xx_hal_tim_ex.o
 .ARM.attributes
                0x00000000000002e3       0x34 ./Drivers/STM32F4xx_HAL_Driver/Src/stm32f4xx_hal_uart.o
 .ARM.attributes
                0x0000000000000317       0x39 C:\Users\ROG\STM32CubeIDE\workspace_1.11.0\AtoDconversion_1\Drivers\CMSIS\Lib\GCC\libarm_cortexM4lf_math.a(arm_rfft_fast_init_f32.o)
 .ARM.attributes
                0x0000000000000350       0x39 C:\Users\ROG\STM32CubeIDE\workspace_1.11.0\AtoDconversion_1\Drivers\CMSIS\Lib\GCC\libarm_cortexM4lf_math.a(arm_rfft_fast_f32.o)
 .ARM.attributes
                0x0000000000000389       0x39 C:\Users\ROG\STM32CubeIDE\workspace_1.11.0\AtoDconversion_1\Drivers\CMSIS\Lib\GCC\libarm_cortexM4lf_math.a(arm_cfft_f32.o)
 .ARM.attributes
                0x00000000000003c2       0x39 C:\Users\ROG\STM32CubeIDE\workspace_1.11.0\AtoDconversion_1\Drivers\CMSIS\Lib\GCC\libarm_cortexM4lf_math.a(arm_cmplx_mag_squared_f32.o)
 .ARM.attributes
                0x00000000000003fb       0x39 C:\Users\ROG\STM32CubeIDE\workspace_1.11.0\AtoDconversion_1\Drivers\CMSIS\Lib\GCC\libarm_cortexM4lf_math.a(arm_common_tables.o)
 .ARM.attributes
                0x0000000000000434       0x25 C:\Users\ROG\STM32CubeIDE\workspace_1.11.0\AtoDconversion_1\Drivers\CMSIS\Lib\GCC\libarm_cortexM4lf_math.a(arm_bitreversal2.o)
 .ARM.attributes
                0x0000000000000459       0x39 C:\Users\ROG\STM32CubeIDE\workspace_1.11.0\AtoDconversion_1\Drivers\CMSIS\Lib\GCC\libarm_cortexM4lf_math.a(arm_cfft_radix8_f32.o)
 .ARM.attributes
                0x0000000000000492       0x34 c:/st/stm32cubeide_1.11.0/stm32cubeide/plugins/com.st.stm32cube.ide.mcu.externaltools.gnu-tools-for-stm32.10.3-2021.10.win32_1.0.100.202210260954/tools/bin/../lib/gcc/arm-none-eabi/10.3.1/../../../../arm-none-eabi/lib/thumb/v7e-m+fp/hard\libc_nano.a(lib_a-init.o)
 .ARM.attributes
                0x00000000000004c6       0x34 c:/st/stm32cubeide_1.11.0/stm32cubeide/plugins/com.st.stm32cube.ide.mcu.externaltools.gnu-tools-for-stm32.10.3-2021.10.win32_1.0.100.202210260954/tools/bin/../lib/gcc/arm-none-eabi/10.3.1/../../../../arm-none-eabi/lib/thumb/v7e-m+fp/hard\libc_nano.a(lib_a-memcpy-stub.o)
 .ARM.attributes
                0x00000000000004fa       0x34 c:/st/stm32cubeide_1.11.0/stm32cubeide/plugins/com.st.stm32cube.ide.mcu.externaltools.gnu-tools-for-stm32.10.3-2021.10.win32_1.0.100.202210260954/tools/bin/../lib/gcc/arm-none-eabi/10.3.1/../../../../arm-none-eabi/lib/thumb/v7e-m+fp/hard\libc_nano.a(lib_a-memset.o)
 .ARM.attributes
                0x000000000000052e       0x1e c:/st/stm32cubeide_1.11.0/stm32cubeide/plugins/com.st.stm32cube.ide.mcu.externaltools.gnu-tools-for-stm32.10.3-2021.10.win32_1.0.100.202210260954/tools/bin/../lib/gcc/arm-none-eabi/10.3.1/thumb/v7e-m+fp/hard\libgcc.a(_aeabi_uldivmod.o)
 .ARM.attributes
                0x000000000000054c       0x34 c:/st/stm32cubeide_1.11.0/stm32cubeide/plugins/com.st.stm32cube.ide.mcu.externaltools.gnu-tools-for-stm32.10.3-2021.10.win32_1.0.100.202210260954/tools/bin/../lib/gcc/arm-none-eabi/10.3.1/thumb/v7e-m+fp/hard\libgcc.a(_udivmoddi4.o)
 .ARM.attributes
                0x0000000000000580       0x1e c:/st/stm32cubeide_1.11.0/stm32cubeide/plugins/com.st.stm32cube.ide.mcu.externaltools.gnu-tools-for-stm32.10.3-2021.10.win32_1.0.100.202210260954/tools/bin/../lib/gcc/arm-none-eabi/10.3.1/thumb/v7e-m+fp/hard\libgcc.a(_dvmd_tls.o)
 .ARM.attributes
                0x000000000000059e       0x1e c:/st/stm32cubeide_1.11.0/stm32cubeide/plugins/com.st.stm32cube.ide.mcu.externaltools.gnu-tools-for-stm32.10.3-2021.10.win32_1.0.100.202210260954/tools/bin/../lib/gcc/arm-none-eabi/10.3.1/thumb/v7e-m+fp/hard/crtn.o
OUTPUT(AtoDconversion_1.elf elf32-littlearm)
LOAD linker stubs
LOAD c:/st/stm32cubeide_1.11.0/stm32cubeide/plugins/com.st.stm32cube.ide.mcu.externaltools.gnu-tools-for-stm32.10.3-2021.10.win32_1.0.100.202210260954/tools/bin/../lib/gcc/arm-none-eabi/10.3.1/../../../../arm-none-eabi/lib/thumb/v7e-m+fp/hard\libc.a
LOAD c:/st/stm32cubeide_1.11.0/stm32cubeide/plugins/com.st.stm32cube.ide.mcu.externaltools.gnu-tools-for-stm32.10.3-2021.10.win32_1.0.100.202210260954/tools/bin/../lib/gcc/arm-none-eabi/10.3.1/../../../../arm-none-eabi/lib/thumb/v7e-m+fp/hard\libm.a
LOAD c:/st/stm32cubeide_1.11.0/stm32cubeide/plugins/com.st.stm32cube.ide.mcu.externaltools.gnu-tools-for-stm32.10.3-2021.10.win32_1.0.100.202210260954/tools/bin/../lib/gcc/arm-none-eabi/10.3.1/thumb/v7e-m+fp/hard\libgcc.a

.debug_info     0x0000000000000000    0x10db5
 .debug_info    0x0000000000000000     0x151a ./Core/Src/main.o
 .debug_info    0x000000000000151a     0x1221 ./Core/Src/stm32f4xx_hal_msp.o
 .debug_info    0x000000000000273b      0x9cd ./Core/Src/stm32f4xx_it.o
 .debug_info    0x0000000000003108      0x54f ./Core/Src/system_stm32f4xx.o
 .debug_info    0x0000000000003657       0x22 ./Core/Startup/startup_stm32f411ceux.o
 .debug_info    0x0000000000003679      0x90d ./Drivers/STM32F4xx_HAL_Driver/Src/stm32f4xx_hal.o
 .debug_info    0x0000000000003f86      0xd68 ./Drivers/STM32F4xx_HAL_Driver/Src/stm32f4xx_hal_adc.o
 .debug_info    0x0000000000004cee      0xbd4 ./Drivers/STM32F4xx_HAL_Driver/Src/stm32f4xx_hal_adc_ex.o
 .debug_info    0x00000000000058c2      0xd8b ./Drivers/STM32F4xx_HAL_Driver/Src/stm32f4xx_hal_cortex.o
 .debug_info    0x000000000000664d      0x78e ./Drivers/STM32F4xx_HAL_Driver/Src/stm32f4xx_hal_gpio.o
 .debug_info    0x0000000000006ddb      0x98d ./Drivers/STM32F4xx_HAL_Driver/Src/stm32f4xx_hal_rcc.o
 .debug_info    0x0000000000007768     0x2bb6 ./Drivers/STM32F4xx_HAL_Driver/Src/stm32f4xx_hal_tim.o
 .debug_info    0x000000000000a31e     0x15d8 ./Drivers/STM32F4xx_HAL_Driver/Src/stm32f4xx_hal_tim_ex.o
 .debug_info    0x000000000000b8f6     0x31b4 ./Drivers/STM32F4xx_HAL_Driver/Src/stm32f4xx_hal_uart.o
 .debug_info    0x000000000000eaaa      0x4c7 C:\Users\ROG\STM32CubeIDE\workspace_1.11.0\AtoDconversion_1\Drivers\CMSIS\Lib\GCC\libarm_cortexM4lf_math.a(arm_rfft_fast_init_f32.o)
 .debug_info    0x000000000000ef71      0x70d C:\Users\ROG\STM32CubeIDE\workspace_1.11.0\AtoDconversion_1\Drivers\CMSIS\Lib\GCC\libarm_cortexM4lf_math.a(arm_rfft_fast_f32.o)
 .debug_info    0x000000000000f67e      0x685 C:\Users\ROG\STM32CubeIDE\workspace_1.11.0\AtoDconversion_1\Drivers\CMSIS\Lib\GCC\libarm_cortexM4lf_math.a(arm_cfft_f32.o)
 .debug_info    0x000000000000fd03      0x250 C:\Users\ROG\STM32CubeIDE\workspace_1.11.0\AtoDconversion_1\Drivers\CMSIS\Lib\GCC\libarm_cortexM4lf_math.a(arm_cmplx_mag_squared_f32.o)
 .debug_info    0x000000000000ff53      0x9b1 C:\Users\ROG\STM32CubeIDE\workspace_1.11.0\AtoDconversion_1\Drivers\CMSIS\Lib\GCC\libarm_cortexM4lf_math.a(arm_common_tables.o)
 .debug_info    0x0000000000010904       0x98 C:\Users\ROG\STM32CubeIDE\workspace_1.11.0\AtoDconversion_1\Drivers\CMSIS\Lib\GCC\libarm_cortexM4lf_math.a(arm_bitreversal2.o)
 .debug_info    0x000000000001099c      0x419 C:\Users\ROG\STM32CubeIDE\workspace_1.11.0\AtoDconversion_1\Drivers\CMSIS\Lib\GCC\libarm_cortexM4lf_math.a(arm_cfft_radix8_f32.o)

.debug_abbrev   0x0000000000000000     0x2334
 .debug_abbrev  0x0000000000000000      0x309 ./Core/Src/main.o
 .debug_abbrev  0x0000000000000309      0x1cc ./Core/Src/stm32f4xx_hal_msp.o
 .debug_abbrev  0x00000000000004d5      0x195 ./Core/Src/stm32f4xx_it.o
 .debug_abbrev  0x000000000000066a      0x116 ./Core/Src/system_stm32f4xx.o
 .debug_abbrev  0x0000000000000780       0x12 ./Core/Startup/startup_stm32f411ceux.o
 .debug_abbrev  0x0000000000000792      0x23e ./Drivers/STM32F4xx_HAL_Driver/Src/stm32f4xx_hal.o
 .debug_abbrev  0x00000000000009d0      0x204 ./Drivers/STM32F4xx_HAL_Driver/Src/stm32f4xx_hal_adc.o
 .debug_abbrev  0x0000000000000bd4      0x21f ./Drivers/STM32F4xx_HAL_Driver/Src/stm32f4xx_hal_adc_ex.o
 .debug_abbrev  0x0000000000000df3      0x316 ./Drivers/STM32F4xx_HAL_Driver/Src/stm32f4xx_hal_cortex.o
 .debug_abbrev  0x0000000000001109      0x1c4 ./Drivers/STM32F4xx_HAL_Driver/Src/stm32f4xx_hal_gpio.o
 .debug_abbrev  0x00000000000012cd      0x2aa ./Drivers/STM32F4xx_HAL_Driver/Src/stm32f4xx_hal_rcc.o
 .debug_abbrev  0x0000000000001577      0x26e ./Drivers/STM32F4xx_HAL_Driver/Src/stm32f4xx_hal_tim.o
 .debug_abbrev  0x00000000000017e5      0x276 ./Drivers/STM32F4xx_HAL_Driver/Src/stm32f4xx_hal_tim_ex.o
 .debug_abbrev  0x0000000000001a5b      0x305 ./Drivers/STM32F4xx_HAL_Driver/Src/stm32f4xx_hal_uart.o
 .debug_abbrev  0x0000000000001d60      0x108 C:\Users\ROG\STM32CubeIDE\workspace_1.11.0\AtoDconversion_1\Drivers\CMSIS\Lib\GCC\libarm_cortexM4lf_math.a(arm_rfft_fast_init_f32.o)
 .debug_abbrev  0x0000000000001e68      0x177 C:\Users\ROG\STM32CubeIDE\workspace_1.11.0\AtoDconversion_1\Drivers\CMSIS\Lib\GCC\libarm_cortexM4lf_math.a(arm_rfft_fast_f32.o)
 .debug_abbrev  0x0000000000001fdf      0x183 C:\Users\ROG\STM32CubeIDE\workspace_1.11.0\AtoDconversion_1\Drivers\CMSIS\Lib\GCC\libarm_cortexM4lf_math.a(arm_cfft_f32.o)
 .debug_abbrev  0x0000000000002162       0x92 C:\Users\ROG\STM32CubeIDE\workspace_1.11.0\AtoDconversion_1\Drivers\CMSIS\Lib\GCC\libarm_cortexM4lf_math.a(arm_cmplx_mag_squared_f32.o)
 .debug_abbrev  0x00000000000021f4       0x84 C:\Users\ROG\STM32CubeIDE\workspace_1.11.0\AtoDconversion_1\Drivers\CMSIS\Lib\GCC\libarm_cortexM4lf_math.a(arm_common_tables.o)
 .debug_abbrev  0x0000000000002278       0x14 C:\Users\ROG\STM32CubeIDE\workspace_1.11.0\AtoDconversion_1\Drivers\CMSIS\Lib\GCC\libarm_cortexM4lf_math.a(arm_bitreversal2.o)
 .debug_abbrev  0x000000000000228c       0xa8 C:\Users\ROG\STM32CubeIDE\workspace_1.11.0\AtoDconversion_1\Drivers\CMSIS\Lib\GCC\libarm_cortexM4lf_math.a(arm_cfft_radix8_f32.o)

.debug_aranges  0x0000000000000000      0xe00
 .debug_aranges
                0x0000000000000000       0x60 ./Core/Src/main.o
 .debug_aranges
                0x0000000000000060       0x50 ./Core/Src/stm32f4xx_hal_msp.o
 .debug_aranges
                0x00000000000000b0       0x70 ./Core/Src/stm32f4xx_it.o
 .debug_aranges
                0x0000000000000120       0x28 ./Core/Src/system_stm32f4xx.o
 .debug_aranges
                0x0000000000000148       0x28 ./Core/Startup/startup_stm32f411ceux.o
 .debug_aranges
                0x0000000000000170       0xf0 ./Drivers/STM32F4xx_HAL_Driver/Src/stm32f4xx_hal.o
 .debug_aranges
                0x0000000000000260       0xe8 ./Drivers/STM32F4xx_HAL_Driver/Src/stm32f4xx_hal_adc.o
 .debug_aranges
                0x0000000000000348       0x90 ./Drivers/STM32F4xx_HAL_Driver/Src/stm32f4xx_hal_adc_ex.o
 .debug_aranges
                0x00000000000003d8      0x118 ./Drivers/STM32F4xx_HAL_Driver/Src/stm32f4xx_hal_cortex.o
 .debug_aranges
                0x00000000000004f0       0x58 ./Drivers/STM32F4xx_HAL_Driver/Src/stm32f4xx_hal_gpio.o
 .debug_aranges
                0x0000000000000548       0x88 ./Drivers/STM32F4xx_HAL_Driver/Src/stm32f4xx_hal_rcc.o
 .debug_aranges
                0x00000000000005d0      0x3d0 ./Drivers/STM32F4xx_HAL_Driver/Src/stm32f4xx_hal_tim.o
 .debug_aranges
                0x00000000000009a0      0x168 ./Drivers/STM32F4xx_HAL_Driver/Src/stm32f4xx_hal_tim_ex.o
 .debug_aranges
                0x0000000000000b08      0x200 ./Drivers/STM32F4xx_HAL_Driver/Src/stm32f4xx_hal_uart.o
 .debug_aranges
                0x0000000000000d08       0x20 C:\Users\ROG\STM32CubeIDE\workspace_1.11.0\AtoDconversion_1\Drivers\CMSIS\Lib\GCC\libarm_cortexM4lf_math.a(arm_rfft_fast_init_f32.o)
 .debug_aranges
                0x0000000000000d28       0x30 C:\Users\ROG\STM32CubeIDE\workspace_1.11.0\AtoDconversion_1\Drivers\CMSIS\Lib\GCC\libarm_cortexM4lf_math.a(arm_rfft_fast_f32.o)
 .debug_aranges
                0x0000000000000d58       0x30 C:\Users\ROG\STM32CubeIDE\workspace_1.11.0\AtoDconversion_1\Drivers\CMSIS\Lib\GCC\libarm_cortexM4lf_math.a(arm_cfft_f32.o)
 .debug_aranges
                0x0000000000000d88       0x20 C:\Users\ROG\STM32CubeIDE\workspace_1.11.0\AtoDconversion_1\Drivers\CMSIS\Lib\GCC\libarm_cortexM4lf_math.a(arm_cmplx_mag_squared_f32.o)
 .debug_aranges
                0x0000000000000da8       0x18 C:\Users\ROG\STM32CubeIDE\workspace_1.11.0\AtoDconversion_1\Drivers\CMSIS\Lib\GCC\libarm_cortexM4lf_math.a(arm_common_tables.o)
 .debug_aranges
                0x0000000000000dc0       0x20 C:\Users\ROG\STM32CubeIDE\workspace_1.11.0\AtoDconversion_1\Drivers\CMSIS\Lib\GCC\libarm_cortexM4lf_math.a(arm_bitreversal2.o)
 .debug_aranges
                0x0000000000000de0       0x20 C:\Users\ROG\STM32CubeIDE\workspace_1.11.0\AtoDconversion_1\Drivers\CMSIS\Lib\GCC\libarm_cortexM4lf_math.a(arm_cfft_radix8_f32.o)

.debug_ranges   0x0000000000000000      0xcd0
 .debug_ranges  0x0000000000000000       0x50 ./Core/Src/main.o
 .debug_ranges  0x0000000000000050       0x40 ./Core/Src/stm32f4xx_hal_msp.o
 .debug_ranges  0x0000000000000090       0x60 ./Core/Src/stm32f4xx_it.o
 .debug_ranges  0x00000000000000f0       0x18 ./Core/Src/system_stm32f4xx.o
 .debug_ranges  0x0000000000000108       0x20 ./Core/Startup/startup_stm32f411ceux.o
 .debug_ranges  0x0000000000000128       0xe0 ./Drivers/STM32F4xx_HAL_Driver/Src/stm32f4xx_hal.o
 .debug_ranges  0x0000000000000208       0xd8 ./Drivers/STM32F4xx_HAL_Driver/Src/stm32f4xx_hal_adc.o
 .debug_ranges  0x00000000000002e0       0x80 ./Drivers/STM32F4xx_HAL_Driver/Src/stm32f4xx_hal_adc_ex.o
 .debug_ranges  0x0000000000000360      0x108 ./Drivers/STM32F4xx_HAL_Driver/Src/stm32f4xx_hal_cortex.o
 .debug_ranges  0x0000000000000468       0x48 ./Drivers/STM32F4xx_HAL_Driver/Src/stm32f4xx_hal_gpio.o
 .debug_ranges  0x00000000000004b0       0x78 ./Drivers/STM32F4xx_HAL_Driver/Src/stm32f4xx_hal_rcc.o
 .debug_ranges  0x0000000000000528      0x3c0 ./Drivers/STM32F4xx_HAL_Driver/Src/stm32f4xx_hal_tim.o
 .debug_ranges  0x00000000000008e8      0x158 ./Drivers/STM32F4xx_HAL_Driver/Src/stm32f4xx_hal_tim_ex.o
 .debug_ranges  0x0000000000000a40      0x220 ./Drivers/STM32F4xx_HAL_Driver/Src/stm32f4xx_hal_uart.o
 .debug_ranges  0x0000000000000c60       0x10 C:\Users\ROG\STM32CubeIDE\workspace_1.11.0\AtoDconversion_1\Drivers\CMSIS\Lib\GCC\libarm_cortexM4lf_math.a(arm_rfft_fast_init_f32.o)
 .debug_ranges  0x0000000000000c70       0x20 C:\Users\ROG\STM32CubeIDE\workspace_1.11.0\AtoDconversion_1\Drivers\CMSIS\Lib\GCC\libarm_cortexM4lf_math.a(arm_rfft_fast_f32.o)
 .debug_ranges  0x0000000000000c90       0x20 C:\Users\ROG\STM32CubeIDE\workspace_1.11.0\AtoDconversion_1\Drivers\CMSIS\Lib\GCC\libarm_cortexM4lf_math.a(arm_cfft_f32.o)
 .debug_ranges  0x0000000000000cb0       0x10 C:\Users\ROG\STM32CubeIDE\workspace_1.11.0\AtoDconversion_1\Drivers\CMSIS\Lib\GCC\libarm_cortexM4lf_math.a(arm_cmplx_mag_squared_f32.o)
 .debug_ranges  0x0000000000000cc0       0x10 C:\Users\ROG\STM32CubeIDE\workspace_1.11.0\AtoDconversion_1\Drivers\CMSIS\Lib\GCC\libarm_cortexM4lf_math.a(arm_cfft_radix8_f32.o)

.debug_macro    0x0000000000000000    0x179f6
 .debug_macro   0x0000000000000000      0x3c7 ./Core/Src/main.o
 .debug_macro   0x00000000000003c7      0xa7e ./Core/Src/main.o
 .debug_macro   0x0000000000000e45      0x2a1 ./Core/Src/main.o
 .debug_macro   0x00000000000010e6       0x2e ./Core/Src/main.o
 .debug_macro   0x0000000000001114       0x28 ./Core/Src/main.o
 .debug_macro   0x000000000000113c       0x22 ./Core/Src/main.o
 .debug_macro   0x000000000000115e       0x8e ./Core/Src/main.o
 .debug_macro   0x00000000000011ec       0x51 ./Core/Src/main.o
 .debug_macro   0x000000000000123d      0x103 ./Core/Src/main.o
 .debug_macro   0x0000000000001340       0x6a ./Core/Src/main.o
 .debug_macro   0x00000000000013aa      0x1df ./Core/Src/main.o
 .debug_macro   0x0000000000001589       0x1c ./Core/Src/main.o
 .debug_macro   0x00000000000015a5       0x22 ./Core/Src/main.o
 .debug_macro   0x00000000000015c7       0xd9 ./Core/Src/main.o
 .debug_macro   0x00000000000016a0     0x102d ./Core/Src/main.o
 .debug_macro   0x00000000000026cd      0x11f ./Core/Src/main.o
 .debug_macro   0x00000000000027ec     0xb953 ./Core/Src/main.o
 .debug_macro   0x000000000000e13f       0x6d ./Core/Src/main.o
 .debug_macro   0x000000000000e1ac     0x367e ./Core/Src/main.o
 .debug_macro   0x000000000001182a      0x174 ./Core/Src/main.o
 .debug_macro   0x000000000001199e       0x5c ./Core/Src/main.o
 .debug_macro   0x00000000000119fa      0x447 ./Core/Src/main.o
 .debug_macro   0x0000000000011e41      0x9fe ./Core/Src/main.o
 .debug_macro   0x000000000001283f      0x115 ./Core/Src/main.o
 .debug_macro   0x0000000000012954      0x11b ./Core/Src/main.o
 .debug_macro   0x0000000000012a6f       0xa5 ./Core/Src/main.o
 .debug_macro   0x0000000000012b14      0x15f ./Core/Src/main.o
 .debug_macro   0x0000000000012c73      0x287 ./Core/Src/main.o
 .debug_macro   0x0000000000012efa       0x5f ./Core/Src/main.o
 .debug_macro   0x0000000000012f59      0x236 ./Core/Src/main.o
 .debug_macro   0x000000000001318f      0x9e1 ./Core/Src/main.o
 .debug_macro   0x0000000000013b70      0x38b ./Core/Src/main.o
 .debug_macro   0x0000000000013efb      0x17d ./Core/Src/main.o
 .debug_macro   0x0000000000014078       0xf9 ./Core/Src/main.o
 .debug_macro   0x0000000000014171      0x132 ./Core/Src/main.o
 .debug_macro   0x00000000000142a3      0x264 ./Core/Src/main.o
 .debug_macro   0x0000000000014507       0x2e ./Core/Src/main.o
 .debug_macro   0x0000000000014535      0x11a ./Core/Src/main.o
 .debug_macro   0x000000000001464f       0x85 ./Core/Src/main.o
 .debug_macro   0x00000000000146d4       0x89 ./Core/Src/main.o
 .debug_macro   0x000000000001475d      0x8e6 ./Core/Src/main.o
 .debug_macro   0x0000000000015043       0x47 ./Core/Src/main.o
 .debug_macro   0x000000000001508a      0x295 ./Core/Src/main.o
 .debug_macro   0x000000000001531f      0x126 ./Core/Src/main.o
 .debug_macro   0x0000000000015445       0x52 ./Core/Src/main.o
 .debug_macro   0x0000000000015497       0x1e ./Core/Src/main.o
 .debug_macro   0x00000000000154b5       0x3c ./Core/Src/main.o
 .debug_macro   0x00000000000154f1       0x34 ./Core/Src/main.o
 .debug_macro   0x0000000000015525       0x16 ./Core/Src/main.o
 .debug_macro   0x000000000001553b       0x35 ./Core/Src/main.o
 .debug_macro   0x0000000000015570      0x341 ./Core/Src/main.o
 .debug_macro   0x00000000000158b1       0x10 ./Core/Src/main.o
 .debug_macro   0x00000000000158c1       0x16 ./Core/Src/main.o
 .debug_macro   0x00000000000158d7       0x43 ./Core/Src/main.o
 .debug_macro   0x000000000001591a       0x34 ./Core/Src/main.o
 .debug_macro   0x000000000001594e       0x10 ./Core/Src/main.o
 .debug_macro   0x000000000001595e       0x58 ./Core/Src/main.o
 .debug_macro   0x00000000000159b6       0x71 ./Core/Src/main.o
 .debug_macro   0x0000000000015a27       0x1c ./Core/Src/main.o
 .debug_macro   0x0000000000015a43      0x12a ./Core/Src/main.o
 .debug_macro   0x0000000000015b6d       0x10 ./Core/Src/main.o
 .debug_macro   0x0000000000015b7d       0x1c ./Core/Src/main.o
 .debug_macro   0x0000000000015b99       0x52 ./Core/Src/main.o
 .debug_macro   0x0000000000015beb       0x22 ./Core/Src/main.o
 .debug_macro   0x0000000000015c0d       0x10 ./Core/Src/main.o
 .debug_macro   0x0000000000015c1d       0x52 ./Core/Src/main.o
 .debug_macro   0x0000000000015c6f       0xd5 ./Core/Src/main.o
 .debug_macro   0x0000000000015d44       0x1c ./Core/Src/main.o
 .debug_macro   0x0000000000015d60       0x3d ./Core/Src/main.o
 .debug_macro   0x0000000000015d9d       0x16 ./Core/Src/main.o
 .debug_macro   0x0000000000015db3      0x145 ./Core/Src/main.o
 .debug_macro   0x0000000000015ef8       0x16 ./Core/Src/main.o
 .debug_macro   0x0000000000015f0e       0x20 ./Core/Src/main.o
 .debug_macro   0x0000000000015f2e       0x12 ./Core/Src/main.o
 .debug_macro   0x0000000000015f40       0x12 ./Core/Src/main.o
 .debug_macro   0x0000000000015f52      0x19b ./Core/Src/main.o
 .debug_macro   0x00000000000160ed       0xd6 ./Core/Src/main.o
 .debug_macro   0x00000000000161c3      0x200 ./Core/Src/stm32f4xx_hal_msp.o
 .debug_macro   0x00000000000163c3      0x20a ./Core/Src/stm32f4xx_it.o
 .debug_macro   0x00000000000165cd      0x1f6 ./Core/Src/system_stm32f4xx.o
 .debug_macro   0x00000000000167c3      0x256 ./Drivers/STM32F4xx_HAL_Driver/Src/stm32f4xx_hal.o
 .debug_macro   0x0000000000016a19      0x1f7 ./Drivers/STM32F4xx_HAL_Driver/Src/stm32f4xx_hal_adc.o
 .debug_macro   0x0000000000016c10      0x1f6 ./Drivers/STM32F4xx_HAL_Driver/Src/stm32f4xx_hal_adc_ex.o
 .debug_macro   0x0000000000016e06      0x1f6 ./Drivers/STM32F4xx_HAL_Driver/Src/stm32f4xx_hal_cortex.o
 .debug_macro   0x0000000000016ffc      0x1fc ./Drivers/STM32F4xx_HAL_Driver/Src/stm32f4xx_hal_gpio.o
 .debug_macro   0x00000000000171f8      0x21a ./Drivers/STM32F4xx_HAL_Driver/Src/stm32f4xx_hal_rcc.o
 .debug_macro   0x0000000000017412      0x1f7 ./Drivers/STM32F4xx_HAL_Driver/Src/stm32f4xx_hal_tim.o
 .debug_macro   0x0000000000017609      0x1f6 ./Drivers/STM32F4xx_HAL_Driver/Src/stm32f4xx_hal_tim_ex.o
 .debug_macro   0x00000000000177ff      0x1f7 ./Drivers/STM32F4xx_HAL_Driver/Src/stm32f4xx_hal_uart.o

.debug_line     0x0000000000000000    0x10132
 .debug_line    0x0000000000000000      0xb5f ./Core/Src/main.o
 .debug_line    0x0000000000000b5f      0x7dc ./Core/Src/stm32f4xx_hal_msp.o
 .debug_line    0x000000000000133b      0x7fd ./Core/Src/stm32f4xx_it.o
 .debug_line    0x0000000000001b38      0x78c ./Core/Src/system_stm32f4xx.o
 .debug_line    0x00000000000022c4       0x88 ./Core/Startup/startup_stm32f411ceux.o
 .debug_line    0x000000000000234c      0x9f2 ./Drivers/STM32F4xx_HAL_Driver/Src/stm32f4xx_hal.o
 .debug_line    0x0000000000002d3e     0x11a2 ./Drivers/STM32F4xx_HAL_Driver/Src/stm32f4xx_hal_adc.o
 .debug_line    0x0000000000003ee0      0xeb2 ./Drivers/STM32F4xx_HAL_Driver/Src/stm32f4xx_hal_adc_ex.o
 .debug_line    0x0000000000004d92      0xca1 ./Drivers/STM32F4xx_HAL_Driver/Src/stm32f4xx_hal_cortex.o
 .debug_line    0x0000000000005a33      0xb2a ./Drivers/STM32F4xx_HAL_Driver/Src/stm32f4xx_hal_gpio.o
 .debug_line    0x000000000000655d      0xd6c ./Drivers/STM32F4xx_HAL_Driver/Src/stm32f4xx_hal_rcc.o
 .debug_line    0x00000000000072c9     0x34c0 ./Drivers/STM32F4xx_HAL_Driver/Src/stm32f4xx_hal_tim.o
 .debug_line    0x000000000000a789     0x198a ./Drivers/STM32F4xx_HAL_Driver/Src/stm32f4xx_hal_tim_ex.o
 .debug_line    0x000000000000c113     0x2a97 ./Drivers/STM32F4xx_HAL_Driver/Src/stm32f4xx_hal_uart.o
 .debug_line    0x000000000000ebaa      0x1b5 C:\Users\ROG\STM32CubeIDE\workspace_1.11.0\AtoDconversion_1\Drivers\CMSIS\Lib\GCC\libarm_cortexM4lf_math.a(arm_rfft_fast_init_f32.o)
 .debug_line    0x000000000000ed5f      0x2b2 C:\Users\ROG\STM32CubeIDE\workspace_1.11.0\AtoDconversion_1\Drivers\CMSIS\Lib\GCC\libarm_cortexM4lf_math.a(arm_rfft_fast_f32.o)
 .debug_line    0x000000000000f011      0x73e C:\Users\ROG\STM32CubeIDE\workspace_1.11.0\AtoDconversion_1\Drivers\CMSIS\Lib\GCC\libarm_cortexM4lf_math.a(arm_cfft_f32.o)
 .debug_line    0x000000000000f74f      0x18b C:\Users\ROG\STM32CubeIDE\workspace_1.11.0\AtoDconversion_1\Drivers\CMSIS\Lib\GCC\libarm_cortexM4lf_math.a(arm_cmplx_mag_squared_f32.o)
 .debug_line    0x000000000000f8da      0x135 C:\Users\ROG\STM32CubeIDE\workspace_1.11.0\AtoDconversion_1\Drivers\CMSIS\Lib\GCC\libarm_cortexM4lf_math.a(arm_common_tables.o)
 .debug_line    0x000000000000fa0f       0xa2 C:\Users\ROG\STM32CubeIDE\workspace_1.11.0\AtoDconversion_1\Drivers\CMSIS\Lib\GCC\libarm_cortexM4lf_math.a(arm_bitreversal2.o)
 .debug_line    0x000000000000fab1      0x681 C:\Users\ROG\STM32CubeIDE\workspace_1.11.0\AtoDconversion_1\Drivers\CMSIS\Lib\GCC\libarm_cortexM4lf_math.a(arm_cfft_radix8_f32.o)

.debug_str      0x0000000000000000    0x9b2a7
 .debug_str     0x0000000000000000    0x977a8 ./Core/Src/main.o
                                      0x97b97 (size before relaxing)
 .debug_str     0x00000000000977a8      0x505 ./Core/Src/stm32f4xx_hal_msp.o
                                      0x92f91 (size before relaxing)
 .debug_str     0x0000000000097cad      0x108 ./Core/Src/stm32f4xx_it.o
                                      0x92895 (size before relaxing)
 .debug_str     0x0000000000097db5       0xdb ./Core/Src/system_stm32f4xx.o
                                      0x922bc (size before relaxing)
 .debug_str     0x0000000000097e90       0x36 ./Core/Startup/startup_stm32f411ceux.o
                                         0x78 (size before relaxing)
 .debug_str     0x0000000000097ec6      0x617 ./Drivers/STM32F4xx_HAL_Driver/Src/stm32f4xx_hal.o
                                      0x92ce8 (size before relaxing)
 .debug_str     0x00000000000984dd      0x27d ./Drivers/STM32F4xx_HAL_Driver/Src/stm32f4xx_hal_adc.o
                                      0x92897 (size before relaxing)
 .debug_str     0x000000000009875a      0x2df ./Drivers/STM32F4xx_HAL_Driver/Src/stm32f4xx_hal_adc_ex.o
                                      0x928eb (size before relaxing)
 .debug_str     0x0000000000098a39      0x326 ./Drivers/STM32F4xx_HAL_Driver/Src/stm32f4xx_hal_cortex.o
                                      0x92a09 (size before relaxing)
 .debug_str     0x0000000000098d5f      0x15d ./Drivers/STM32F4xx_HAL_Driver/Src/stm32f4xx_hal_gpio.o
                                      0x92437 (size before relaxing)
 .debug_str     0x0000000000098ebc      0x233 ./Drivers/STM32F4xx_HAL_Driver/Src/stm32f4xx_hal_rcc.o
                                      0x926f0 (size before relaxing)
 .debug_str     0x00000000000990ef      0xda1 ./Drivers/STM32F4xx_HAL_Driver/Src/stm32f4xx_hal_tim.o
                                      0x93624 (size before relaxing)
 .debug_str     0x0000000000099e90      0x503 ./Drivers/STM32F4xx_HAL_Driver/Src/stm32f4xx_hal_tim_ex.o
                                      0x92e40 (size before relaxing)
 .debug_str     0x000000000009a393      0x609 ./Drivers/STM32F4xx_HAL_Driver/Src/stm32f4xx_hal_uart.o
                                      0x92c7d (size before relaxing)
 .debug_str     0x000000000009a99c      0x33b C:\Users\ROG\STM32CubeIDE\workspace_1.11.0\AtoDconversion_1\Drivers\CMSIS\Lib\GCC\libarm_cortexM4lf_math.a(arm_rfft_fast_init_f32.o)
                                        0x52a (size before relaxing)
 .debug_str     0x000000000009acd7       0x74 C:\Users\ROG\STM32CubeIDE\workspace_1.11.0\AtoDconversion_1\Drivers\CMSIS\Lib\GCC\libarm_cortexM4lf_math.a(arm_rfft_fast_f32.o)
                                        0x307 (size before relaxing)
 .debug_str     0x000000000009ad4b      0x113 C:\Users\ROG\STM32CubeIDE\workspace_1.11.0\AtoDconversion_1\Drivers\CMSIS\Lib\GCC\libarm_cortexM4lf_math.a(arm_cfft_f32.o)
                                        0x372 (size before relaxing)
 .debug_str     0x000000000009ae5e       0xcb C:\Users\ROG\STM32CubeIDE\workspace_1.11.0\AtoDconversion_1\Drivers\CMSIS\Lib\GCC\libarm_cortexM4lf_math.a(arm_cmplx_mag_squared_f32.o)
                                        0x2cd (size before relaxing)
 .debug_str     0x000000000009af29      0x331 C:\Users\ROG\STM32CubeIDE\workspace_1.11.0\AtoDconversion_1\Drivers\CMSIS\Lib\GCC\libarm_cortexM4lf_math.a(arm_common_tables.o)
                                        0x717 (size before relaxing)
 .debug_str     0x000000000009b25a       0x4d C:\Users\ROG\STM32CubeIDE\workspace_1.11.0\AtoDconversion_1\Drivers\CMSIS\Lib\GCC\libarm_cortexM4lf_math.a(arm_cfft_radix8_f32.o)
                                        0x269 (size before relaxing)

.comment        0x0000000000000000       0xbe
 .comment       0x0000000000000000       0x50 ./Core/Src/main.o
                                         0x51 (size before relaxing)
 .comment       0x0000000000000050       0x51 ./Core/Src/stm32f4xx_hal_msp.o
 .comment       0x0000000000000050       0x51 ./Core/Src/stm32f4xx_it.o
 .comment       0x0000000000000050       0x51 ./Core/Src/system_stm32f4xx.o
 .comment       0x0000000000000050       0x51 ./Drivers/STM32F4xx_HAL_Driver/Src/stm32f4xx_hal.o
 .comment       0x0000000000000050       0x51 ./Drivers/STM32F4xx_HAL_Driver/Src/stm32f4xx_hal_adc.o
 .comment       0x0000000000000050       0x51 ./Drivers/STM32F4xx_HAL_Driver/Src/stm32f4xx_hal_adc_ex.o
 .comment       0x0000000000000050       0x51 ./Drivers/STM32F4xx_HAL_Driver/Src/stm32f4xx_hal_cortex.o
 .comment       0x0000000000000050       0x51 ./Drivers/STM32F4xx_HAL_Driver/Src/stm32f4xx_hal_gpio.o
 .comment       0x0000000000000050       0x51 ./Drivers/STM32F4xx_HAL_Driver/Src/stm32f4xx_hal_rcc.o
 .comment       0x0000000000000050       0x51 ./Drivers/STM32F4xx_HAL_Driver/Src/stm32f4xx_hal_tim.o
 .comment       0x0000000000000050       0x51 ./Drivers/STM32F4xx_HAL_Driver/Src/stm32f4xx_hal_tim_ex.o
 .comment       0x0000000000000050       0x51 ./Drivers/STM32F4xx_HAL_Driver/Src/stm32f4xx_hal_uart.o
 .comment       0x0000000000000050       0x6e C:\Users\ROG\STM32CubeIDE\workspace_1.11.0\AtoDconversion_1\Drivers\CMSIS\Lib\GCC\libarm_cortexM4lf_math.a(arm_rfft_fast_init_f32.o)
                                         0x6f (size before relaxing)
 .comment       0x00000000000000be       0x6f C:\Users\ROG\STM32CubeIDE\workspace_1.11.0\AtoDconversion_1\Drivers\CMSIS\Lib\GCC\libarm_cortexM4lf_math.a(arm_rfft_fast_f32.o)
 .comment       0x00000000000000be       0x6f C:\Users\ROG\STM32CubeIDE\workspace_1.11.0\AtoDconversion_1\Drivers\CMSIS\Lib\GCC\libarm_cortexM4lf_math.a(arm_cfft_f32.o)
 .comment       0x00000000000000be       0x6f C:\Users\ROG\STM32CubeIDE\workspace_1.11.0\AtoDconversion_1\Drivers\CMSIS\Lib\GCC\libarm_cortexM4lf_math.a(arm_cmplx_mag_squared_f32.o)
 .comment       0x00000000000000be       0x6f C:\Users\ROG\STM32CubeIDE\workspace_1.11.0\AtoDconversion_1\Drivers\CMSIS\Lib\GCC\libarm_cortexM4lf_math.a(arm_common_tables.o)
 .comment       0x00000000000000be       0x6f C:\Users\ROG\STM32CubeIDE\workspace_1.11.0\AtoDconversion_1\Drivers\CMSIS\Lib\GCC\libarm_cortexM4lf_math.a(arm_cfft_radix8_f32.o)

.debug_frame    0x0000000000000000     0x39d4
 .debug_frame   0x0000000000000000      0x13c ./Core/Src/main.o
 .debug_frame   0x000000000000013c      0x110 ./Core/Src/stm32f4xx_hal_msp.o
 .debug_frame   0x000000000000024c      0x13c ./Core/Src/stm32f4xx_it.o
 .debug_frame   0x0000000000000388       0x58 ./Core/Src/system_stm32f4xx.o
 .debug_frame   0x00000000000003e0      0x374 ./Drivers/STM32F4xx_HAL_Driver/Src/stm32f4xx_hal.o
 .debug_frame   0x0000000000000754      0x3fc ./Drivers/STM32F4xx_HAL_Driver/Src/stm32f4xx_hal_adc.o
 .debug_frame   0x0000000000000b50      0x250 ./Drivers/STM32F4xx_HAL_Driver/Src/stm32f4xx_hal_adc_ex.o
 .debug_frame   0x0000000000000da0      0x498 ./Drivers/STM32F4xx_HAL_Driver/Src/stm32f4xx_hal_cortex.o
 .debug_frame   0x0000000000001238      0x14c ./Drivers/STM32F4xx_HAL_Driver/Src/stm32f4xx_hal_gpio.o
 .debug_frame   0x0000000000001384      0x1f4 ./Drivers/STM32F4xx_HAL_Driver/Src/stm32f4xx_hal_rcc.o
 .debug_frame   0x0000000000001578     0x11bc ./Drivers/STM32F4xx_HAL_Driver/Src/stm32f4xx_hal_tim.o
 .debug_frame   0x0000000000002734      0x638 ./Drivers/STM32F4xx_HAL_Driver/Src/stm32f4xx_hal_tim_ex.o
 .debug_frame   0x0000000000002d6c      0x92c ./Drivers/STM32F4xx_HAL_Driver/Src/stm32f4xx_hal_uart.o
 .debug_frame   0x0000000000003698       0x34 C:\Users\ROG\STM32CubeIDE\workspace_1.11.0\AtoDconversion_1\Drivers\CMSIS\Lib\GCC\libarm_cortexM4lf_math.a(arm_rfft_fast_init_f32.o)
 .debug_frame   0x00000000000036cc       0x74 C:\Users\ROG\STM32CubeIDE\workspace_1.11.0\AtoDconversion_1\Drivers\CMSIS\Lib\GCC\libarm_cortexM4lf_math.a(arm_rfft_fast_f32.o)
 .debug_frame   0x0000000000003740       0xfc C:\Users\ROG\STM32CubeIDE\workspace_1.11.0\AtoDconversion_1\Drivers\CMSIS\Lib\GCC\libarm_cortexM4lf_math.a(arm_cfft_f32.o)
 .debug_frame   0x000000000000383c       0x30 C:\Users\ROG\STM32CubeIDE\workspace_1.11.0\AtoDconversion_1\Drivers\CMSIS\Lib\GCC\libarm_cortexM4lf_math.a(arm_cmplx_mag_squared_f32.o)
 .debug_frame   0x000000000000386c       0x94 C:\Users\ROG\STM32CubeIDE\workspace_1.11.0\AtoDconversion_1\Drivers\CMSIS\Lib\GCC\libarm_cortexM4lf_math.a(arm_cfft_radix8_f32.o)
 .debug_frame   0x0000000000003900       0x2c c:/st/stm32cubeide_1.11.0/stm32cubeide/plugins/com.st.stm32cube.ide.mcu.externaltools.gnu-tools-for-stm32.10.3-2021.10.win32_1.0.100.202210260954/tools/bin/../lib/gcc/arm-none-eabi/10.3.1/../../../../arm-none-eabi/lib/thumb/v7e-m+fp/hard\libc_nano.a(lib_a-init.o)
 .debug_frame   0x000000000000392c       0x28 c:/st/stm32cubeide_1.11.0/stm32cubeide/plugins/com.st.stm32cube.ide.mcu.externaltools.gnu-tools-for-stm32.10.3-2021.10.win32_1.0.100.202210260954/tools/bin/../lib/gcc/arm-none-eabi/10.3.1/../../../../arm-none-eabi/lib/thumb/v7e-m+fp/hard\libc_nano.a(lib_a-memcpy-stub.o)
 .debug_frame   0x0000000000003954       0x20 c:/st/stm32cubeide_1.11.0/stm32cubeide/plugins/com.st.stm32cube.ide.mcu.externaltools.gnu-tools-for-stm32.10.3-2021.10.win32_1.0.100.202210260954/tools/bin/../lib/gcc/arm-none-eabi/10.3.1/../../../../arm-none-eabi/lib/thumb/v7e-m+fp/hard\libc_nano.a(lib_a-memset.o)
 .debug_frame   0x0000000000003974       0x2c c:/st/stm32cubeide_1.11.0/stm32cubeide/plugins/com.st.stm32cube.ide.mcu.externaltools.gnu-tools-for-stm32.10.3-2021.10.win32_1.0.100.202210260954/tools/bin/../lib/gcc/arm-none-eabi/10.3.1/thumb/v7e-m+fp/hard\libgcc.a(_aeabi_uldivmod.o)
 .debug_frame   0x00000000000039a0       0x34 c:/st/stm32cubeide_1.11.0/stm32cubeide/plugins/com.st.stm32cube.ide.mcu.externaltools.gnu-tools-for-stm32.10.3-2021.10.win32_1.0.100.202210260954/tools/bin/../lib/gcc/arm-none-eabi/10.3.1/thumb/v7e-m+fp/hard\libgcc.a(_udivmoddi4.o)

.debug_loc      0x0000000000000000     0x2fbc
 .debug_loc     0x0000000000000000      0x1eb C:\Users\ROG\STM32CubeIDE\workspace_1.11.0\AtoDconversion_1\Drivers\CMSIS\Lib\GCC\libarm_cortexM4lf_math.a(arm_rfft_fast_init_f32.o)
 .debug_loc     0x00000000000001eb      0xfa9 C:\Users\ROG\STM32CubeIDE\workspace_1.11.0\AtoDconversion_1\Drivers\CMSIS\Lib\GCC\libarm_cortexM4lf_math.a(arm_rfft_fast_f32.o)
 .debug_loc     0x0000000000001194     0x1067 C:\Users\ROG\STM32CubeIDE\workspace_1.11.0\AtoDconversion_1\Drivers\CMSIS\Lib\GCC\libarm_cortexM4lf_math.a(arm_cfft_f32.o)
 .debug_loc     0x00000000000021fb      0x520 C:\Users\ROG\STM32CubeIDE\workspace_1.11.0\AtoDconversion_1\Drivers\CMSIS\Lib\GCC\libarm_cortexM4lf_math.a(arm_cmplx_mag_squared_f32.o)
 .debug_loc     0x000000000000271b      0x8a1 C:\Users\ROG\STM32CubeIDE\workspace_1.11.0\AtoDconversion_1\Drivers\CMSIS\Lib\GCC\libarm_cortexM4lf_math.a(arm_cfft_radix8_f32.o)
