22:10:35 **** Incremental Build of configuration Debug for project AtoD_converter ****
make -j16 all 
arm-none-eabi-gcc "../Core/Src/main.c" -mcpu=cortex-m4 -std=gnu11 -g3 -DDEBUG -DUSE_HAL_DRIVER -DSTM32F411xE -c -I../Core/Inc -I../Drivers/STM32F4xx_HAL_Driver/Inc -I../Drivers/STM32F4xx_HAL_Driver/Inc/Legacy -I../Drivers/CMSIS/Device/ST/STM32F4xx/Include -I../Drivers/CMSIS/Include -O0 -ffunction-sections -fdata-sections -Wall -fstack-usage -MMD -MP -MF"Core/Src/main.d" -MT"Core/Src/main.o" --specs=nano.specs -mfpu=fpv4-sp-d16 -mfloat-abi=hard -mthumb -o "Core/Src/main.o"
arm-none-eabi-gcc -o "AtoD_converter.elf" @"objects.list"   -mcpu=cortex-m4 -T"C:\Users\ROG\STM32CubeIDE\workspace_1.11.0\AtoD_converter\STM32F411CEUX_FLASH.ld" --specs=nosys.specs -Wl,-Map="AtoD_converter.map" -Wl,--gc-sections -static --specs=nano.specs -mfpu=fpv4-sp-d16 -mfloat-abi=hard -mthumb -Wl,--start-group -lc -lm -Wl,--end-group
Finished building target: AtoD_converter.elf
 
arm-none-eabi-size   AtoD_converter.elf 
arm-none-eabi-objdump -h -S  AtoD_converter.elf  > "AtoD_converter.list"
   text	   data	    bss	    dec	    hex	filename
  12784	    120	   1728	  14632	   3928	AtoD_converter.elf
Finished building: default.size.stdout
 
Finished building: AtoD_converter.list
 

22:10:36 Build Finished. 0 errors, 0 warnings. (took 612ms)

