23:44:04 **** Incremental Build of configuration Debug for project AtoDconversion_1 ****
make -j16 all 
arm-none-eabi-gcc "../Core/Src/main.c" -mcpu=cortex-m4 -std=gnu11 -g3 -DDEBUG -DUSE_HAL_DRIVER -DSTM32F411xE -c -I../Core/Inc -I../Drivers/STM32F4xx_HAL_Driver/Inc -I../Drivers/STM32F4xx_HAL_Driver/Inc/Legacy -I../Drivers/CMSIS/Device/ST/STM32F4xx/Include -I../Drivers/CMSIS/Include -O0 -ffunction-sections -fdata-sections -Wall -fstack-usage -MMD -MP -MF"Core/Src/main.d" -MT"Core/Src/main.o" --specs=nano.specs -mfpu=fpv4-sp-d16 -mfloat-abi=hard -mthumb -o "Core/Src/main.o"
../Core/Src/main.c: In function 'main':
../Core/Src/main.c:112:6: warning: implicit declaration of function 'sprintf' [-Wimplicit-function-declaration]
  112 |      sprintf (txbuf, "ADC= %d\r\n", (int)adc_result);
      |      ^~~~~~~
../Core/Src/main.c:112:6: warning: incompatible implicit declaration of built-in function 'sprintf'
../Core/Src/main.c:21:1: note: include '<stdio.h>' or provide a declaration of 'sprintf'
   20 | #include "main.h"
  +++ |+#include <stdio.h>
   21 | 
../Core/Src/main.c:113:51: warning: implicit declaration of function 'strlen' [-Wimplicit-function-declaration]
  113 |      HAL_UART_Transmit(&huart1, (uint8_t *)txbuf, strlen (txbuf), HAL_MAX_DELAY);
      |                                                   ^~~~~~
../Core/Src/main.c:113:51: warning: incompatible implicit declaration of built-in function 'strlen'
../Core/Src/main.c:21:1: note: include '<string.h>' or provide a declaration of 'strlen'
   20 | #include "main.h"
  +++ |+#include <string.h>
   21 | 
arm-none-eabi-gcc -o "AtoDconversion_1.elf" @"objects.list"   -mcpu=cortex-m4 -T"C:\Users\ROG\STM32CubeIDE\workspace_1.11.0\AtoDconversion_1\STM32F411CEUX_FLASH.ld" --specs=nosys.specs -Wl,-Map="AtoDconversion_1.map" -Wl,--gc-sections -static --specs=nano.specs -mfpu=fpv4-sp-d16 -mfloat-abi=hard -mthumb -Wl,--start-group -lc -lm -Wl,--end-group
Finished building target: AtoDconversion_1.elf
 
arm-none-eabi-size   AtoDconversion_1.elf 
arm-none-eabi-objdump -h -S  AtoDconversion_1.elf  > "AtoDconversion_1.list"
   text	   data	    bss	    dec	    hex	filename
  15840	    120	   1840	  17800	   4588	AtoDconversion_1.elf
Finished building: default.size.stdout
 
Finished building: AtoDconversion_1.list
 

23:44:06 Build Finished. 0 errors, 4 warnings. (took 1s.945ms)

