22:49:20 **** Incremental Build of configuration Debug for project AtoDconversion_1 ****
make -j16 all 
arm-none-eabi-size   AtoDconversion_1.elf 
   text	   data	    bss	    dec	    hex	filename
  12120	     20	   1788	  13928	   3668	AtoDconversion_1.elf
Finished building: default.size.stdout
 
00:16:03 **** Incremental Build of configuration Debug for project AtoDconversion_1 ****
make -j16 all 
arm-none-eabi-gcc "../Drivers/STM32F4xx_HAL_Driver/Src/stm32f4xx_hal.c" -mcpu=cortex-m4 -std=gnu11 -g3 -DDEBUG -DARM_MATH_CM4 -DUSE_HAL_DRIVER -DSTM32F411xE -c -I../Core/Inc -I"C:/Users/ROG/STM32CubeIDE/workspace_1.11.0/AtoDconversion_1/Drivers/CMSIS/DSP/Include" -I../Drivers/STM32F4xx_HAL_Driver/Inc -I../Drivers/STM32F4xx_HAL_Driver/Inc/Legacy -I../Drivers/CMSIS/Device/ST/STM32F4xx/Include -I../Drivers/CMSIS/Include -O0 -ffunction-sections -fdata-sections -Wall -fstack-usage -MMD -MP -MF"Drivers/STM32F4xx_HAL_Driver/Src/stm32f4xx_hal.d" -MT"Drivers/STM32F4xx_HAL_Driver/Src/stm32f4xx_hal.o" --specs=nano.specs -mfpu=fpv4-sp-d16 -mfloat-abi=hard -mthumb -o "Drivers/STM32F4xx_HAL_Driver/Src/stm32f4xx_hal.o"
arm-none-eabi-gcc "../Drivers/STM32F4xx_HAL_Driver/Src/stm32f4xx_hal_adc.c" -mcpu=cortex-m4 -std=gnu11 -g3 -DDEBUG -DARM_MATH_CM4 -DUSE_HAL_DRIVER -DSTM32F411xE -c -I../Core/Inc -I"C:/Users/ROG/STM32CubeIDE/workspace_1.11.0/AtoDconversion_1/Drivers/CMSIS/DSP/Include" -I../Drivers/STM32F4xx_HAL_Driver/Inc -I../Drivers/STM32F4xx_HAL_Driver/Inc/Legacy -I../Drivers/CMSIS/Device/ST/STM32F4xx/Include -I../Drivers/CMSIS/Include -O0 -ffunction-sections -fdata-sections -Wall -fstack-usage -MMD -MP -MF"Drivers/STM32F4xx_HAL_Driver/Src/stm32f4xx_hal_adc.d" -MT"Drivers/STM32F4xx_HAL_Driver/Src/stm32f4xx_hal_adc.o" --specs=nano.specs -mfpu=fpv4-sp-d16 -mfloat-abi=hard -mthumb -o "Drivers/STM32F4xx_HAL_Driver/Src/stm32f4xx_hal_adc.o"
arm-none-eabi-gcc "../Drivers/STM32F4xx_HAL_Driver/Src/stm32f4xx_hal_adc_ex.c" -mcpu=cortex-m4 -std=gnu11 -g3 -DDEBUG -DARM_MATH_CM4 -DUSE_HAL_DRIVER -DSTM32F411xE -c -I../Core/Inc -I"C:/Users/ROG/STM32CubeIDE/workspace_1.11.0/AtoDconversion_1/Drivers/CMSIS/DSP/Include" -I../Drivers/STM32F4xx_HAL_Driver/Inc -I../Drivers/STM32F4xx_HAL_Driver/Inc/Legacy -I../Drivers/CMSIS/Device/ST/STM32F4xx/Include -I../Drivers/CMSIS/Include -O0 -ffunction-sections -fdata-sections -Wall -fstack-usage -MMD -MP -MF"Drivers/STM32F4xx_HAL_Driver/Src/stm32f4xx_hal_adc_ex.d" -MT"Drivers/STM32F4xx_HAL_Driver/Src/stm32f4xx_hal_adc_ex.o" --specs=nano.specs -mfpu=fpv4-sp-d16 -mfloat-abi=hard -mthumb -o "Drivers/STM32F4xx_HAL_Driver/Src/stm32f4xx_hal_adc_ex.o"
arm-none-eabi-gcc "../Drivers/STM32F4xx_HAL_Driver/Src/stm32f4xx_hal_cortex.c" -mcpu=cortex-m4 -std=gnu11 -g3 -DDEBUG -DARM_MATH_CM4 -DUSE_HAL_DRIVER -DSTM32F411xE -c -I../Core/Inc -I"C:/Users/ROG/STM32CubeIDE/workspace_1.11.0/AtoDconversion_1/Drivers/CMSIS/DSP/Include" -I../Drivers/STM32F4xx_HAL_Driver/Inc -I../Drivers/STM32F4xx_HAL_Driver/Inc/Legacy -I../Drivers/CMSIS/Device/ST/STM32F4xx/Include -I../Drivers/CMSIS/Include -O0 -ffunction-sections -fdata-sections -Wall -fstack-usage -MMD -MP -MF"Drivers/STM32F4xx_HAL_Driver/Src/stm32f4xx_hal_cortex.d" -MT"Drivers/STM32F4xx_HAL_Driver/Src/stm32f4xx_hal_cortex.o" --specs=nano.specs -mfpu=fpv4-sp-d16 -mfloat-abi=hard -mthumb -o "Drivers/STM32F4xx_HAL_Driver/Src/stm32f4xx_hal_cortex.o"
arm-none-eabi-gcc "../Drivers/STM32F4xx_HAL_Driver/Src/stm32f4xx_hal_dma.c" -mcpu=cortex-m4 -std=gnu11 -g3 -DDEBUG -DARM_MATH_CM4 -DUSE_HAL_DRIVER -DSTM32F411xE -c -I../Core/Inc -I"C:/Users/ROG/STM32CubeIDE/workspace_1.11.0/AtoDconversion_1/Drivers/CMSIS/DSP/Include" -I../Drivers/STM32F4xx_HAL_Driver/Inc -I../Drivers/STM32F4xx_HAL_Driver/Inc/Legacy -I../Drivers/CMSIS/Device/ST/STM32F4xx/Include -I../Drivers/CMSIS/Include -O0 -ffunction-sections -fdata-sections -Wall -fstack-usage -MMD -MP -MF"Drivers/STM32F4xx_HAL_Driver/Src/stm32f4xx_hal_dma.d" -MT"Drivers/STM32F4xx_HAL_Driver/Src/stm32f4xx_hal_dma.o" --specs=nano.specs -mfpu=fpv4-sp-d16 -mfloat-abi=hard -mthumb -o "Drivers/STM32F4xx_HAL_Driver/Src/stm32f4xx_hal_dma.o"
arm-none-eabi-gcc "../Drivers/STM32F4xx_HAL_Driver/Src/stm32f4xx_hal_dma_ex.c" -mcpu=cortex-m4 -std=gnu11 -g3 -DDEBUG -DARM_MATH_CM4 -DUSE_HAL_DRIVER -DSTM32F411xE -c -I../Core/Inc -I"C:/Users/ROG/STM32CubeIDE/workspace_1.11.0/AtoDconversion_1/Drivers/CMSIS/DSP/Include" -I../Drivers/STM32F4xx_HAL_Driver/Inc -I../Drivers/STM32F4xx_HAL_Driver/Inc/Legacy -I../Drivers/CMSIS/Device/ST/STM32F4xx/Include -I../Drivers/CMSIS/Include -O0 -ffunction-sections -fdata-sections -Wall -fstack-usage -MMD -MP -MF"Drivers/STM32F4xx_HAL_Driver/Src/stm32f4xx_hal_dma_ex.d" -MT"Drivers/STM32F4xx_HAL_Driver/Src/stm32f4xx_hal_dma_ex.o" --specs=nano.specs -mfpu=fpv4-sp-d16 -mfloat-abi=hard -mthumb -o "Drivers/STM32F4xx_HAL_Driver/Src/stm32f4xx_hal_dma_ex.o"
arm-none-eabi-gcc "../Drivers/STM32F4xx_HAL_Driver/Src/stm32f4xx_hal_exti.c" -mcpu=cortex-m4 -std=gnu11 -g3 -DDEBUG -DARM_MATH_CM4 -DUSE_HAL_DRIVER -DSTM32F411xE -c -I../Core/Inc -I"C:/Users/ROG/STM32CubeIDE/workspace_1.11.0/AtoDconversion_1/Drivers/CMSIS/DSP/Include" -I../Drivers/STM32F4xx_HAL_Driver/Inc -I../Drivers/STM32F4xx_HAL_Driver/Inc/Legacy -I../Drivers/CMSIS/Device/ST/STM32F4xx/Include -I../Drivers/CMSIS/Include -O0 -ffunction-sections -fdata-sections -Wall -fstack-usage -MMD -MP -MF"Drivers/STM32F4xx_HAL_Driver/Src/stm32f4xx_hal_exti.d" -MT"Drivers/STM32F4xx_HAL_Driver/Src/stm32f4xx_hal_exti.o" --specs=nano.specs -mfpu=fpv4-sp-d16 -mfloat-abi=hard -mthumb -o "Drivers/STM32F4xx_HAL_Driver/Src/stm32f4xx_hal_exti.o"
arm-none-eabi-gcc "../Drivers/STM32F4xx_HAL_Driver/Src/stm32f4xx_hal_flash.c" -mcpu=cortex-m4 -std=gnu11 -g3 -DDEBUG -DARM_MATH_CM4 -DUSE_HAL_DRIVER -DSTM32F411xE -c -I../Core/Inc -I"C:/Users/ROG/STM32CubeIDE/workspace_1.11.0/AtoDconversion_1/Drivers/CMSIS/DSP/Include" -I../Drivers/STM32F4xx_HAL_Driver/Inc -I../Drivers/STM32F4xx_HAL_Driver/Inc/Legacy -I../Drivers/CMSIS/Device/ST/STM32F4xx/Include -I../Drivers/CMSIS/Include -O0 -ffunction-sections -fdata-sections -Wall -fstack-usage -MMD -MP -MF"Drivers/STM32F4xx_HAL_Driver/Src/stm32f4xx_hal_flash.d" -MT"Drivers/STM32F4xx_HAL_Driver/Src/stm32f4xx_hal_flash.o" --specs=nano.specs -mfpu=fpv4-sp-d16 -mfloat-abi=hard -mthumb -o "Drivers/STM32F4xx_HAL_Driver/Src/stm32f4xx_hal_flash.o"
arm-none-eabi-gcc "../Drivers/STM32F4xx_HAL_Driver/Src/stm32f4xx_hal_flash_ex.c" -mcpu=cortex-m4 -std=gnu11 -g3 -DDEBUG -DARM_MATH_CM4 -DUSE_HAL_DRIVER -DSTM32F411xE -c -I../Core/Inc -I"C:/Users/ROG/STM32CubeIDE/workspace_1.11.0/AtoDconversion_1/Drivers/CMSIS/DSP/Include" -I../Drivers/STM32F4xx_HAL_Driver/Inc -I../Drivers/STM32F4xx_HAL_Driver/Inc/Legacy -I../Drivers/CMSIS/Device/ST/STM32F4xx/Include -I../Drivers/CMSIS/Include -O0 -ffunction-sections -fdata-sections -Wall -fstack-usage -MMD -MP -MF"Drivers/STM32F4xx_HAL_Driver/Src/stm32f4xx_hal_flash_ex.d" -MT"Drivers/STM32F4xx_HAL_Driver/Src/stm32f4xx_hal_flash_ex.o" --specs=nano.specs -mfpu=fpv4-sp-d16 -mfloat-abi=hard -mthumb -o "Drivers/STM32F4xx_HAL_Driver/Src/stm32f4xx_hal_flash_ex.o"
arm-none-eabi-gcc "../Drivers/STM32F4xx_HAL_Driver/Src/stm32f4xx_hal_flash_ramfunc.c" -mcpu=cortex-m4 -std=gnu11 -g3 -DDEBUG -DARM_MATH_CM4 -DUSE_HAL_DRIVER -DSTM32F411xE -c -I../Core/Inc -I"C:/Users/ROG/STM32CubeIDE/workspace_1.11.0/AtoDconversion_1/Drivers/CMSIS/DSP/Include" -I../Drivers/STM32F4xx_HAL_Driver/Inc -I../Drivers/STM32F4xx_HAL_Driver/Inc/Legacy -I../Drivers/CMSIS/Device/ST/STM32F4xx/Include -I../Drivers/CMSIS/Include -O0 -ffunction-sections -fdata-sections -Wall -fstack-usage -MMD -MP -MF"Drivers/STM32F4xx_HAL_Driver/Src/stm32f4xx_hal_flash_ramfunc.d" -MT"Drivers/STM32F4xx_HAL_Driver/Src/stm32f4xx_hal_flash_ramfunc.o" --specs=nano.specs -mfpu=fpv4-sp-d16 -mfloat-abi=hard -mthumb -o "Drivers/STM32F4xx_HAL_Driver/Src/stm32f4xx_hal_flash_ramfunc.o"
arm-none-eabi-gcc "../Drivers/STM32F4xx_HAL_Driver/Src/stm32f4xx_hal_gpio.c" -mcpu=cortex-m4 -std=gnu11 -g3 -DDEBUG -DARM_MATH_CM4 -DUSE_HAL_DRIVER -DSTM32F411xE -c -I../Core/Inc -I"C:/Users/ROG/STM32CubeIDE/workspace_1.11.0/AtoDconversion_1/Drivers/CMSIS/DSP/Include" -I../Drivers/STM32F4xx_HAL_Driver/Inc -I../Drivers/STM32F4xx_HAL_Driver/Inc/Legacy -I../Drivers/CMSIS/Device/ST/STM32F4xx/Include -I../Drivers/CMSIS/Include -O0 -ffunction-sections -fdata-sections -Wall -fstack-usage -MMD -MP -MF"Drivers/STM32F4xx_HAL_Driver/Src/stm32f4xx_hal_gpio.d" -MT"Drivers/STM32F4xx_HAL_Driver/Src/stm32f4xx_hal_gpio.o" --specs=nano.specs -mfpu=fpv4-sp-d16 -mfloat-abi=hard -mthumb -o "Drivers/STM32F4xx_HAL_Driver/Src/stm32f4xx_hal_gpio.o"
arm-none-eabi-gcc "../Drivers/STM32F4xx_HAL_Driver/Src/stm32f4xx_hal_pwr.c" -mcpu=cortex-m4 -std=gnu11 -g3 -DDEBUG -DARM_MATH_CM4 -DUSE_HAL_DRIVER -DSTM32F411xE -c -I../Core/Inc -I"C:/Users/ROG/STM32CubeIDE/workspace_1.11.0/AtoDconversion_1/Drivers/CMSIS/DSP/Include" -I../Drivers/STM32F4xx_HAL_Driver/Inc -I../Drivers/STM32F4xx_HAL_Driver/Inc/Legacy -I../Drivers/CMSIS/Device/ST/STM32F4xx/Include -I../Drivers/CMSIS/Include -O0 -ffunction-sections -fdata-sections -Wall -fstack-usage -MMD -MP -MF"Drivers/STM32F4xx_HAL_Driver/Src/stm32f4xx_hal_pwr.d" -MT"Drivers/STM32F4xx_HAL_Driver/Src/stm32f4xx_hal_pwr.o" --specs=nano.specs -mfpu=fpv4-sp-d16 -mfloat-abi=hard -mthumb -o "Drivers/STM32F4xx_HAL_Driver/Src/stm32f4xx_hal_pwr.o"
arm-none-eabi-gcc "../Drivers/STM32F4xx_HAL_Driver/Src/stm32f4xx_hal_pwr_ex.c" -mcpu=cortex-m4 -std=gnu11 -g3 -DDEBUG -DARM_MATH_CM4 -DUSE_HAL_DRIVER -DSTM32F411xE -c -I../Core/Inc -I"C:/Users/ROG/STM32CubeIDE/workspace_1.11.0/AtoDconversion_1/Drivers/CMSIS/DSP/Include" -I../Drivers/STM32F4xx_HAL_Driver/Inc -I../Drivers/STM32F4xx_HAL_Driver/Inc/Legacy -I../Drivers/CMSIS/Device/ST/STM32F4xx/Include -I../Drivers/CMSIS/Include -O0 -ffunction-sections -fdata-sections -Wall -fstack-usage -MMD -MP -MF"Drivers/STM32F4xx_HAL_Driver/Src/stm32f4xx_hal_pwr_ex.d" -MT"Drivers/STM32F4xx_HAL_Driver/Src/stm32f4xx_hal_pwr_ex.o" --specs=nano.specs -mfpu=fpv4-sp-d16 -mfloat-abi=hard -mthumb -o "Drivers/STM32F4xx_HAL_Driver/Src/stm32f4xx_hal_pwr_ex.o"
arm-none-eabi-gcc "../Drivers/STM32F4xx_HAL_Driver/Src/stm32f4xx_hal_rcc.c" -mcpu=cortex-m4 -std=gnu11 -g3 -DDEBUG -DARM_MATH_CM4 -DUSE_HAL_DRIVER -DSTM32F411xE -c -I../Core/Inc -I"C:/Users/ROG/STM32CubeIDE/workspace_1.11.0/AtoDconversion_1/Drivers/CMSIS/DSP/Include" -I../Drivers/STM32F4xx_HAL_Driver/Inc -I../Drivers/STM32F4xx_HAL_Driver/Inc/Legacy -I../Drivers/CMSIS/Device/ST/STM32F4xx/Include -I../Drivers/CMSIS/Include -O0 -ffunction-sections -fdata-sections -Wall -fstack-usage -MMD -MP -MF"Drivers/STM32F4xx_HAL_Driver/Src/stm32f4xx_hal_rcc.d" -MT"Drivers/STM32F4xx_HAL_Driver/Src/stm32f4xx_hal_rcc.o" --specs=nano.specs -mfpu=fpv4-sp-d16 -mfloat-abi=hard -mthumb -o "Drivers/STM32F4xx_HAL_Driver/Src/stm32f4xx_hal_rcc.o"
arm-none-eabi-gcc "../Drivers/STM32F4xx_HAL_Driver/Src/stm32f4xx_hal_rcc_ex.c" -mcpu=cortex-m4 -std=gnu11 -g3 -DDEBUG -DARM_MATH_CM4 -DUSE_HAL_DRIVER -DSTM32F411xE -c -I../Core/Inc -I"C:/Users/ROG/STM32CubeIDE/workspace_1.11.0/AtoDconversion_1/Drivers/CMSIS/DSP/Include" -I../Drivers/STM32F4xx_HAL_Driver/Inc -I../Drivers/STM32F4xx_HAL_Driver/Inc/Legacy -I../Drivers/CMSIS/Device/ST/STM32F4xx/Include -I../Drivers/CMSIS/Include -O0 -ffunction-sections -fdata-sections -Wall -fstack-usage -MMD -MP -MF"Drivers/STM32F4xx_HAL_Driver/Src/stm32f4xx_hal_rcc_ex.d" -MT"Drivers/STM32F4xx_HAL_Driver/Src/stm32f4xx_hal_rcc_ex.o" --specs=nano.specs -mfpu=fpv4-sp-d16 -mfloat-abi=hard -mthumb -o "Drivers/STM32F4xx_HAL_Driver/Src/stm32f4xx_hal_rcc_ex.o"
arm-none-eabi-gcc "../Drivers/STM32F4xx_HAL_Driver/Src/stm32f4xx_hal_tim.c" -mcpu=cortex-m4 -std=gnu11 -g3 -DDEBUG -DARM_MATH_CM4 -DUSE_HAL_DRIVER -DSTM32F411xE -c -I../Core/Inc -I"C:/Users/ROG/STM32CubeIDE/workspace_1.11.0/AtoDconversion_1/Drivers/CMSIS/DSP/Include" -I../Drivers/STM32F4xx_HAL_Driver/Inc -I../Drivers/STM32F4xx_HAL_Driver/Inc/Legacy -I../Drivers/CMSIS/Device/ST/STM32F4xx/Include -I../Drivers/CMSIS/Include -O0 -ffunction-sections -fdata-sections -Wall -fstack-usage -MMD -MP -MF"Drivers/STM32F4xx_HAL_Driver/Src/stm32f4xx_hal_tim.d" -MT"Drivers/STM32F4xx_HAL_Driver/Src/stm32f4xx_hal_tim.o" --specs=nano.specs -mfpu=fpv4-sp-d16 -mfloat-abi=hard -mthumb -o "Drivers/STM32F4xx_HAL_Driver/Src/stm32f4xx_hal_tim.o"
arm-none-eabi-gcc "../Drivers/STM32F4xx_HAL_Driver/Src/stm32f4xx_hal_tim_ex.c" -mcpu=cortex-m4 -std=gnu11 -g3 -DDEBUG -DARM_MATH_CM4 -DUSE_HAL_DRIVER -DSTM32F411xE -c -I../Core/Inc -I"C:/Users/ROG/STM32CubeIDE/workspace_1.11.0/AtoDconversion_1/Drivers/CMSIS/DSP/Include" -I../Drivers/STM32F4xx_HAL_Driver/Inc -I../Drivers/STM32F4xx_HAL_Driver/Inc/Legacy -I../Drivers/CMSIS/Device/ST/STM32F4xx/Include -I../Drivers/CMSIS/Include -O0 -ffunction-sections -fdata-sections -Wall -fstack-usage -MMD -MP -MF"Drivers/STM32F4xx_HAL_Driver/Src/stm32f4xx_hal_tim_ex.d" -MT"Drivers/STM32F4xx_HAL_Driver/Src/stm32f4xx_hal_tim_ex.o" --specs=nano.specs -mfpu=fpv4-sp-d16 -mfloat-abi=hard -mthumb -o "Drivers/STM32F4xx_HAL_Driver/Src/stm32f4xx_hal_tim_ex.o"
arm-none-eabi-gcc "../Drivers/STM32F4xx_HAL_Driver/Src/stm32f4xx_hal_uart.c" -mcpu=cortex-m4 -std=gnu11 -g3 -DDEBUG -DARM_MATH_CM4 -DUSE_HAL_DRIVER -DSTM32F411xE -c -I../Core/Inc -I"C:/Users/ROG/STM32CubeIDE/workspace_1.11.0/AtoDconversion_1/Drivers/CMSIS/DSP/Include" -I../Drivers/STM32F4xx_HAL_Driver/Inc -I../Drivers/STM32F4xx_HAL_Driver/Inc/Legacy -I../Drivers/CMSIS/Device/ST/STM32F4xx/Include -I../Drivers/CMSIS/Include -O0 -ffunction-sections -fdata-sections -Wall -fstack-usage -MMD -MP -MF"Drivers/STM32F4xx_HAL_Driver/Src/stm32f4xx_hal_uart.d" -MT"Drivers/STM32F4xx_HAL_Driver/Src/stm32f4xx_hal_uart.o" --specs=nano.specs -mfpu=fpv4-sp-d16 -mfloat-abi=hard -mthumb -o "Drivers/STM32F4xx_HAL_Driver/Src/stm32f4xx_hal_uart.o"
arm-none-eabi-gcc "../Drivers/STM32F4xx_HAL_Driver/Src/stm32f4xx_ll_adc.c" -mcpu=cortex-m4 -std=gnu11 -g3 -DDEBUG -DARM_MATH_CM4 -DUSE_HAL_DRIVER -DSTM32F411xE -c -I../Core/Inc -I"C:/Users/ROG/STM32CubeIDE/workspace_1.11.0/AtoDconversion_1/Drivers/CMSIS/DSP/Include" -I../Drivers/STM32F4xx_HAL_Driver/Inc -I../Drivers/STM32F4xx_HAL_Driver/Inc/Legacy -I../Drivers/CMSIS/Device/ST/STM32F4xx/Include -I../Drivers/CMSIS/Include -O0 -ffunction-sections -fdata-sections -Wall -fstack-usage -MMD -MP -MF"Drivers/STM32F4xx_HAL_Driver/Src/stm32f4xx_ll_adc.d" -MT"Drivers/STM32F4xx_HAL_Driver/Src/stm32f4xx_ll_adc.o" --specs=nano.specs -mfpu=fpv4-sp-d16 -mfloat-abi=hard -mthumb -o "Drivers/STM32F4xx_HAL_Driver/Src/stm32f4xx_ll_adc.o"
arm-none-eabi-gcc "../Core/Src/main.c" -mcpu=cortex-m4 -std=gnu11 -g3 -DDEBUG -DARM_MATH_CM4 -DUSE_HAL_DRIVER -DSTM32F411xE -c -I../Core/Inc -I"C:/Users/ROG/STM32CubeIDE/workspace_1.11.0/AtoDconversion_1/Drivers/CMSIS/DSP/Include" -I../Drivers/STM32F4xx_HAL_Driver/Inc -I../Drivers/STM32F4xx_HAL_Driver/Inc/Legacy -I../Drivers/CMSIS/Device/ST/STM32F4xx/Include -I../Drivers/CMSIS/Include -O0 -ffunction-sections -fdata-sections -Wall -fstack-usage -MMD -MP -MF"Core/Src/main.d" -MT"Core/Src/main.o" --specs=nano.specs -mfpu=fpv4-sp-d16 -mfloat-abi=hard -mthumb -o "Core/Src/main.o"
arm-none-eabi-gcc "../Core/Src/stm32f4xx_hal_msp.c" -mcpu=cortex-m4 -std=gnu11 -g3 -DDEBUG -DARM_MATH_CM4 -DUSE_HAL_DRIVER -DSTM32F411xE -c -I../Core/Inc -I"C:/Users/ROG/STM32CubeIDE/workspace_1.11.0/AtoDconversion_1/Drivers/CMSIS/DSP/Include" -I../Drivers/STM32F4xx_HAL_Driver/Inc -I../Drivers/STM32F4xx_HAL_Driver/Inc/Legacy -I../Drivers/CMSIS/Device/ST/STM32F4xx/Include -I../Drivers/CMSIS/Include -O0 -ffunction-sections -fdata-sections -Wall -fstack-usage -MMD -MP -MF"Core/Src/stm32f4xx_hal_msp.d" -MT"Core/Src/stm32f4xx_hal_msp.o" --specs=nano.specs -mfpu=fpv4-sp-d16 -mfloat-abi=hard -mthumb -o "Core/Src/stm32f4xx_hal_msp.o"
arm-none-eabi-gcc "../Core/Src/stm32f4xx_it.c" -mcpu=cortex-m4 -std=gnu11 -g3 -DDEBUG -DARM_MATH_CM4 -DUSE_HAL_DRIVER -DSTM32F411xE -c -I../Core/Inc -I"C:/Users/ROG/STM32CubeIDE/workspace_1.11.0/AtoDconversion_1/Drivers/CMSIS/DSP/Include" -I../Drivers/STM32F4xx_HAL_Driver/Inc -I../Drivers/STM32F4xx_HAL_Driver/Inc/Legacy -I../Drivers/CMSIS/Device/ST/STM32F4xx/Include -I../Drivers/CMSIS/Include -O0 -ffunction-sections -fdata-sections -Wall -fstack-usage -MMD -MP -MF"Core/Src/stm32f4xx_it.d" -MT"Core/Src/stm32f4xx_it.o" --specs=nano.specs -mfpu=fpv4-sp-d16 -mfloat-abi=hard -mthumb -o "Core/Src/stm32f4xx_it.o"
arm-none-eabi-gcc "../Core/Src/syscalls.c" -mcpu=cortex-m4 -std=gnu11 -g3 -DDEBUG -DARM_MATH_CM4 -DUSE_HAL_DRIVER -DSTM32F411xE -c -I../Core/Inc -I"C:/Users/ROG/STM32CubeIDE/workspace_1.11.0/AtoDconversion_1/Drivers/CMSIS/DSP/Include" -I../Drivers/STM32F4xx_HAL_Driver/Inc -I../Drivers/STM32F4xx_HAL_Driver/Inc/Legacy -I../Drivers/CMSIS/Device/ST/STM32F4xx/Include -I../Drivers/CMSIS/Include -O0 -ffunction-sections -fdata-sections -Wall -fstack-usage -MMD -MP -MF"Core/Src/syscalls.d" -MT"Core/Src/syscalls.o" --specs=nano.specs -mfpu=fpv4-sp-d16 -mfloat-abi=hard -mthumb -o "Core/Src/syscalls.o"
arm-none-eabi-gcc "../Core/Src/sysmem.c" -mcpu=cortex-m4 -std=gnu11 -g3 -DDEBUG -DARM_MATH_CM4 -DUSE_HAL_DRIVER -DSTM32F411xE -c -I../Core/Inc -I"C:/Users/ROG/STM32CubeIDE/workspace_1.11.0/AtoDconversion_1/Drivers/CMSIS/DSP/Include" -I../Drivers/STM32F4xx_HAL_Driver/Inc -I../Drivers/STM32F4xx_HAL_Driver/Inc/Legacy -I../Drivers/CMSIS/Device/ST/STM32F4xx/Include -I../Drivers/CMSIS/Include -O0 -ffunction-sections -fdata-sections -Wall -fstack-usage -MMD -MP -MF"Core/Src/sysmem.d" -MT"Core/Src/sysmem.o" --specs=nano.specs -mfpu=fpv4-sp-d16 -mfloat-abi=hard -mthumb -o "Core/Src/sysmem.o"
arm-none-eabi-gcc "../Core/Src/system_stm32f4xx.c" -mcpu=cortex-m4 -std=gnu11 -g3 -DDEBUG -DARM_MATH_CM4 -DUSE_HAL_DRIVER -DSTM32F411xE -c -I../Core/Inc -I"C:/Users/ROG/STM32CubeIDE/workspace_1.11.0/AtoDconversion_1/Drivers/CMSIS/DSP/Include" -I../Drivers/STM32F4xx_HAL_Driver/Inc -I../Drivers/STM32F4xx_HAL_Driver/Inc/Legacy -I../Drivers/CMSIS/Device/ST/STM32F4xx/Include -I../Drivers/CMSIS/Include -O0 -ffunction-sections -fdata-sections -Wall -fstack-usage -MMD -MP -MF"Core/Src/system_stm32f4xx.d" -MT"Core/Src/system_stm32f4xx.o" --specs=nano.specs -mfpu=fpv4-sp-d16 -mfloat-abi=hard -mthumb -o "Core/Src/system_stm32f4xx.o"
../Core/Src/main.c: In function 'HAL_ADC_ConvCpltCallback':
../Core/Src/main.c:138:18: warning: variable 'row1' set but not used [-Wunused-but-set-variable]
  138 |   static int16_t row1 = 0;
      |                  ^~~~
At top level:
../Core/Src/main.c:136:6: warning: 'HAL_ADC_ConvCpltCallback' defined but not used [-Wunused-function]
  136 | void HAL_ADC_ConvCpltCallback(ADC_HandleTypeDef*h)
      |      ^~~~~~~~~~~~~~~~~~~~~~~~
../Core/Src/main.c:131:6: warning: 'HAL_TIM_PeriodElapsedCallback' defined but not used [-Wunused-function]
  131 | void HAL_TIM_PeriodElapsedCallback(TIM_HandleTypeDef *htim)
      |      ^~~~~~~~~~~~~~~~~~~~~~~~~~~~~
arm-none-eabi-gcc -o "AtoDconversion_1.elf" @"objects.list"  -larm_cortexM4lf_math -mcpu=cortex-m4 -T"C:\Users\ROG\STM32CubeIDE\workspace_1.11.0\AtoDconversion_1\STM32F411CEUX_FLASH.ld" --specs=nosys.specs -Wl,-Map="AtoDconversion_1.map" -Wl,--gc-sections -static -L"C:\Users\ROG\STM32CubeIDE\workspace_1.11.0\AtoDconversion_1\Drivers\CMSIS\Lib\GCC" --specs=nano.specs -mfpu=fpv4-sp-d16 -mfloat-abi=hard -mthumb -Wl,--start-group -lc -lm -Wl,--end-group
Finished building target: AtoDconversion_1.elf
 
arm-none-eabi-size   AtoDconversion_1.elf 
arm-none-eabi-objdump -h -S  AtoDconversion_1.elf  > "AtoDconversion_1.list"
   text	   data	    bss	    dec	    hex	filename
  12108	     20	   1780	  13908	   3654	AtoDconversion_1.elf
Finished building: default.size.stdout
 
Finished building: AtoDconversion_1.list
 
00:21:28 **** Incremental Build of configuration Debug for project AtoDconversion_1 ****
make -j16 all 
arm-none-eabi-gcc "../Core/Src/main.c" -mcpu=cortex-m4 -std=gnu11 -g3 -DDEBUG -DARM_MATH_CM4 -DUSE_HAL_DRIVER -DSTM32F411xE -c -I../Core/Inc -I"C:/Users/ROG/STM32CubeIDE/workspace_1.11.0/AtoDconversion_1/Drivers/CMSIS/DSP/Include" -I../Drivers/STM32F4xx_HAL_Driver/Inc -I../Drivers/STM32F4xx_HAL_Driver/Inc/Legacy -I../Drivers/CMSIS/Device/ST/STM32F4xx/Include -I../Drivers/CMSIS/Include -O0 -ffunction-sections -fdata-sections -Wall -fstack-usage -MMD -MP -MF"Core/Src/main.d" -MT"Core/Src/main.o" --specs=nano.specs -mfpu=fpv4-sp-d16 -mfloat-abi=hard -mthumb -o "Core/Src/main.o"
../Core/Src/main.c: In function 'HAL_ADC_ConvCpltCallback':
../Core/Src/main.c:139:18: warning: variable 'row1' set but not used [-Wunused-but-set-variable]
  139 |   static int16_t row1 = 0;
      |                  ^~~~
At top level:
../Core/Src/main.c:137:6: warning: 'HAL_ADC_ConvCpltCallback' defined but not used [-Wunused-function]
  137 | void HAL_ADC_ConvCpltCallback(ADC_HandleTypeDef*h)
      |      ^~~~~~~~~~~~~~~~~~~~~~~~
../Core/Src/main.c:132:6: warning: 'HAL_TIM_PeriodElapsedCallback' defined but not used [-Wunused-function]
  132 | void HAL_TIM_PeriodElapsedCallback(TIM_HandleTypeDef *htim)
      |      ^~~~~~~~~~~~~~~~~~~~~~~~~~~~~
arm-none-eabi-gcc -o "AtoDconversion_1.elf" @"objects.list"  -larm_cortexM4lf_math -mcpu=cortex-m4 -T"C:\Users\ROG\STM32CubeIDE\workspace_1.11.0\AtoDconversion_1\STM32F411CEUX_FLASH.ld" --specs=nosys.specs -Wl,-Map="AtoDconversion_1.map" -Wl,--gc-sections -static -L"C:\Users\ROG\STM32CubeIDE\workspace_1.11.0\AtoDconversion_1\Drivers\CMSIS\Lib\GCC" --specs=nano.specs -mfpu=fpv4-sp-d16 -mfloat-abi=hard -mthumb -Wl,--start-group -lc -lm -Wl,--end-group
Finished building target: AtoDconversion_1.elf
 
arm-none-eabi-size   AtoDconversion_1.elf 
arm-none-eabi-objdump -h -S  AtoDconversion_1.elf  > "AtoDconversion_1.list"
   text	   data	    bss	    dec	    hex	filename
  12108	     20	   1780	  13908	   3654	AtoDconversion_1.elf
Finished building: default.size.stdout
 
Finished building: AtoDconversion_1.list
 
00:23:56 **** Incremental Build of configuration Debug for project AtoDconversion_1 ****
make -j16 all 
arm-none-eabi-gcc "../Core/Src/main.c" -mcpu=cortex-m4 -std=gnu11 -g3 -DDEBUG -DARM_MATH_CM4 -DUSE_HAL_DRIVER -DSTM32F411xE -c -I../Core/Inc -I"C:/Users/ROG/STM32CubeIDE/workspace_1.11.0/AtoDconversion_1/Drivers/CMSIS/DSP/Include" -I../Drivers/STM32F4xx_HAL_Driver/Inc -I../Drivers/STM32F4xx_HAL_Driver/Inc/Legacy -I../Drivers/CMSIS/Device/ST/STM32F4xx/Include -I../Drivers/CMSIS/Include -O0 -ffunction-sections -fdata-sections -Wall -fstack-usage -MMD -MP -MF"Core/Src/main.d" -MT"Core/Src/main.o" --specs=nano.specs -mfpu=fpv4-sp-d16 -mfloat-abi=hard -mthumb -o "Core/Src/main.o"
../Core/Src/main.c: In function 'HAL_ADC_ConvCpltCallback':
../Core/Src/main.c:139:18: warning: variable 'row1' set but not used [-Wunused-but-set-variable]
  139 |   static int16_t row1 = 0;
      |                  ^~~~
At top level:
../Core/Src/main.c:137:6: warning: 'HAL_ADC_ConvCpltCallback' defined but not used [-Wunused-function]
  137 | void HAL_ADC_ConvCpltCallback(ADC_HandleTypeDef*h)
      |      ^~~~~~~~~~~~~~~~~~~~~~~~
../Core/Src/main.c:132:6: warning: 'HAL_TIM_PeriodElapsedCallback' defined but not used [-Wunused-function]
  132 | void HAL_TIM_PeriodElapsedCallback(TIM_HandleTypeDef *htim9)
      |      ^~~~~~~~~~~~~~~~~~~~~~~~~~~~~
arm-none-eabi-gcc -o "AtoDconversion_1.elf" @"objects.list"  -larm_cortexM4lf_math -mcpu=cortex-m4 -T"C:\Users\ROG\STM32CubeIDE\workspace_1.11.0\AtoDconversion_1\STM32F411CEUX_FLASH.ld" --specs=nosys.specs -Wl,-Map="AtoDconversion_1.map" -Wl,--gc-sections -static -L"C:\Users\ROG\STM32CubeIDE\workspace_1.11.0\AtoDconversion_1\Drivers\CMSIS\Lib\GCC" --specs=nano.specs -mfpu=fpv4-sp-d16 -mfloat-abi=hard -mthumb -Wl,--start-group -lc -lm -Wl,--end-group
Finished building target: AtoDconversion_1.elf
 
arm-none-eabi-size   AtoDconversion_1.elf 
arm-none-eabi-objdump -h -S  AtoDconversion_1.elf  > "AtoDconversion_1.list"
   text	   data	    bss	    dec	    hex	filename
  12108	     20	   1780	  13908	   3654	AtoDconversion_1.elf
Finished building: default.size.stdout
 
Finished building: AtoDconversion_1.list
 
00:24:13 **** Incremental Build of configuration Debug for project AtoDconversion_1 ****
make -j16 all 
arm-none-eabi-gcc "../Core/Src/main.c" -mcpu=cortex-m4 -std=gnu11 -g3 -DDEBUG -DARM_MATH_CM4 -DUSE_HAL_DRIVER -DSTM32F411xE -c -I../Core/Inc -I"C:/Users/ROG/STM32CubeIDE/workspace_1.11.0/AtoDconversion_1/Drivers/CMSIS/DSP/Include" -I../Drivers/STM32F4xx_HAL_Driver/Inc -I../Drivers/STM32F4xx_HAL_Driver/Inc/Legacy -I../Drivers/CMSIS/Device/ST/STM32F4xx/Include -I../Drivers/CMSIS/Include -O0 -ffunction-sections -fdata-sections -Wall -fstack-usage -MMD -MP -MF"Core/Src/main.d" -MT"Core/Src/main.o" --specs=nano.specs -mfpu=fpv4-sp-d16 -mfloat-abi=hard -mthumb -o "Core/Src/main.o"
../Core/Src/main.c: In function 'HAL_ADC_ConvCpltCallback':
../Core/Src/main.c:139:18: warning: variable 'row1' set but not used [-Wunused-but-set-variable]
  139 |   static int16_t row1 = 0;
      |                  ^~~~
At top level:
../Core/Src/main.c:137:6: warning: 'HAL_ADC_ConvCpltCallback' defined but not used [-Wunused-function]
  137 | void HAL_ADC_ConvCpltCallback(ADC_HandleTypeDef*h)
      |      ^~~~~~~~~~~~~~~~~~~~~~~~
../Core/Src/main.c:132:6: warning: 'HAL_TIM_PeriodElapsedCallback' defined but not used [-Wunused-function]
  132 | void HAL_TIM_PeriodElapsedCallback(TIM_HandleTypeDef *htim)
      |      ^~~~~~~~~~~~~~~~~~~~~~~~~~~~~
arm-none-eabi-gcc -o "AtoDconversion_1.elf" @"objects.list"  -larm_cortexM4lf_math -mcpu=cortex-m4 -T"C:\Users\ROG\STM32CubeIDE\workspace_1.11.0\AtoDconversion_1\STM32F411CEUX_FLASH.ld" --specs=nosys.specs -Wl,-Map="AtoDconversion_1.map" -Wl,--gc-sections -static -L"C:\Users\ROG\STM32CubeIDE\workspace_1.11.0\AtoDconversion_1\Drivers\CMSIS\Lib\GCC" --specs=nano.specs -mfpu=fpv4-sp-d16 -mfloat-abi=hard -mthumb -Wl,--start-group -lc -lm -Wl,--end-group
Finished building target: AtoDconversion_1.elf
 
arm-none-eabi-size   AtoDconversion_1.elf 
arm-none-eabi-objdump -h -S  AtoDconversion_1.elf  > "AtoDconversion_1.list"
   text	   data	    bss	    dec	    hex	filename
  11904	     20	   1780	  13704	   3588	AtoDconversion_1.elf
Finished building: default.size.stdout
 
Finished building: AtoDconversion_1.list
 
00:24:20 **** Incremental Build of configuration Debug for project AtoDconversion_1 ****
make -j16 all 
arm-none-eabi-gcc "../Core/Src/main.c" -mcpu=cortex-m4 -std=gnu11 -g3 -DDEBUG -DARM_MATH_CM4 -DUSE_HAL_DRIVER -DSTM32F411xE -c -I../Core/Inc -I"C:/Users/ROG/STM32CubeIDE/workspace_1.11.0/AtoDconversion_1/Drivers/CMSIS/DSP/Include" -I../Drivers/STM32F4xx_HAL_Driver/Inc -I../Drivers/STM32F4xx_HAL_Driver/Inc/Legacy -I../Drivers/CMSIS/Device/ST/STM32F4xx/Include -I../Drivers/CMSIS/Include -O0 -ffunction-sections -fdata-sections -Wall -fstack-usage -MMD -MP -MF"Core/Src/main.d" -MT"Core/Src/main.o" --specs=nano.specs -mfpu=fpv4-sp-d16 -mfloat-abi=hard -mthumb -o "Core/Src/main.o"
../Core/Src/main.c: In function 'HAL_ADC_ConvCpltCallback':
../Core/Src/main.c:139:18: warning: variable 'row1' set but not used [-Wunused-but-set-variable]
  139 |   static int16_t row1 = 0;
      |                  ^~~~
At top level:
../Core/Src/main.c:137:6: warning: 'HAL_ADC_ConvCpltCallback' defined but not used [-Wunused-function]
  137 | void HAL_ADC_ConvCpltCallback(ADC_HandleTypeDef*h)
      |      ^~~~~~~~~~~~~~~~~~~~~~~~
../Core/Src/main.c:132:6: warning: 'HAL_TIM_PeriodElapsedCallback' defined but not used [-Wunused-function]
  132 | void HAL_TIM_PeriodElapsedCallback(TIM_HandleTypeDef *htim)
      |      ^~~~~~~~~~~~~~~~~~~~~~~~~~~~~
arm-none-eabi-gcc -o "AtoDconversion_1.elf" @"objects.list"  -larm_cortexM4lf_math -mcpu=cortex-m4 -T"C:\Users\ROG\STM32CubeIDE\workspace_1.11.0\AtoDconversion_1\STM32F411CEUX_FLASH.ld" --specs=nosys.specs -Wl,-Map="AtoDconversion_1.map" -Wl,--gc-sections -static -L"C:\Users\ROG\STM32CubeIDE\workspace_1.11.0\AtoDconversion_1\Drivers\CMSIS\Lib\GCC" --specs=nano.specs -mfpu=fpv4-sp-d16 -mfloat-abi=hard -mthumb -Wl,--start-group -lc -lm -Wl,--end-group
Finished building target: AtoDconversion_1.elf
 
arm-none-eabi-size   AtoDconversion_1.elf 
arm-none-eabi-objdump -h -S  AtoDconversion_1.elf  > "AtoDconversion_1.list"
   text	   data	    bss	    dec	    hex	filename
  12108	     20	   1780	  13908	   3654	AtoDconversion_1.elf
Finished building: default.size.stdout
 
Finished building: AtoDconversion_1.list
 
00:30:28 **** Incremental Build of configuration Debug for project AtoDconversion_1 ****
make -j16 all 
arm-none-eabi-gcc "../Core/Src/main.c" -mcpu=cortex-m4 -std=gnu11 -g3 -DDEBUG -DARM_MATH_CM4 -DUSE_HAL_DRIVER -DSTM32F411xE -c -I../Core/Inc -I"C:/Users/ROG/STM32CubeIDE/workspace_1.11.0/AtoDconversion_1/Drivers/CMSIS/DSP/Include" -I../Drivers/STM32F4xx_HAL_Driver/Inc -I../Drivers/STM32F4xx_HAL_Driver/Inc/Legacy -I../Drivers/CMSIS/Device/ST/STM32F4xx/Include -I../Drivers/CMSIS/Include -O0 -ffunction-sections -fdata-sections -Wall -fstack-usage -MMD -MP -MF"Core/Src/main.d" -MT"Core/Src/main.o" --specs=nano.specs -mfpu=fpv4-sp-d16 -mfloat-abi=hard -mthumb -o "Core/Src/main.o"
../Core/Src/main.c: In function 'HAL_ADC_ConvCpltCallback':
../Core/Src/main.c:144:18: warning: variable 'row1' set but not used [-Wunused-but-set-variable]
  144 |   static int16_t row1 = 0;
      |                  ^~~~
arm-none-eabi-gcc -o "AtoDconversion_1.elf" @"objects.list"  -larm_cortexM4lf_math -mcpu=cortex-m4 -T"C:\Users\ROG\STM32CubeIDE\workspace_1.11.0\AtoDconversion_1\STM32F411CEUX_FLASH.ld" --specs=nosys.specs -Wl,-Map="AtoDconversion_1.map" -Wl,--gc-sections -static -L"C:\Users\ROG\STM32CubeIDE\workspace_1.11.0\AtoDconversion_1\Drivers\CMSIS\Lib\GCC" --specs=nano.specs -mfpu=fpv4-sp-d16 -mfloat-abi=hard -mthumb -Wl,--start-group -lc -lm -Wl,--end-group
Finished building target: AtoDconversion_1.elf
 
arm-none-eabi-size   AtoDconversion_1.elf 
arm-none-eabi-objdump -h -S  AtoDconversion_1.elf  > "AtoDconversion_1.list"
   text	   data	    bss	    dec	    hex	filename
  12544	     20	   1788	  14352	   3810	AtoDconversion_1.elf
Finished building: default.size.stdout
 
Finished building: AtoDconversion_1.list
 
00:37:47 **** Incremental Build of configuration Debug for project AtoDconversion_1 ****
make -j16 all 
arm-none-eabi-size   AtoDconversion_1.elf 
   text	   data	    bss	    dec	    hex	filename
  12544	     20	   1788	  14352	   3810	AtoDconversion_1.elf
Finished building: default.size.stdout
 
00:41:50 **** Incremental Build of configuration Debug for project AtoDconversion_1 ****
make -j16 all 
arm-none-eabi-gcc "../Core/Src/main.c" -mcpu=cortex-m4 -std=gnu11 -g3 -DDEBUG -DARM_MATH_CM4 -DUSE_HAL_DRIVER -DSTM32F411xE -c -I../Core/Inc -I"C:/Users/ROG/STM32CubeIDE/workspace_1.11.0/AtoDconversion_1/Drivers/CMSIS/DSP/Include" -I../Drivers/STM32F4xx_HAL_Driver/Inc -I../Drivers/STM32F4xx_HAL_Driver/Inc/Legacy -I../Drivers/CMSIS/Device/ST/STM32F4xx/Include -I../Drivers/CMSIS/Include -O0 -ffunction-sections -fdata-sections -Wall -fstack-usage -MMD -MP -MF"Core/Src/main.d" -MT"Core/Src/main.o" --specs=nano.specs -mfpu=fpv4-sp-d16 -mfloat-abi=hard -mthumb -o "Core/Src/main.o"
../Core/Src/main.c: In function 'HAL_ADC_ConvCpltCallback':
../Core/Src/main.c:331:18: warning: variable 'row1' set but not used [-Wunused-but-set-variable]
  331 |   static int16_t row1 = 0;
      |                  ^~~~
arm-none-eabi-gcc -o "AtoDconversion_1.elf" @"objects.list"  -larm_cortexM4lf_math -mcpu=cortex-m4 -T"C:\Users\ROG\STM32CubeIDE\workspace_1.11.0\AtoDconversion_1\STM32F411CEUX_FLASH.ld" --specs=nosys.specs -Wl,-Map="AtoDconversion_1.map" -Wl,--gc-sections -static -L"C:\Users\ROG\STM32CubeIDE\workspace_1.11.0\AtoDconversion_1\Drivers\CMSIS\Lib\GCC" --specs=nano.specs -mfpu=fpv4-sp-d16 -mfloat-abi=hard -mthumb -Wl,--start-group -lc -lm -Wl,--end-group
Finished building target: AtoDconversion_1.elf
 
arm-none-eabi-size   AtoDconversion_1.elf 
arm-none-eabi-objdump -h -S  AtoDconversion_1.elf  > "AtoDconversion_1.list"
   text	   data	    bss	    dec	    hex	filename
  12544	     20	   1788	  14352	   3810	AtoDconversion_1.elf
Finished building: default.size.stdout
 
Finished building: AtoDconversion_1.list
 
00:41:58 **** Incremental Build of configuration Debug for project AtoDconversion_1 ****
make -j16 all 
arm-none-eabi-size   AtoDconversion_1.elf 
   text	   data	    bss	    dec	    hex	filename
  12544	     20	   1788	  14352	   3810	AtoDconversion_1.elf
Finished building: default.size.stdout
 
00:46:46 **** Incremental Build of configuration Debug for project AtoDconversion_1 ****
make -j16 all 
arm-none-eabi-size   AtoDconversion_1.elf 
   text	   data	    bss	    dec	    hex	filename
  12544	     20	   1788	  14352	   3810	AtoDconversion_1.elf
Finished building: default.size.stdout
 
00:47:16 **** Incremental Build of configuration Debug for project AtoDconversion_1 ****
make -j16 all 
arm-none-eabi-size   AtoDconversion_1.elf 
   text	   data	    bss	    dec	    hex	filename
  12544	     20	   1788	  14352	   3810	AtoDconversion_1.elf
Finished building: default.size.stdout
 
00:47:37 **** Incremental Build of configuration Debug for project AtoDconversion_1 ****
make -j16 all 
arm-none-eabi-size   AtoDconversion_1.elf 
   text	   data	    bss	    dec	    hex	filename
  12544	     20	   1788	  14352	   3810	AtoDconversion_1.elf
Finished building: default.size.stdout
 
00:49:12 **** Incremental Build of configuration Debug for project AtoDconversion_1 ****
make -j16 all 
arm-none-eabi-size   AtoDconversion_1.elf 
   text	   data	    bss	    dec	    hex	filename
  12544	     20	   1788	  14352	   3810	AtoDconversion_1.elf
Finished building: default.size.stdout
 
00:49:57 **** Incremental Build of configuration Debug for project AtoDconversion_1 ****
make -j16 all 
arm-none-eabi-gcc "../Core/Src/main.c" -mcpu=cortex-m4 -std=gnu11 -g3 -DDEBUG -DARM_MATH_CM4 -DUSE_HAL_DRIVER -DSTM32F411xE -c -I../Core/Inc -I"C:/Users/ROG/STM32CubeIDE/workspace_1.11.0/AtoDconversion_1/Drivers/CMSIS/DSP/Include" -I../Drivers/STM32F4xx_HAL_Driver/Inc -I../Drivers/STM32F4xx_HAL_Driver/Inc/Legacy -I../Drivers/CMSIS/Device/ST/STM32F4xx/Include -I../Drivers/CMSIS/Include -O0 -ffunction-sections -fdata-sections -Wall -fstack-usage -MMD -MP -MF"Core/Src/main.d" -MT"Core/Src/main.o" --specs=nano.specs -mfpu=fpv4-sp-d16 -mfloat-abi=hard -mthumb -o "Core/Src/main.o"
../Core/Src/main.c: In function 'HAL_ADC_ConvCpltCallback':
../Core/Src/main.c:331:18: warning: unused variable 'row1' [-Wunused-variable]
  331 |   static int16_t row1 = 0;
      |                  ^~~~
At top level:
../Core/Src/main.c:331:18: warning: 'row1' defined but not used [-Wunused-variable]
arm-none-eabi-gcc -o "AtoDconversion_1.elf" @"objects.list"  -larm_cortexM4lf_math -mcpu=cortex-m4 -T"C:\Users\ROG\STM32CubeIDE\workspace_1.11.0\AtoDconversion_1\STM32F411CEUX_FLASH.ld" --specs=nosys.specs -Wl,-Map="AtoDconversion_1.map" -Wl,--gc-sections -static -L"C:\Users\ROG\STM32CubeIDE\workspace_1.11.0\AtoDconversion_1\Drivers\CMSIS\Lib\GCC" --specs=nano.specs -mfpu=fpv4-sp-d16 -mfloat-abi=hard -mthumb -Wl,--start-group -lc -lm -Wl,--end-group
Finished building target: AtoDconversion_1.elf
 
arm-none-eabi-size   AtoDconversion_1.elf 
arm-none-eabi-objdump -h -S  AtoDconversion_1.elf  > "AtoDconversion_1.list"
   text	   data	    bss	    dec	    hex	filename
  12544	     20	   1788	  14352	   3810	AtoDconversion_1.elf
Finished building: default.size.stdout
 
Finished building: AtoDconversion_1.list
 
00:50:38 **** Incremental Build of configuration Debug for project AtoDconversion_1 ****
make -j16 all 
arm-none-eabi-gcc "../Core/Src/main.c" -mcpu=cortex-m4 -std=gnu11 -g3 -DDEBUG -DARM_MATH_CM4 -DUSE_HAL_DRIVER -DSTM32F411xE -c -I../Core/Inc -I"C:/Users/ROG/STM32CubeIDE/workspace_1.11.0/AtoDconversion_1/Drivers/CMSIS/DSP/Include" -I../Drivers/STM32F4xx_HAL_Driver/Inc -I../Drivers/STM32F4xx_HAL_Driver/Inc/Legacy -I../Drivers/CMSIS/Device/ST/STM32F4xx/Include -I../Drivers/CMSIS/Include -O0 -ffunction-sections -fdata-sections -Wall -fstack-usage -MMD -MP -MF"Core/Src/main.d" -MT"Core/Src/main.o" --specs=nano.specs -mfpu=fpv4-sp-d16 -mfloat-abi=hard -mthumb -o "Core/Src/main.o"
arm-none-eabi-gcc -o "AtoDconversion_1.elf" @"objects.list"  -larm_cortexM4lf_math -mcpu=cortex-m4 -T"C:\Users\ROG\STM32CubeIDE\workspace_1.11.0\AtoDconversion_1\STM32F411CEUX_FLASH.ld" --specs=nosys.specs -Wl,-Map="AtoDconversion_1.map" -Wl,--gc-sections -static -L"C:\Users\ROG\STM32CubeIDE\workspace_1.11.0\AtoDconversion_1\Drivers\CMSIS\Lib\GCC" --specs=nano.specs -mfpu=fpv4-sp-d16 -mfloat-abi=hard -mthumb -Wl,--start-group -lc -lm -Wl,--end-group
Finished building target: AtoDconversion_1.elf
 
arm-none-eabi-size   AtoDconversion_1.elf 
arm-none-eabi-objdump -h -S  AtoDconversion_1.elf  > "AtoDconversion_1.list"
   text	   data	    bss	    dec	    hex	filename
  12544	     20	   1788	  14352	   3810	AtoDconversion_1.elf
Finished building: default.size.stdout
 
Finished building: AtoDconversion_1.list
 
00:51:45 **** Incremental Build of configuration Debug for project AtoDconversion_1 ****
make -j16 all 
arm-none-eabi-gcc "../Core/Src/main.c" -mcpu=cortex-m4 -std=gnu11 -g3 -DDEBUG -DARM_MATH_CM4 -DUSE_HAL_DRIVER -DSTM32F411xE -c -I../Core/Inc -I"C:/Users/ROG/STM32CubeIDE/workspace_1.11.0/AtoDconversion_1/Drivers/CMSIS/DSP/Include" -I../Drivers/STM32F4xx_HAL_Driver/Inc -I../Drivers/STM32F4xx_HAL_Driver/Inc/Legacy -I../Drivers/CMSIS/Device/ST/STM32F4xx/Include -I../Drivers/CMSIS/Include -O0 -ffunction-sections -fdata-sections -Wall -fstack-usage -MMD -MP -MF"Core/Src/main.d" -MT"Core/Src/main.o" --specs=nano.specs -mfpu=fpv4-sp-d16 -mfloat-abi=hard -mthumb -o "Core/Src/main.o"
arm-none-eabi-gcc -o "AtoDconversion_1.elf" @"objects.list"  -larm_cortexM4lf_math -mcpu=cortex-m4 -T"C:\Users\ROG\STM32CubeIDE\workspace_1.11.0\AtoDconversion_1\STM32F411CEUX_FLASH.ld" --specs=nosys.specs -Wl,-Map="AtoDconversion_1.map" -Wl,--gc-sections -static -L"C:\Users\ROG\STM32CubeIDE\workspace_1.11.0\AtoDconversion_1\Drivers\CMSIS\Lib\GCC" --specs=nano.specs -mfpu=fpv4-sp-d16 -mfloat-abi=hard -mthumb -Wl,--start-group -lc -lm -Wl,--end-group
Finished building target: AtoDconversion_1.elf
 
arm-none-eabi-size   AtoDconversion_1.elf 
arm-none-eabi-objdump -h -S  AtoDconversion_1.elf  > "AtoDconversion_1.list"
   text	   data	    bss	    dec	    hex	filename
  12536	     20	   1788	  14344	   3808	AtoDconversion_1.elf
Finished building: default.size.stdout
 
Finished building: AtoDconversion_1.list
 
01:02:00 **** Incremental Build of configuration Debug for project AtoDconversion_1 ****
make -j16 all 
arm-none-eabi-gcc "../Core/Src/main.c" -mcpu=cortex-m4 -std=gnu11 -g3 -DDEBUG -DARM_MATH_CM4 -DUSE_HAL_DRIVER -DSTM32F411xE -c -I../Core/Inc -I"C:/Users/ROG/STM32CubeIDE/workspace_1.11.0/AtoDconversion_1/Drivers/CMSIS/DSP/Include" -I../Drivers/STM32F4xx_HAL_Driver/Inc -I../Drivers/STM32F4xx_HAL_Driver/Inc/Legacy -I../Drivers/CMSIS/Device/ST/STM32F4xx/Include -I../Drivers/CMSIS/Include -O0 -ffunction-sections -fdata-sections -Wall -fstack-usage -MMD -MP -MF"Core/Src/main.d" -MT"Core/Src/main.o" --specs=nano.specs -mfpu=fpv4-sp-d16 -mfloat-abi=hard -mthumb -o "Core/Src/main.o"
../Core/Src/main.c:39:27: error: invalid initializer
   39 |   uint16_t adc_result[] = 0;
      |                           ^
../Core/Src/main.c: In function 'HAL_ADC_ConvCpltCallback':
../Core/Src/main.c:332:14: error: assignment to expression with array type
  332 |   adc_result = HAL_ADC_GetValue(&hadc1);
      |              ^
make: *** [Core/Src/subdir.mk:34: Core/Src/main.o] Error 1
"make -j16 all" terminated with exit code 2. Build might be incomplete.
01:02:11 **** Incremental Build of configuration Debug for project AtoDconversion_1 ****
make -j16 all 
arm-none-eabi-gcc "../Core/Src/main.c" -mcpu=cortex-m4 -std=gnu11 -g3 -DDEBUG -DARM_MATH_CM4 -DUSE_HAL_DRIVER -DSTM32F411xE -c -I../Core/Inc -I"C:/Users/ROG/STM32CubeIDE/workspace_1.11.0/AtoDconversion_1/Drivers/CMSIS/DSP/Include" -I../Drivers/STM32F4xx_HAL_Driver/Inc -I../Drivers/STM32F4xx_HAL_Driver/Inc/Legacy -I../Drivers/CMSIS/Device/ST/STM32F4xx/Include -I../Drivers/CMSIS/Include -O0 -ffunction-sections -fdata-sections -Wall -fstack-usage -MMD -MP -MF"Core/Src/main.d" -MT"Core/Src/main.o" --specs=nano.specs -mfpu=fpv4-sp-d16 -mfloat-abi=hard -mthumb -o "Core/Src/main.o"
../Core/Src/main.c:39:27: error: invalid initializer
   39 |   uint16_t adc_result[] = 0;
      |                           ^
../Core/Src/main.c: In function 'HAL_ADC_ConvCpltCallback':
../Core/Src/main.c:332:14: error: expected expression before ']' token
  332 |   adc_result[] = HAL_ADC_GetValue(&hadc1);
      |              ^
make: *** [Core/Src/subdir.mk:34: Core/Src/main.o] Error 1
"make -j16 all" terminated with exit code 2. Build might be incomplete.
01:02:42 **** Incremental Build of configuration Debug for project AtoDconversion_1 ****
make -j16 all 
arm-none-eabi-gcc "../Core/Src/main.c" -mcpu=cortex-m4 -std=gnu11 -g3 -DDEBUG -DARM_MATH_CM4 -DUSE_HAL_DRIVER -DSTM32F411xE -c -I../Core/Inc -I"C:/Users/ROG/STM32CubeIDE/workspace_1.11.0/AtoDconversion_1/Drivers/CMSIS/DSP/Include" -I../Drivers/STM32F4xx_HAL_Driver/Inc -I../Drivers/STM32F4xx_HAL_Driver/Inc/Legacy -I../Drivers/CMSIS/Device/ST/STM32F4xx/Include -I../Drivers/CMSIS/Include -O0 -ffunction-sections -fdata-sections -Wall -fstack-usage -MMD -MP -MF"Core/Src/main.d" -MT"Core/Src/main.o" --specs=nano.specs -mfpu=fpv4-sp-d16 -mfloat-abi=hard -mthumb -o "Core/Src/main.o"
../Core/Src/main.c:39:31: error: invalid initializer
   39 |   uint16_t adc_result[1024] = 0;
      |                               ^
../Core/Src/main.c: In function 'HAL_ADC_ConvCpltCallback':
../Core/Src/main.c:332:14: error: expected expression before ']' token
  332 |   adc_result[] = HAL_ADC_GetValue(&hadc1);
      |              ^
make: *** [Core/Src/subdir.mk:34: Core/Src/main.o] Error 1
"make -j16 all" terminated with exit code 2. Build might be incomplete.
01:03:14 **** Incremental Build of configuration Debug for project AtoDconversion_1 ****
make -j16 all 
arm-none-eabi-gcc "../Core/Src/main.c" -mcpu=cortex-m4 -std=gnu11 -g3 -DDEBUG -DARM_MATH_CM4 -DUSE_HAL_DRIVER -DSTM32F411xE -c -I../Core/Inc -I"C:/Users/ROG/STM32CubeIDE/workspace_1.11.0/AtoDconversion_1/Drivers/CMSIS/DSP/Include" -I../Drivers/STM32F4xx_HAL_Driver/Inc -I../Drivers/STM32F4xx_HAL_Driver/Inc/Legacy -I../Drivers/CMSIS/Device/ST/STM32F4xx/Include -I../Drivers/CMSIS/Include -O0 -ffunction-sections -fdata-sections -Wall -fstack-usage -MMD -MP -MF"Core/Src/main.d" -MT"Core/Src/main.o" --specs=nano.specs -mfpu=fpv4-sp-d16 -mfloat-abi=hard -mthumb -o "Core/Src/main.o"
arm-none-eabi-gcc -o "AtoDconversion_1.elf" @"objects.list"  -larm_cortexM4lf_math -mcpu=cortex-m4 -T"C:\Users\ROG\STM32CubeIDE\workspace_1.11.0\AtoDconversion_1\STM32F411CEUX_FLASH.ld" --specs=nosys.specs -Wl,-Map="AtoDconversion_1.map" -Wl,--gc-sections -static -L"C:\Users\ROG\STM32CubeIDE\workspace_1.11.0\AtoDconversion_1\Drivers\CMSIS\Lib\GCC" --specs=nano.specs -mfpu=fpv4-sp-d16 -mfloat-abi=hard -mthumb -Wl,--start-group -lc -lm -Wl,--end-group
Finished building target: AtoDconversion_1.elf
 
arm-none-eabi-size   AtoDconversion_1.elf 
arm-none-eabi-objdump -h -S  AtoDconversion_1.elf  > "AtoDconversion_1.list"
   text	   data	    bss	    dec	    hex	filename
  12536	     20	   1788	  14344	   3808	AtoDconversion_1.elf
Finished building: default.size.stdout
 
Finished building: AtoDconversion_1.list
 
01:06:54 **** Incremental Build of configuration Debug for project AtoDconversion_1 ****
make -j16 all 
arm-none-eabi-gcc "../Core/Src/main.c" -mcpu=cortex-m4 -std=gnu11 -g3 -DDEBUG -DARM_MATH_CM4 -DUSE_HAL_DRIVER -DSTM32F411xE -c -I../Core/Inc -I"C:/Users/ROG/STM32CubeIDE/workspace_1.11.0/AtoDconversion_1/Drivers/CMSIS/DSP/Include" -I../Drivers/STM32F4xx_HAL_Driver/Inc -I../Drivers/STM32F4xx_HAL_Driver/Inc/Legacy -I../Drivers/CMSIS/Device/ST/STM32F4xx/Include -I../Drivers/CMSIS/Include -O0 -ffunction-sections -fdata-sections -Wall -fstack-usage -MMD -MP -MF"Core/Src/main.d" -MT"Core/Src/main.o" --specs=nano.specs -mfpu=fpv4-sp-d16 -mfloat-abi=hard -mthumb -o "Core/Src/main.o"
../Core/Src/main.c:39:31: error: invalid initializer
   39 |   uint16_t adc_result[1024] = 0;
      |                               ^
../Core/Src/main.c: In function 'main':
../Core/Src/main.c:115:10: error: 'i' undeclared (first use in this function)
  115 |     for (i = 0; i < 1024; i++)
      |          ^
../Core/Src/main.c:115:10: note: each undeclared identifier is reported only once for each function it appears in
make: *** [Core/Src/subdir.mk:34: Core/Src/main.o] Error 1
"make -j16 all" terminated with exit code 2. Build might be incomplete.
01:07:40 **** Incremental Build of configuration Debug for project AtoDconversion_1 ****
make -j16 all 
arm-none-eabi-gcc "../Core/Src/main.c" -mcpu=cortex-m4 -std=gnu11 -g3 -DDEBUG -DARM_MATH_CM4 -DUSE_HAL_DRIVER -DSTM32F411xE -c -I../Core/Inc -I"C:/Users/ROG/STM32CubeIDE/workspace_1.11.0/AtoDconversion_1/Drivers/CMSIS/DSP/Include" -I../Drivers/STM32F4xx_HAL_Driver/Inc -I../Drivers/STM32F4xx_HAL_Driver/Inc/Legacy -I../Drivers/CMSIS/Device/ST/STM32F4xx/Include -I../Drivers/CMSIS/Include -O0 -ffunction-sections -fdata-sections -Wall -fstack-usage -MMD -MP -MF"Core/Src/main.d" -MT"Core/Src/main.o" --specs=nano.specs -mfpu=fpv4-sp-d16 -mfloat-abi=hard -mthumb -o "Core/Src/main.o"
../Core/Src/main.c:39:26: error: invalid initializer
   39 |   int adc_result[1024] = 0;
      |                          ^
../Core/Src/main.c: In function 'main':
../Core/Src/main.c:115:10: error: 'i' undeclared (first use in this function)
  115 |     for (i = 0; i < 1024; i++)
      |          ^
../Core/Src/main.c:115:10: note: each undeclared identifier is reported only once for each function it appears in
make: *** [Core/Src/subdir.mk:34: Core/Src/main.o] Error 1
"make -j16 all" terminated with exit code 2. Build might be incomplete.
01:09:45 **** Incremental Build of configuration Debug for project AtoDconversion_1 ****
make -j16 all 
arm-none-eabi-gcc "../Core/Src/main.c" -mcpu=cortex-m4 -std=gnu11 -g3 -DDEBUG -DARM_MATH_CM4 -DUSE_HAL_DRIVER -DSTM32F411xE -c -I../Core/Inc -I"C:/Users/ROG/STM32CubeIDE/workspace_1.11.0/AtoDconversion_1/Drivers/CMSIS/DSP/Include" -I../Drivers/STM32F4xx_HAL_Driver/Inc -I../Drivers/STM32F4xx_HAL_Driver/Inc/Legacy -I../Drivers/CMSIS/Device/ST/STM32F4xx/Include -I../Drivers/CMSIS/Include -O0 -ffunction-sections -fdata-sections -Wall -fstack-usage -MMD -MP -MF"Core/Src/main.d" -MT"Core/Src/main.o" --specs=nano.specs -mfpu=fpv4-sp-d16 -mfloat-abi=hard -mthumb -o "Core/Src/main.o"
../Core/Src/main.c:39:27: error: invalid initializer
   39 |   char adc_result[1024] = 0;
      |                           ^
../Core/Src/main.c: In function 'main':
../Core/Src/main.c:115:10: error: 'i' undeclared (first use in this function)
  115 |     for (i = 0; i < 1024; i++)
      |          ^
../Core/Src/main.c:115:10: note: each undeclared identifier is reported only once for each function it appears in
make: *** [Core/Src/subdir.mk:34: Core/Src/main.o] Error 1
"make -j16 all" terminated with exit code 2. Build might be incomplete.
01:12:07 **** Incremental Build of configuration Debug for project AtoDconversion_1 ****
make -j16 all 
arm-none-eabi-gcc "../Core/Src/main.c" -mcpu=cortex-m4 -std=gnu11 -g3 -DDEBUG -DARM_MATH_CM4 -DUSE_HAL_DRIVER -DSTM32F411xE -c -I../Core/Inc -I"C:/Users/ROG/STM32CubeIDE/workspace_1.11.0/AtoDconversion_1/Drivers/CMSIS/DSP/Include" -I../Drivers/STM32F4xx_HAL_Driver/Inc -I../Drivers/STM32F4xx_HAL_Driver/Inc/Legacy -I../Drivers/CMSIS/Device/ST/STM32F4xx/Include -I../Drivers/CMSIS/Include -O0 -ffunction-sections -fdata-sections -Wall -fstack-usage -MMD -MP -MF"Core/Src/main.d" -MT"Core/Src/main.o" --specs=nano.specs -mfpu=fpv4-sp-d16 -mfloat-abi=hard -mthumb -o "Core/Src/main.o"
../Core/Src/main.c: In function 'main':
../Core/Src/main.c:115:10: error: 'i' undeclared (first use in this function)
  115 |     for (i = 0; i < 1024; i++)
      |          ^
../Core/Src/main.c:115:10: note: each undeclared identifier is reported only once for each function it appears in
make: *** [Core/Src/subdir.mk:34: Core/Src/main.o] Error 1
"make -j16 all" terminated with exit code 2. Build might be incomplete.
01:12:53 **** Incremental Build of configuration Debug for project AtoDconversion_1 ****
make -j16 all 
arm-none-eabi-gcc "../Core/Src/main.c" -mcpu=cortex-m4 -std=gnu11 -g3 -DDEBUG -DARM_MATH_CM4 -DUSE_HAL_DRIVER -DSTM32F411xE -c -I../Core/Inc -I"C:/Users/ROG/STM32CubeIDE/workspace_1.11.0/AtoDconversion_1/Drivers/CMSIS/DSP/Include" -I../Drivers/STM32F4xx_HAL_Driver/Inc -I../Drivers/STM32F4xx_HAL_Driver/Inc/Legacy -I../Drivers/CMSIS/Device/ST/STM32F4xx/Include -I../Drivers/CMSIS/Include -O0 -ffunction-sections -fdata-sections -Wall -fstack-usage -MMD -MP -MF"Core/Src/main.d" -MT"Core/Src/main.o" --specs=nano.specs -mfpu=fpv4-sp-d16 -mfloat-abi=hard -mthumb -o "Core/Src/main.o"
arm-none-eabi-gcc -o "AtoDconversion_1.elf" @"objects.list"  -larm_cortexM4lf_math -mcpu=cortex-m4 -T"C:\Users\ROG\STM32CubeIDE\workspace_1.11.0\AtoDconversion_1\STM32F411CEUX_FLASH.ld" --specs=nosys.specs -Wl,-Map="AtoDconversion_1.map" -Wl,--gc-sections -static -L"C:\Users\ROG\STM32CubeIDE\workspace_1.11.0\AtoDconversion_1\Drivers\CMSIS\Lib\GCC" --specs=nano.specs -mfpu=fpv4-sp-d16 -mfloat-abi=hard -mthumb -Wl,--start-group -lc -lm -Wl,--end-group
Finished building target: AtoDconversion_1.elf
 
arm-none-eabi-size   AtoDconversion_1.elf 
arm-none-eabi-objdump -h -S  AtoDconversion_1.elf  > "AtoDconversion_1.list"
   text	   data	    bss	    dec	    hex	filename
  12612	     20	   3836	  16468	   4054	AtoDconversion_1.elf
Finished building: default.size.stdout
 
Finished building: AtoDconversion_1.list
 
01:13:07 **** Incremental Build of configuration Debug for project AtoDconversion_1 ****
make -j16 all 
arm-none-eabi-size   AtoDconversion_1.elf 
   text	   data	    bss	    dec	    hex	filename
  12612	     20	   3836	  16468	   4054	AtoDconversion_1.elf
Finished building: default.size.stdout
 
01:13:21 **** Incremental Build of configuration Debug for project AtoDconversion_1 ****
make -j16 all 
arm-none-eabi-size   AtoDconversion_1.elf 
   text	   data	    bss	    dec	    hex	filename
  12612	     20	   3836	  16468	   4054	AtoDconversion_1.elf
Finished building: default.size.stdout
 
13:26:16 **** Incremental Build of configuration Debug for project AtoDconversion_1 ****
make -j16 all 
arm-none-eabi-size   AtoDconversion_1.elf 
   text	   data	    bss	    dec	    hex	filename
  12612	     20	   3836	  16468	   4054	AtoDconversion_1.elf
Finished building: default.size.stdout
 
13:57:30 **** Incremental Build of configuration Debug for project AtoDconversion_1 ****
make -j16 all 
arm-none-eabi-size   AtoDconversion_1.elf 
   text	   data	    bss	    dec	    hex	filename
  12612	     20	   3836	  16468	   4054	AtoDconversion_1.elf
Finished building: default.size.stdout
 
13:57:59 **** Incremental Build of configuration Debug for project AtoDconversion_1 ****
make -j16 all 
arm-none-eabi-size   AtoDconversion_1.elf 
   text	   data	    bss	    dec	    hex	filename
  12612	     20	   3836	  16468	   4054	AtoDconversion_1.elf
Finished building: default.size.stdout
 
14:23:39 **** Incremental Build of configuration Debug for project AtoDconversion_1 ****
make -j16 all 
arm-none-eabi-size   AtoDconversion_1.elf 
   text	   data	    bss	    dec	    hex	filename
  12612	     20	   3836	  16468	   4054	AtoDconversion_1.elf
Finished building: default.size.stdout
 
14:24:45 **** Incremental Build of configuration Debug for project AtoDconversion_1 ****
make -j16 all 
arm-none-eabi-size   AtoDconversion_1.elf 
   text	   data	    bss	    dec	    hex	filename
  12612	     20	   3836	  16468	   4054	AtoDconversion_1.elf
Finished building: default.size.stdout
 
15:47:28 **** Incremental Build of configuration Debug for project AtoDconversion_1 ****
make -j16 all 
arm-none-eabi-gcc "../Core/Src/main.c" -mcpu=cortex-m4 -std=gnu11 -g3 -DDEBUG -DARM_MATH_CM4 -DUSE_HAL_DRIVER -DSTM32F411xE -c -I../Core/Inc -I"C:/Users/ROG/STM32CubeIDE/workspace_1.11.0/AtoDconversion_1/Drivers/CMSIS/DSP/Include" -I../Drivers/STM32F4xx_HAL_Driver/Inc -I../Drivers/STM32F4xx_HAL_Driver/Inc/Legacy -I../Drivers/CMSIS/Device/ST/STM32F4xx/Include -I../Drivers/CMSIS/Include -O0 -ffunction-sections -fdata-sections -Wall -fstack-usage -MMD -MP -MF"Core/Src/main.d" -MT"Core/Src/main.o" --specs=nano.specs -mfpu=fpv4-sp-d16 -mfloat-abi=hard -mthumb -o "Core/Src/main.o"
../Core/Src/main.c: In function 'HAL_ADC_ConvCpltCallback':
../Core/Src/main.c:328:33: error: invalid initializer
  328 |   static int16_t row[1][1024] = 0;
      |                                 ^
../Core/Src/main.c:328:18: warning: variable 'row' set but not used [-Wunused-but-set-variable]
  328 |   static int16_t row[1][1024] = 0;
      |                  ^~~
make: *** [Core/Src/subdir.mk:34: Core/Src/main.o] Error 1
"make -j16 all" terminated with exit code 2. Build might be incomplete.
15:47:55 **** Incremental Build of configuration Debug for project AtoDconversion_1 ****
make -j16 all 
arm-none-eabi-gcc "../Core/Src/main.c" -mcpu=cortex-m4 -std=gnu11 -g3 -DDEBUG -DARM_MATH_CM4 -DUSE_HAL_DRIVER -DSTM32F411xE -c -I../Core/Inc -I"C:/Users/ROG/STM32CubeIDE/workspace_1.11.0/AtoDconversion_1/Drivers/CMSIS/DSP/Include" -I../Drivers/STM32F4xx_HAL_Driver/Inc -I../Drivers/STM32F4xx_HAL_Driver/Inc/Legacy -I../Drivers/CMSIS/Device/ST/STM32F4xx/Include -I../Drivers/CMSIS/Include -O0 -ffunction-sections -fdata-sections -Wall -fstack-usage -MMD -MP -MF"Core/Src/main.d" -MT"Core/Src/main.o" --specs=nano.specs -mfpu=fpv4-sp-d16 -mfloat-abi=hard -mthumb -o "Core/Src/main.o"
../Core/Src/main.c: In function 'HAL_ADC_ConvCpltCallback':
../Core/Src/main.c:328:18: warning: variable 'row' set but not used [-Wunused-but-set-variable]
  328 |   static int16_t row[1][1024] = {0};
      |                  ^~~
arm-none-eabi-gcc -o "AtoDconversion_1.elf" @"objects.list"  -larm_cortexM4lf_math -mcpu=cortex-m4 -T"C:\Users\ROG\STM32CubeIDE\workspace_1.11.0\AtoDconversion_1\STM32F411CEUX_FLASH.ld" --specs=nosys.specs -Wl,-Map="AtoDconversion_1.map" -Wl,--gc-sections -static -L"C:\Users\ROG\STM32CubeIDE\workspace_1.11.0\AtoDconversion_1\Drivers\CMSIS\Lib\GCC" --specs=nano.specs -mfpu=fpv4-sp-d16 -mfloat-abi=hard -mthumb -Wl,--start-group -lc -lm -Wl,--end-group
Finished building target: AtoDconversion_1.elf
 
arm-none-eabi-size   AtoDconversion_1.elf 
arm-none-eabi-objdump -h -S  AtoDconversion_1.elf  > "AtoDconversion_1.list"
   text	   data	    bss	    dec	    hex	filename
  12688	     20	   3844	  16552	   40a8	AtoDconversion_1.elf
Finished building: default.size.stdout
 
Finished building: AtoDconversion_1.list
 
15:48:10 **** Incremental Build of configuration Debug for project AtoDconversion_1 ****
make -j16 all 
arm-none-eabi-size   AtoDconversion_1.elf 
   text	   data	    bss	    dec	    hex	filename
  12688	     20	   3844	  16552	   40a8	AtoDconversion_1.elf
Finished building: default.size.stdout
 
15:48:42 **** Incremental Build of configuration Debug for project AtoDconversion_1 ****
make -j16 all 
arm-none-eabi-size   AtoDconversion_1.elf 
   text	   data	    bss	    dec	    hex	filename
  12688	     20	   3844	  16552	   40a8	AtoDconversion_1.elf
Finished building: default.size.stdout
 
15:48:58 **** Incremental Build of configuration Debug for project AtoDconversion_1 ****
make -j16 all 
arm-none-eabi-size   AtoDconversion_1.elf 
   text	   data	    bss	    dec	    hex	filename
  12688	     20	   3844	  16552	   40a8	AtoDconversion_1.elf
Finished building: default.size.stdout
 
15:49:13 **** Incremental Build of configuration Debug for project AtoDconversion_1 ****
make -j16 all 
arm-none-eabi-size   AtoDconversion_1.elf 
   text	   data	    bss	    dec	    hex	filename
  12688	     20	   3844	  16552	   40a8	AtoDconversion_1.elf
Finished building: default.size.stdout
 
15:50:34 **** Incremental Build of configuration Debug for project AtoDconversion_1 ****
make -j16 all 
arm-none-eabi-gcc "../Core/Src/main.c" -mcpu=cortex-m4 -std=gnu11 -g3 -DDEBUG -DARM_MATH_CM4 -DUSE_HAL_DRIVER -DSTM32F411xE -c -I../Core/Inc -I"C:/Users/ROG/STM32CubeIDE/workspace_1.11.0/AtoDconversion_1/Drivers/CMSIS/DSP/Include" -I../Drivers/STM32F4xx_HAL_Driver/Inc -I../Drivers/STM32F4xx_HAL_Driver/Inc/Legacy -I../Drivers/CMSIS/Device/ST/STM32F4xx/Include -I../Drivers/CMSIS/Include -O0 -ffunction-sections -fdata-sections -Wall -fstack-usage -MMD -MP -MF"Core/Src/main.d" -MT"Core/Src/main.o" --specs=nano.specs -mfpu=fpv4-sp-d16 -mfloat-abi=hard -mthumb -o "Core/Src/main.o"
../Core/Src/main.c: In function 'HAL_ADC_ConvCpltCallback':
../Core/Src/main.c:328:18: warning: variable 'row' set but not used [-Wunused-but-set-variable]
  328 |   static int16_t row[1][1024] = {0};
      |                  ^~~
arm-none-eabi-gcc -o "AtoDconversion_1.elf" @"objects.list"  -larm_cortexM4lf_math -mcpu=cortex-m4 -T"C:\Users\ROG\STM32CubeIDE\workspace_1.11.0\AtoDconversion_1\STM32F411CEUX_FLASH.ld" --specs=nosys.specs -Wl,-Map="AtoDconversion_1.map" -Wl,--gc-sections -static -L"C:\Users\ROG\STM32CubeIDE\workspace_1.11.0\AtoDconversion_1\Drivers\CMSIS\Lib\GCC" --specs=nano.specs -mfpu=fpv4-sp-d16 -mfloat-abi=hard -mthumb -Wl,--start-group -lc -lm -Wl,--end-group
Finished building target: AtoDconversion_1.elf
 
arm-none-eabi-size   AtoDconversion_1.elf 
arm-none-eabi-objdump -h -S  AtoDconversion_1.elf  > "AtoDconversion_1.list"
   text	   data	    bss	    dec	    hex	filename
  12716	     20	   3844	  16580	   40c4	AtoDconversion_1.elf
Finished building: default.size.stdout
 
Finished building: AtoDconversion_1.list
 
15:50:55 **** Incremental Build of configuration Debug for project AtoDconversion_1 ****
make -j16 all 
arm-none-eabi-size   AtoDconversion_1.elf 
   text	   data	    bss	    dec	    hex	filename
  12716	     20	   3844	  16580	   40c4	AtoDconversion_1.elf
Finished building: default.size.stdout
 
15:50:58 **** Incremental Build of configuration Debug for project AtoDconversion_1 ****
make -j16 all 
arm-none-eabi-size   AtoDconversion_1.elf 
   text	   data	    bss	    dec	    hex	filename
  12716	     20	   3844	  16580	   40c4	AtoDconversion_1.elf
Finished building: default.size.stdout
 
15:51:12 **** Incremental Build of configuration Debug for project AtoDconversion_1 ****
make -j16 all 
arm-none-eabi-size   AtoDconversion_1.elf 
   text	   data	    bss	    dec	    hex	filename
  12716	     20	   3844	  16580	   40c4	AtoDconversion_1.elf
Finished building: default.size.stdout
 
15:52:22 **** Incremental Build of configuration Debug for project AtoDconversion_1 ****
make -j16 all 
arm-none-eabi-gcc "../Core/Src/main.c" -mcpu=cortex-m4 -std=gnu11 -g3 -DDEBUG -DARM_MATH_CM4 -DUSE_HAL_DRIVER -DSTM32F411xE -c -I../Core/Inc -I"C:/Users/ROG/STM32CubeIDE/workspace_1.11.0/AtoDconversion_1/Drivers/CMSIS/DSP/Include" -I../Drivers/STM32F4xx_HAL_Driver/Inc -I../Drivers/STM32F4xx_HAL_Driver/Inc/Legacy -I../Drivers/CMSIS/Device/ST/STM32F4xx/Include -I../Drivers/CMSIS/Include -O0 -ffunction-sections -fdata-sections -Wall -fstack-usage -MMD -MP -MF"Core/Src/main.d" -MT"Core/Src/main.o" --specs=nano.specs -mfpu=fpv4-sp-d16 -mfloat-abi=hard -mthumb -o "Core/Src/main.o"
../Core/Src/main.c: In function 'HAL_ADC_ConvCpltCallback':
../Core/Src/main.c:328:11: warning: variable 'row' set but not used [-Wunused-but-set-variable]
  328 |   int16_t row[1][1024] = {0};
      |           ^~~
arm-none-eabi-gcc -o "AtoDconversion_1.elf" @"objects.list"  -larm_cortexM4lf_math -mcpu=cortex-m4 -T"C:\Users\ROG\STM32CubeIDE\workspace_1.11.0\AtoDconversion_1\STM32F411CEUX_FLASH.ld" --specs=nosys.specs -Wl,-Map="AtoDconversion_1.map" -Wl,--gc-sections -static -L"C:\Users\ROG\STM32CubeIDE\workspace_1.11.0\AtoDconversion_1\Drivers\CMSIS\Lib\GCC" --specs=nano.specs -mfpu=fpv4-sp-d16 -mfloat-abi=hard -mthumb -Wl,--start-group -lc -lm -Wl,--end-group
Finished building target: AtoDconversion_1.elf
 
arm-none-eabi-size   AtoDconversion_1.elf 
arm-none-eabi-objdump -h -S  AtoDconversion_1.elf  > "AtoDconversion_1.list"
   text	   data	    bss	    dec	    hex	filename
  12740	     20	   1788	  14548	   38d4	AtoDconversion_1.elf
Finished building: default.size.stdout
 
Finished building: AtoDconversion_1.list
 
15:52:26 **** Incremental Build of configuration Debug for project AtoDconversion_1 ****
make -j16 all 
arm-none-eabi-size   AtoDconversion_1.elf 
   text	   data	    bss	    dec	    hex	filename
  12740	     20	   1788	  14548	   38d4	AtoDconversion_1.elf
Finished building: default.size.stdout
 
15:52:31 **** Incremental Build of configuration Debug for project AtoDconversion_1 ****
make -j16 all 
arm-none-eabi-size   AtoDconversion_1.elf 
   text	   data	    bss	    dec	    hex	filename
  12740	     20	   1788	  14548	   38d4	AtoDconversion_1.elf
Finished building: default.size.stdout
 
15:52:54 **** Incremental Build of configuration Debug for project AtoDconversion_1 ****
make -j16 all 
arm-none-eabi-size   AtoDconversion_1.elf 
   text	   data	    bss	    dec	    hex	filename
  12740	     20	   1788	  14548	   38d4	AtoDconversion_1.elf
Finished building: default.size.stdout
 
15:53:07 **** Incremental Build of configuration Debug for project AtoDconversion_1 ****
make -j16 all 
arm-none-eabi-size   AtoDconversion_1.elf 
   text	   data	    bss	    dec	    hex	filename
  12740	     20	   1788	  14548	   38d4	AtoDconversion_1.elf
Finished building: default.size.stdout
 
15:53:31 **** Incremental Build of configuration Debug for project AtoDconversion_1 ****
make -j16 all 
arm-none-eabi-size   AtoDconversion_1.elf 
   text	   data	    bss	    dec	    hex	filename
  12740	     20	   1788	  14548	   38d4	AtoDconversion_1.elf
Finished building: default.size.stdout
 
15:54:36 **** Incremental Build of configuration Debug for project AtoDconversion_1 ****
make -j16 all 
arm-none-eabi-gcc "../Core/Src/main.c" -mcpu=cortex-m4 -std=gnu11 -g3 -DDEBUG -DARM_MATH_CM4 -DUSE_HAL_DRIVER -DSTM32F411xE -c -I../Core/Inc -I"C:/Users/ROG/STM32CubeIDE/workspace_1.11.0/AtoDconversion_1/Drivers/CMSIS/DSP/Include" -I../Drivers/STM32F4xx_HAL_Driver/Inc -I../Drivers/STM32F4xx_HAL_Driver/Inc/Legacy -I../Drivers/CMSIS/Device/ST/STM32F4xx/Include -I../Drivers/CMSIS/Include -O0 -ffunction-sections -fdata-sections -Wall -fstack-usage -MMD -MP -MF"Core/Src/main.d" -MT"Core/Src/main.o" --specs=nano.specs -mfpu=fpv4-sp-d16 -mfloat-abi=hard -mthumb -o "Core/Src/main.o"
arm-none-eabi-gcc -o "AtoDconversion_1.elf" @"objects.list"  -larm_cortexM4lf_math -mcpu=cortex-m4 -T"C:\Users\ROG\STM32CubeIDE\workspace_1.11.0\AtoDconversion_1\STM32F411CEUX_FLASH.ld" --specs=nosys.specs -Wl,-Map="AtoDconversion_1.map" -Wl,--gc-sections -static -L"C:\Users\ROG\STM32CubeIDE\workspace_1.11.0\AtoDconversion_1\Drivers\CMSIS\Lib\GCC" --specs=nano.specs -mfpu=fpv4-sp-d16 -mfloat-abi=hard -mthumb -Wl,--start-group -lc -lm -Wl,--end-group
Finished building target: AtoDconversion_1.elf
 
arm-none-eabi-size   AtoDconversion_1.elf 
arm-none-eabi-objdump -h -S  AtoDconversion_1.elf  > "AtoDconversion_1.list"
   text	   data	    bss	    dec	    hex	filename
  12716	     20	   3836	  16572	   40bc	AtoDconversion_1.elf
Finished building: default.size.stdout
 
Finished building: AtoDconversion_1.list
 
15:55:01 **** Incremental Build of configuration Debug for project AtoDconversion_1 ****
make -j16 all 
arm-none-eabi-size   AtoDconversion_1.elf 
   text	   data	    bss	    dec	    hex	filename
  12716	     20	   3836	  16572	   40bc	AtoDconversion_1.elf
Finished building: default.size.stdout
 
15:55:20 **** Incremental Build of configuration Debug for project AtoDconversion_1 ****
make -j16 all 
arm-none-eabi-size   AtoDconversion_1.elf 
   text	   data	    bss	    dec	    hex	filename
  12716	     20	   3836	  16572	   40bc	AtoDconversion_1.elf
Finished building: default.size.stdout
 
15:55:50 **** Incremental Build of configuration Debug for project AtoDconversion_1 ****
make -j16 all 
arm-none-eabi-size   AtoDconversion_1.elf 
   text	   data	    bss	    dec	    hex	filename
  12716	     20	   3836	  16572	   40bc	AtoDconversion_1.elf
Finished building: default.size.stdout
 
16:10:25 **** Incremental Build of configuration Debug for project AtoDconversion_1 ****
make -j16 all 
arm-none-eabi-gcc "../Core/Src/main.c" -mcpu=cortex-m4 -std=gnu11 -g3 -DDEBUG -DARM_MATH_CM4 -DUSE_HAL_DRIVER -DSTM32F411xE -c -I../Core/Inc -I"C:/Users/ROG/STM32CubeIDE/workspace_1.11.0/AtoDconversion_1/Drivers/CMSIS/DSP/Include" -I../Drivers/STM32F4xx_HAL_Driver/Inc -I../Drivers/STM32F4xx_HAL_Driver/Inc/Legacy -I../Drivers/CMSIS/Device/ST/STM32F4xx/Include -I../Drivers/CMSIS/Include -O0 -ffunction-sections -fdata-sections -Wall -fstack-usage -MMD -MP -MF"Core/Src/main.d" -MT"Core/Src/main.o" --specs=nano.specs -mfpu=fpv4-sp-d16 -mfloat-abi=hard -mthumb -o "Core/Src/main.o"
arm-none-eabi-gcc -o "AtoDconversion_1.elf" @"objects.list"  -larm_cortexM4lf_math -mcpu=cortex-m4 -T"C:\Users\ROG\STM32CubeIDE\workspace_1.11.0\AtoDconversion_1\STM32F411CEUX_FLASH.ld" --specs=nosys.specs -Wl,-Map="AtoDconversion_1.map" -Wl,--gc-sections -static -L"C:\Users\ROG\STM32CubeIDE\workspace_1.11.0\AtoDconversion_1\Drivers\CMSIS\Lib\GCC" --specs=nano.specs -mfpu=fpv4-sp-d16 -mfloat-abi=hard -mthumb -Wl,--start-group -lc -lm -Wl,--end-group
Finished building target: AtoDconversion_1.elf
 
arm-none-eabi-size   AtoDconversion_1.elf 
arm-none-eabi-objdump -h -S  AtoDconversion_1.elf  > "AtoDconversion_1.list"
   text	   data	    bss	    dec	    hex	filename
  12716	     20	   3836	  16572	   40bc	AtoDconversion_1.elf
Finished building: default.size.stdout
 
Finished building: AtoDconversion_1.list
 
16:10:34 **** Incremental Build of configuration Debug for project AtoDconversion_1 ****
make -j16 all 
arm-none-eabi-size   AtoDconversion_1.elf 
   text	   data	    bss	    dec	    hex	filename
  12716	     20	   3836	  16572	   40bc	AtoDconversion_1.elf
Finished building: default.size.stdout
 
16:10:48 **** Incremental Build of configuration Debug for project AtoDconversion_1 ****
make -j16 all 
arm-none-eabi-size   AtoDconversion_1.elf 
   text	   data	    bss	    dec	    hex	filename
  12716	     20	   3836	  16572	   40bc	AtoDconversion_1.elf
Finished building: default.size.stdout
 
16:13:46 **** Incremental Build of configuration Debug for project AtoDconversion_1 ****
make -j16 all 
arm-none-eabi-gcc "../Core/Src/main.c" -mcpu=cortex-m4 -std=gnu11 -g3 -DDEBUG -DARM_MATH_CM4 -DUSE_HAL_DRIVER -DSTM32F411xE -c -I../Core/Inc -I"C:/Users/ROG/STM32CubeIDE/workspace_1.11.0/AtoDconversion_1/Drivers/CMSIS/DSP/Include" -I../Drivers/STM32F4xx_HAL_Driver/Inc -I../Drivers/STM32F4xx_HAL_Driver/Inc/Legacy -I../Drivers/CMSIS/Device/ST/STM32F4xx/Include -I../Drivers/CMSIS/Include -O0 -ffunction-sections -fdata-sections -Wall -fstack-usage -MMD -MP -MF"Core/Src/main.d" -MT"Core/Src/main.o" --specs=nano.specs -mfpu=fpv4-sp-d16 -mfloat-abi=hard -mthumb -o "Core/Src/main.o"
../Core/Src/main.c: In function 'HAL_ADC_ConvCpltCallback':
../Core/Src/main.c:331:11: warning: unused variable 'j' [-Wunused-variable]
  331 |   int16_t j = 0;
      |           ^
../Core/Src/main.c:329:11: warning: variable 'row' set but not used [-Wunused-but-set-variable]
  329 |   int16_t row[1][1024] = {0};
      |           ^~~
arm-none-eabi-gcc -o "AtoDconversion_1.elf" @"objects.list"  -larm_cortexM4lf_math -mcpu=cortex-m4 -T"C:\Users\ROG\STM32CubeIDE\workspace_1.11.0\AtoDconversion_1\STM32F411CEUX_FLASH.ld" --specs=nosys.specs -Wl,-Map="AtoDconversion_1.map" -Wl,--gc-sections -static -L"C:\Users\ROG\STM32CubeIDE\workspace_1.11.0\AtoDconversion_1\Drivers\CMSIS\Lib\GCC" --specs=nano.specs -mfpu=fpv4-sp-d16 -mfloat-abi=hard -mthumb -Wl,--start-group -lc -lm -Wl,--end-group
Finished building target: AtoDconversion_1.elf
 
arm-none-eabi-size   AtoDconversion_1.elf 
arm-none-eabi-objdump -h -S  AtoDconversion_1.elf  > "AtoDconversion_1.list"
   text	   data	    bss	    dec	    hex	filename
  12640	     20	   1788	  14448	   3870	AtoDconversion_1.elf
Finished building: default.size.stdout
 
Finished building: AtoDconversion_1.list
 
16:14:09 **** Incremental Build of configuration Debug for project AtoDconversion_1 ****
make -j16 all 
arm-none-eabi-gcc "../Core/Src/main.c" -mcpu=cortex-m4 -std=gnu11 -g3 -DDEBUG -DARM_MATH_CM4 -DUSE_HAL_DRIVER -DSTM32F411xE -c -I../Core/Inc -I"C:/Users/ROG/STM32CubeIDE/workspace_1.11.0/AtoDconversion_1/Drivers/CMSIS/DSP/Include" -I../Drivers/STM32F4xx_HAL_Driver/Inc -I../Drivers/STM32F4xx_HAL_Driver/Inc/Legacy -I../Drivers/CMSIS/Device/ST/STM32F4xx/Include -I../Drivers/CMSIS/Include -O0 -ffunction-sections -fdata-sections -Wall -fstack-usage -MMD -MP -MF"Core/Src/main.d" -MT"Core/Src/main.o" --specs=nano.specs -mfpu=fpv4-sp-d16 -mfloat-abi=hard -mthumb -o "Core/Src/main.o"
../Core/Src/main.c: In function 'HAL_ADC_ConvCpltCallback':
../Core/Src/main.c:329:11: warning: variable 'row' set but not used [-Wunused-but-set-variable]
  329 |   int16_t row[1][1024] = {0};
      |           ^~~
arm-none-eabi-gcc -o "AtoDconversion_1.elf" @"objects.list"  -larm_cortexM4lf_math -mcpu=cortex-m4 -T"C:\Users\ROG\STM32CubeIDE\workspace_1.11.0\AtoDconversion_1\STM32F411CEUX_FLASH.ld" --specs=nosys.specs -Wl,-Map="AtoDconversion_1.map" -Wl,--gc-sections -static -L"C:\Users\ROG\STM32CubeIDE\workspace_1.11.0\AtoDconversion_1\Drivers\CMSIS\Lib\GCC" --specs=nano.specs -mfpu=fpv4-sp-d16 -mfloat-abi=hard -mthumb -Wl,--start-group -lc -lm -Wl,--end-group
Finished building target: AtoDconversion_1.elf
 
arm-none-eabi-size   AtoDconversion_1.elf 
arm-none-eabi-objdump -h -S  AtoDconversion_1.elf  > "AtoDconversion_1.list"
   text	   data	    bss	    dec	    hex	filename
  12632	     20	   1788	  14440	   3868	AtoDconversion_1.elf
Finished building: default.size.stdout
 
Finished building: AtoDconversion_1.list
 
16:14:30 **** Incremental Build of configuration Debug for project AtoDconversion_1 ****
make -j16 all 
arm-none-eabi-gcc "../Core/Src/main.c" -mcpu=cortex-m4 -std=gnu11 -g3 -DDEBUG -DARM_MATH_CM4 -DUSE_HAL_DRIVER -DSTM32F411xE -c -I../Core/Inc -I"C:/Users/ROG/STM32CubeIDE/workspace_1.11.0/AtoDconversion_1/Drivers/CMSIS/DSP/Include" -I../Drivers/STM32F4xx_HAL_Driver/Inc -I../Drivers/STM32F4xx_HAL_Driver/Inc/Legacy -I../Drivers/CMSIS/Device/ST/STM32F4xx/Include -I../Drivers/CMSIS/Include -O0 -ffunction-sections -fdata-sections -Wall -fstack-usage -MMD -MP -MF"Core/Src/main.d" -MT"Core/Src/main.o" --specs=nano.specs -mfpu=fpv4-sp-d16 -mfloat-abi=hard -mthumb -o "Core/Src/main.o"
../Core/Src/main.c: In function 'HAL_ADC_ConvCpltCallback':
../Core/Src/main.c:329:3: warning: excess elements in array initializer
  329 |   int16_t row[0][1024] = {0};
      |   ^~~~~~~
../Core/Src/main.c:329:3: note: (near initialization for 'row')
../Core/Src/main.c:329:11: warning: variable 'row' set but not used [-Wunused-but-set-variable]
  329 |   int16_t row[0][1024] = {0};
      |           ^~~
arm-none-eabi-gcc -o "AtoDconversion_1.elf" @"objects.list"  -larm_cortexM4lf_math -mcpu=cortex-m4 -T"C:\Users\ROG\STM32CubeIDE\workspace_1.11.0\AtoDconversion_1\STM32F411CEUX_FLASH.ld" --specs=nosys.specs -Wl,-Map="AtoDconversion_1.map" -Wl,--gc-sections -static -L"C:\Users\ROG\STM32CubeIDE\workspace_1.11.0\AtoDconversion_1\Drivers\CMSIS\Lib\GCC" --specs=nano.specs -mfpu=fpv4-sp-d16 -mfloat-abi=hard -mthumb -Wl,--start-group -lc -lm -Wl,--end-group
Finished building target: AtoDconversion_1.elf
 
arm-none-eabi-size   AtoDconversion_1.elf 
arm-none-eabi-objdump -h -S  AtoDconversion_1.elf  > "AtoDconversion_1.list"
   text	   data	    bss	    dec	    hex	filename
  12592	     20	   1788	  14400	   3840	AtoDconversion_1.elf
Finished building: default.size.stdout
 
Finished building: AtoDconversion_1.list
 
16:14:51 **** Incremental Build of configuration Debug for project AtoDconversion_1 ****
make -j16 all 
arm-none-eabi-gcc "../Core/Src/main.c" -mcpu=cortex-m4 -std=gnu11 -g3 -DDEBUG -DARM_MATH_CM4 -DUSE_HAL_DRIVER -DSTM32F411xE -c -I../Core/Inc -I"C:/Users/ROG/STM32CubeIDE/workspace_1.11.0/AtoDconversion_1/Drivers/CMSIS/DSP/Include" -I../Drivers/STM32F4xx_HAL_Driver/Inc -I../Drivers/STM32F4xx_HAL_Driver/Inc/Legacy -I../Drivers/CMSIS/Device/ST/STM32F4xx/Include -I../Drivers/CMSIS/Include -O0 -ffunction-sections -fdata-sections -Wall -fstack-usage -MMD -MP -MF"Core/Src/main.d" -MT"Core/Src/main.o" --specs=nano.specs -mfpu=fpv4-sp-d16 -mfloat-abi=hard -mthumb -o "Core/Src/main.o"
../Core/Src/main.c: In function 'HAL_ADC_ConvCpltCallback':
../Core/Src/main.c:329:18: warning: variable 'row' set but not used [-Wunused-but-set-variable]
  329 |   static int16_t row[1][1024] = {0};
      |                  ^~~
arm-none-eabi-gcc -o "AtoDconversion_1.elf" @"objects.list"  -larm_cortexM4lf_math -mcpu=cortex-m4 -T"C:\Users\ROG\STM32CubeIDE\workspace_1.11.0\AtoDconversion_1\STM32F411CEUX_FLASH.ld" --specs=nosys.specs -Wl,-Map="AtoDconversion_1.map" -Wl,--gc-sections -static -L"C:\Users\ROG\STM32CubeIDE\workspace_1.11.0\AtoDconversion_1\Drivers\CMSIS\Lib\GCC" --specs=nano.specs -mfpu=fpv4-sp-d16 -mfloat-abi=hard -mthumb -Wl,--start-group -lc -lm -Wl,--end-group
Finished building target: AtoDconversion_1.elf
 
arm-none-eabi-size   AtoDconversion_1.elf 
arm-none-eabi-objdump -h -S  AtoDconversion_1.elf  > "AtoDconversion_1.list"
   text	   data	    bss	    dec	    hex	filename
  12592	     20	   3836	  16448	   4040	AtoDconversion_1.elf
Finished building: default.size.stdout
 
Finished building: AtoDconversion_1.list
 
16:17:11 **** Incremental Build of configuration Debug for project AtoDconversion_1 ****
make -j16 all 
arm-none-eabi-gcc "../Core/Src/main.c" -mcpu=cortex-m4 -std=gnu11 -g3 -DDEBUG -DARM_MATH_CM4 -DUSE_HAL_DRIVER -DSTM32F411xE -c -I../Core/Inc -I"C:/Users/ROG/STM32CubeIDE/workspace_1.11.0/AtoDconversion_1/Drivers/CMSIS/DSP/Include" -I../Drivers/STM32F4xx_HAL_Driver/Inc -I../Drivers/STM32F4xx_HAL_Driver/Inc/Legacy -I../Drivers/CMSIS/Device/ST/STM32F4xx/Include -I../Drivers/CMSIS/Include -O0 -ffunction-sections -fdata-sections -Wall -fstack-usage -MMD -MP -MF"Core/Src/main.d" -MT"Core/Src/main.o" --specs=nano.specs -mfpu=fpv4-sp-d16 -mfloat-abi=hard -mthumb -o "Core/Src/main.o"
arm-none-eabi-gcc -o "AtoDconversion_1.elf" @"objects.list"  -larm_cortexM4lf_math -mcpu=cortex-m4 -T"C:\Users\ROG\STM32CubeIDE\workspace_1.11.0\AtoDconversion_1\STM32F411CEUX_FLASH.ld" --specs=nosys.specs -Wl,-Map="AtoDconversion_1.map" -Wl,--gc-sections -static -L"C:\Users\ROG\STM32CubeIDE\workspace_1.11.0\AtoDconversion_1\Drivers\CMSIS\Lib\GCC" --specs=nano.specs -mfpu=fpv4-sp-d16 -mfloat-abi=hard -mthumb -Wl,--start-group -lc -lm -Wl,--end-group
Finished building target: AtoDconversion_1.elf
 
arm-none-eabi-size   AtoDconversion_1.elf 
arm-none-eabi-objdump -h -S  AtoDconversion_1.elf  > "AtoDconversion_1.list"
   text	   data	    bss	    dec	    hex	filename
  12592	     20	   3836	  16448	   4040	AtoDconversion_1.elf
Finished building: default.size.stdout
 
Finished building: AtoDconversion_1.list
 
16:18:00 **** Incremental Build of configuration Debug for project AtoDconversion_1 ****
make -j16 all 
arm-none-eabi-gcc "../Core/Src/main.c" -mcpu=cortex-m4 -std=gnu11 -g3 -DDEBUG -DARM_MATH_CM4 -DUSE_HAL_DRIVER -DSTM32F411xE -c -I../Core/Inc -I"C:/Users/ROG/STM32CubeIDE/workspace_1.11.0/AtoDconversion_1/Drivers/CMSIS/DSP/Include" -I../Drivers/STM32F4xx_HAL_Driver/Inc -I../Drivers/STM32F4xx_HAL_Driver/Inc/Legacy -I../Drivers/CMSIS/Device/ST/STM32F4xx/Include -I../Drivers/CMSIS/Include -O0 -ffunction-sections -fdata-sections -Wall -fstack-usage -MMD -MP -MF"Core/Src/main.d" -MT"Core/Src/main.o" --specs=nano.specs -mfpu=fpv4-sp-d16 -mfloat-abi=hard -mthumb -o "Core/Src/main.o"
arm-none-eabi-gcc -o "AtoDconversion_1.elf" @"objects.list"  -larm_cortexM4lf_math -mcpu=cortex-m4 -T"C:\Users\ROG\STM32CubeIDE\workspace_1.11.0\AtoDconversion_1\STM32F411CEUX_FLASH.ld" --specs=nosys.specs -Wl,-Map="AtoDconversion_1.map" -Wl,--gc-sections -static -L"C:\Users\ROG\STM32CubeIDE\workspace_1.11.0\AtoDconversion_1\Drivers\CMSIS\Lib\GCC" --specs=nano.specs -mfpu=fpv4-sp-d16 -mfloat-abi=hard -mthumb -Wl,--start-group -lc -lm -Wl,--end-group
Finished building target: AtoDconversion_1.elf
 
arm-none-eabi-size   AtoDconversion_1.elf 
arm-none-eabi-objdump -h -S  AtoDconversion_1.elf  > "AtoDconversion_1.list"
   text	   data	    bss	    dec	    hex	filename
  12596	     20	   3836	  16452	   4044	AtoDconversion_1.elf
Finished building: default.size.stdout
 
Finished building: AtoDconversion_1.list
 
16:18:20 **** Incremental Build of configuration Debug for project AtoDconversion_1 ****
make -j16 all 
arm-none-eabi-size   AtoDconversion_1.elf 
   text	   data	    bss	    dec	    hex	filename
  12596	     20	   3836	  16452	   4044	AtoDconversion_1.elf
Finished building: default.size.stdout
 
16:18:43 **** Incremental Build of configuration Debug for project AtoDconversion_1 ****
make -j16 all 
arm-none-eabi-size   AtoDconversion_1.elf 
   text	   data	    bss	    dec	    hex	filename
  12596	     20	   3836	  16452	   4044	AtoDconversion_1.elf
Finished building: default.size.stdout
 
16:18:56 **** Incremental Build of configuration Debug for project AtoDconversion_1 ****
make -j16 all 
arm-none-eabi-size   AtoDconversion_1.elf 
   text	   data	    bss	    dec	    hex	filename
  12596	     20	   3836	  16452	   4044	AtoDconversion_1.elf
Finished building: default.size.stdout
 
16:19:07 **** Incremental Build of configuration Debug for project AtoDconversion_1 ****
make -j16 all 
arm-none-eabi-size   AtoDconversion_1.elf 
   text	   data	    bss	    dec	    hex	filename
  12596	     20	   3836	  16452	   4044	AtoDconversion_1.elf
Finished building: default.size.stdout
 
16:20:03 **** Incremental Build of configuration Debug for project AtoDconversion_1 ****
make -j16 all 
arm-none-eabi-gcc "../Core/Src/main.c" -mcpu=cortex-m4 -std=gnu11 -g3 -DDEBUG -DARM_MATH_CM4 -DUSE_HAL_DRIVER -DSTM32F411xE -c -I../Core/Inc -I"C:/Users/ROG/STM32CubeIDE/workspace_1.11.0/AtoDconversion_1/Drivers/CMSIS/DSP/Include" -I../Drivers/STM32F4xx_HAL_Driver/Inc -I../Drivers/STM32F4xx_HAL_Driver/Inc/Legacy -I../Drivers/CMSIS/Device/ST/STM32F4xx/Include -I../Drivers/CMSIS/Include -O0 -ffunction-sections -fdata-sections -Wall -fstack-usage -MMD -MP -MF"Core/Src/main.d" -MT"Core/Src/main.o" --specs=nano.specs -mfpu=fpv4-sp-d16 -mfloat-abi=hard -mthumb -o "Core/Src/main.o"
arm-none-eabi-gcc -o "AtoDconversion_1.elf" @"objects.list"  -larm_cortexM4lf_math -mcpu=cortex-m4 -T"C:\Users\ROG\STM32CubeIDE\workspace_1.11.0\AtoDconversion_1\STM32F411CEUX_FLASH.ld" --specs=nosys.specs -Wl,-Map="AtoDconversion_1.map" -Wl,--gc-sections -static -L"C:\Users\ROG\STM32CubeIDE\workspace_1.11.0\AtoDconversion_1\Drivers\CMSIS\Lib\GCC" --specs=nano.specs -mfpu=fpv4-sp-d16 -mfloat-abi=hard -mthumb -Wl,--start-group -lc -lm -Wl,--end-group
Finished building target: AtoDconversion_1.elf
 
arm-none-eabi-size   AtoDconversion_1.elf 
arm-none-eabi-objdump -h -S  AtoDconversion_1.elf  > "AtoDconversion_1.list"
   text	   data	    bss	    dec	    hex	filename
  12612	     20	   3836	  16468	   4054	AtoDconversion_1.elf
Finished building: default.size.stdout
 
Finished building: AtoDconversion_1.list
 
16:20:16 **** Incremental Build of configuration Debug for project AtoDconversion_1 ****
make -j16 all 
arm-none-eabi-size   AtoDconversion_1.elf 
   text	   data	    bss	    dec	    hex	filename
  12612	     20	   3836	  16468	   4054	AtoDconversion_1.elf
Finished building: default.size.stdout
 
16:20:29 **** Incremental Build of configuration Debug for project AtoDconversion_1 ****
make -j16 all 
arm-none-eabi-size   AtoDconversion_1.elf 
   text	   data	    bss	    dec	    hex	filename
  12612	     20	   3836	  16468	   4054	AtoDconversion_1.elf
Finished building: default.size.stdout
 
16:30:04 **** Incremental Build of configuration Debug for project AtoDconversion_1 ****
make -j16 all 
[...]
  91864	     20	   1844	  93728	  16e20	AtoDconversion_1.elf
Finished building: default.size.stdout
 
21:12:54 **** Incremental Build of configuration Debug for project AtoDconversion_1 ****
make -j16 all 
arm-none-eabi-size   AtoDconversion_1.elf 
   text	   data	    bss	    dec	    hex	filename
  91864	     20	   1844	  93728	  16e20	AtoDconversion_1.elf
Finished building: default.size.stdout
 
21:14:16 **** Incremental Build of configuration Debug for project AtoDconversion_1 ****
make -j16 all 
arm-none-eabi-gcc "../Core/Src/main.c" -mcpu=cortex-m4 -std=gnu11 -g3 -DDEBUG -DARM_MATH_CM4 -DUSE_HAL_DRIVER -DSTM32F411xE -c -I../Core/Inc -I"C:/Users/ROG/STM32CubeIDE/workspace_1.11.0/AtoDconversion_1/Drivers/CMSIS/DSP/Include" -I../Drivers/STM32F4xx_HAL_Driver/Inc -I../Drivers/STM32F4xx_HAL_Driver/Inc/Legacy -I../Drivers/CMSIS/Device/ST/STM32F4xx/Include -I../Drivers/CMSIS/Include -O0 -ffunction-sections -fdata-sections -Wall -fstack-usage -MMD -MP -MF"Core/Src/main.d" -MT"Core/Src/main.o" --specs=nano.specs -mfpu=fpv4-sp-d16 -mfloat-abi=hard -mthumb -o "Core/Src/main.o"
arm-none-eabi-gcc -o "AtoDconversion_1.elf" @"objects.list"  -larm_cortexM4lf_math -mcpu=cortex-m4 -T"C:\Users\ROG\STM32CubeIDE\workspace_1.11.0\AtoDconversion_1\STM32F411CEUX_FLASH.ld" --specs=nosys.specs -Wl,-Map="AtoDconversion_1.map" -Wl,--gc-sections -static -L"C:\Users\ROG\STM32CubeIDE\workspace_1.11.0\AtoDconversion_1\Drivers\CMSIS\Lib\GCC" --specs=nano.specs -mfpu=fpv4-sp-d16 -mfloat-abi=hard -mthumb -Wl,--start-group -lc -lm -Wl,--end-group
Finished building target: AtoDconversion_1.elf
 
arm-none-eabi-size   AtoDconversion_1.elf 
arm-none-eabi-objdump -h -S  AtoDconversion_1.elf  > "AtoDconversion_1.list"
   text	   data	    bss	    dec	    hex	filename
  91864	     20	   1844	  93728	  16e20	AtoDconversion_1.elf
Finished building: default.size.stdout
 
Finished building: AtoDconversion_1.list
 
21:14:44 **** Incremental Build of configuration Debug for project AtoDconversion_1 ****
make -j16 all 
arm-none-eabi-size   AtoDconversion_1.elf 
   text	   data	    bss	    dec	    hex	filename
  91864	     20	   1844	  93728	  16e20	AtoDconversion_1.elf
Finished building: default.size.stdout
 
21:14:49 **** Incremental Build of configuration Debug for project AtoDconversion_1 ****
make -j16 all 
arm-none-eabi-size   AtoDconversion_1.elf 
   text	   data	    bss	    dec	    hex	filename
  91864	     20	   1844	  93728	  16e20	AtoDconversion_1.elf
Finished building: default.size.stdout
 
21:16:30 **** Incremental Build of configuration Debug for project AtoDconversion_1 ****
make -j16 all 
arm-none-eabi-gcc "../Core/Src/main.c" -mcpu=cortex-m4 -std=gnu11 -g3 -DDEBUG -DARM_MATH_CM4 -DUSE_HAL_DRIVER -DSTM32F411xE -c -I../Core/Inc -I"C:/Users/ROG/STM32CubeIDE/workspace_1.11.0/AtoDconversion_1/Drivers/CMSIS/DSP/Include" -I../Drivers/STM32F4xx_HAL_Driver/Inc -I../Drivers/STM32F4xx_HAL_Driver/Inc/Legacy -I../Drivers/CMSIS/Device/ST/STM32F4xx/Include -I../Drivers/CMSIS/Include -O0 -ffunction-sections -fdata-sections -Wall -fstack-usage -MMD -MP -MF"Core/Src/main.d" -MT"Core/Src/main.o" --specs=nano.specs -mfpu=fpv4-sp-d16 -mfloat-abi=hard -mthumb -o "Core/Src/main.o"
arm-none-eabi-gcc -o "AtoDconversion_1.elf" @"objects.list"  -larm_cortexM4lf_math -mcpu=cortex-m4 -T"C:\Users\ROG\STM32CubeIDE\workspace_1.11.0\AtoDconversion_1\STM32F411CEUX_FLASH.ld" --specs=nosys.specs -Wl,-Map="AtoDconversion_1.map" -Wl,--gc-sections -static -L"C:\Users\ROG\STM32CubeIDE\workspace_1.11.0\AtoDconversion_1\Drivers\CMSIS\Lib\GCC" --specs=nano.specs -mfpu=fpv4-sp-d16 -mfloat-abi=hard -mthumb -Wl,--start-group -lc -lm -Wl,--end-group
Finished building target: AtoDconversion_1.elf
 
arm-none-eabi-size   AtoDconversion_1.elf 
arm-none-eabi-objdump -h -S  AtoDconversion_1.elf  > "AtoDconversion_1.list"
   text	   data	    bss	    dec	    hex	filename
  91860	     20	   1844	  93724	  16e1c	AtoDconversion_1.elf
Finished building: default.size.stdout
 
Finished building: AtoDconversion_1.list
 
21:16:39 **** Incremental Build of configuration Debug for project AtoDconversion_1 ****
make -j16 all 
arm-none-eabi-size   AtoDconversion_1.elf 
   text	   data	    bss	    dec	    hex	filename
  91860	     20	   1844	  93724	  16e1c	AtoDconversion_1.elf
Finished building: default.size.stdout
 
21:16:47 **** Incremental Build of configuration Debug for project AtoDconversion_1 ****
make -j16 all 
arm-none-eabi-size   AtoDconversion_1.elf 
   text	   data	    bss	    dec	    hex	filename
  91860	     20	   1844	  93724	  16e1c	AtoDconversion_1.elf
Finished building: default.size.stdout
 
21:16:53 **** Incremental Build of configuration Debug for project AtoDconversion_1 ****
make -j16 all 
arm-none-eabi-size   AtoDconversion_1.elf 
   text	   data	    bss	    dec	    hex	filename
  91860	     20	   1844	  93724	  16e1c	AtoDconversion_1.elf
Finished building: default.size.stdout
 
21:17:36 **** Incremental Build of configuration Debug for project AtoDconversion_1 ****
make -j16 all 
arm-none-eabi-gcc "../Core/Src/main.c" -mcpu=cortex-m4 -std=gnu11 -g3 -DDEBUG -DARM_MATH_CM4 -DUSE_HAL_DRIVER -DSTM32F411xE -c -I../Core/Inc -I"C:/Users/ROG/STM32CubeIDE/workspace_1.11.0/AtoDconversion_1/Drivers/CMSIS/DSP/Include" -I../Drivers/STM32F4xx_HAL_Driver/Inc -I../Drivers/STM32F4xx_HAL_Driver/Inc/Legacy -I../Drivers/CMSIS/Device/ST/STM32F4xx/Include -I../Drivers/CMSIS/Include -O0 -ffunction-sections -fdata-sections -Wall -fstack-usage -MMD -MP -MF"Core/Src/main.d" -MT"Core/Src/main.o" --specs=nano.specs -mfpu=fpv4-sp-d16 -mfloat-abi=hard -mthumb -o "Core/Src/main.o"
arm-none-eabi-gcc -o "AtoDconversion_1.elf" @"objects.list"  -larm_cortexM4lf_math -mcpu=cortex-m4 -T"C:\Users\ROG\STM32CubeIDE\workspace_1.11.0\AtoDconversion_1\STM32F411CEUX_FLASH.ld" --specs=nosys.specs -Wl,-Map="AtoDconversion_1.map" -Wl,--gc-sections -static -L"C:\Users\ROG\STM32CubeIDE\workspace_1.11.0\AtoDconversion_1\Drivers\CMSIS\Lib\GCC" --specs=nano.specs -mfpu=fpv4-sp-d16 -mfloat-abi=hard -mthumb -Wl,--start-group -lc -lm -Wl,--end-group
Finished building target: AtoDconversion_1.elf
 
arm-none-eabi-size   AtoDconversion_1.elf 
arm-none-eabi-objdump -h -S  AtoDconversion_1.elf  > "AtoDconversion_1.list"
   text	   data	    bss	    dec	    hex	filename
  91860	     20	   1844	  93724	  16e1c	AtoDconversion_1.elf
Finished building: default.size.stdout
 
Finished building: AtoDconversion_1.list
 
21:17:51 **** Incremental Build of configuration Debug for project AtoDconversion_1 ****
make -j16 all 
arm-none-eabi-size   AtoDconversion_1.elf 
   text	   data	    bss	    dec	    hex	filename
  91860	     20	   1844	  93724	  16e1c	AtoDconversion_1.elf
Finished building: default.size.stdout
 
21:18:28 **** Incremental Build of configuration Debug for project AtoDconversion_1 ****
make -j16 all 
arm-none-eabi-gcc "../Core/Src/main.c" -mcpu=cortex-m4 -std=gnu11 -g3 -DDEBUG -DARM_MATH_CM4 -DUSE_HAL_DRIVER -DSTM32F411xE -c -I../Core/Inc -I"C:/Users/ROG/STM32CubeIDE/workspace_1.11.0/AtoDconversion_1/Drivers/CMSIS/DSP/Include" -I../Drivers/STM32F4xx_HAL_Driver/Inc -I../Drivers/STM32F4xx_HAL_Driver/Inc/Legacy -I../Drivers/CMSIS/Device/ST/STM32F4xx/Include -I../Drivers/CMSIS/Include -O0 -ffunction-sections -fdata-sections -Wall -fstack-usage -MMD -MP -MF"Core/Src/main.d" -MT"Core/Src/main.o" --specs=nano.specs -mfpu=fpv4-sp-d16 -mfloat-abi=hard -mthumb -o "Core/Src/main.o"
arm-none-eabi-gcc -o "AtoDconversion_1.elf" @"objects.list"  -larm_cortexM4lf_math -mcpu=cortex-m4 -T"C:\Users\ROG\STM32CubeIDE\workspace_1.11.0\AtoDconversion_1\STM32F411CEUX_FLASH.ld" --specs=nosys.specs -Wl,-Map="AtoDconversion_1.map" -Wl,--gc-sections -static -L"C:\Users\ROG\STM32CubeIDE\workspace_1.11.0\AtoDconversion_1\Drivers\CMSIS\Lib\GCC" --specs=nano.specs -mfpu=fpv4-sp-d16 -mfloat-abi=hard -mthumb -Wl,--start-group -lc -lm -Wl,--end-group
Finished building target: AtoDconversion_1.elf
 
arm-none-eabi-size   AtoDconversion_1.elf 
arm-none-eabi-objdump -h -S  AtoDconversion_1.elf  > "AtoDconversion_1.list"
   text	   data	    bss	    dec	    hex	filename
  91852	     20	   1844	  93716	  16e14	AtoDconversion_1.elf
Finished building: default.size.stdout
 
Finished building: AtoDconversion_1.list
 
21:18:54 **** Incremental Build of configuration Debug for project AtoDconversion_1 ****
make -j16 all 
arm-none-eabi-size   AtoDconversion_1.elf 
   text	   data	    bss	    dec	    hex	filename
  91852	     20	   1844	  93716	  16e14	AtoDconversion_1.elf
Finished building: default.size.stdout
 
21:23:22 **** Incremental Build of configuration Debug for project AtoDconversion_1 ****
make -j16 all 
arm-none-eabi-gcc "../Core/Src/main.c" -mcpu=cortex-m4 -std=gnu11 -g3 -DDEBUG -DARM_MATH_CM4 -DUSE_HAL_DRIVER -DSTM32F411xE -c -I../Core/Inc -I"C:/Users/ROG/STM32CubeIDE/workspace_1.11.0/AtoDconversion_1/Drivers/CMSIS/DSP/Include" -I../Drivers/STM32F4xx_HAL_Driver/Inc -I../Drivers/STM32F4xx_HAL_Driver/Inc/Legacy -I../Drivers/CMSIS/Device/ST/STM32F4xx/Include -I../Drivers/CMSIS/Include -O0 -ffunction-sections -fdata-sections -Wall -fstack-usage -MMD -MP -MF"Core/Src/main.d" -MT"Core/Src/main.o" --specs=nano.specs -mfpu=fpv4-sp-d16 -mfloat-abi=hard -mthumb -o "Core/Src/main.o"
arm-none-eabi-gcc -o "AtoDconversion_1.elf" @"objects.list"  -larm_cortexM4lf_math -mcpu=cortex-m4 -T"C:\Users\ROG\STM32CubeIDE\workspace_1.11.0\AtoDconversion_1\STM32F411CEUX_FLASH.ld" --specs=nosys.specs -Wl,-Map="AtoDconversion_1.map" -Wl,--gc-sections -static -L"C:\Users\ROG\STM32CubeIDE\workspace_1.11.0\AtoDconversion_1\Drivers\CMSIS\Lib\GCC" --specs=nano.specs -mfpu=fpv4-sp-d16 -mfloat-abi=hard -mthumb -Wl,--start-group -lc -lm -Wl,--end-group
Finished building target: AtoDconversion_1.elf
 
arm-none-eabi-size   AtoDconversion_1.elf 
arm-none-eabi-objdump -h -S  AtoDconversion_1.elf  > "AtoDconversion_1.list"
   text	   data	    bss	    dec	    hex	filename
  91860	     20	   1844	  93724	  16e1c	AtoDconversion_1.elf
Finished building: default.size.stdout
 
Finished building: AtoDconversion_1.list
 
21:23:46 **** Incremental Build of configuration Debug for project AtoDconversion_1 ****
make -j16 all 
arm-none-eabi-size   AtoDconversion_1.elf 
   text	   data	    bss	    dec	    hex	filename
  91860	     20	   1844	  93724	  16e1c	AtoDconversion_1.elf
Finished building: default.size.stdout
 
21:23:53 **** Incremental Build of configuration Debug for project AtoDconversion_1 ****
make -j16 all 
arm-none-eabi-size   AtoDconversion_1.elf 
   text	   data	    bss	    dec	    hex	filename
  91860	     20	   1844	  93724	  16e1c	AtoDconversion_1.elf
Finished building: default.size.stdout
 
21:28:34 **** Incremental Build of configuration Debug for project AtoDconversion_1 ****
make -j16 all 
arm-none-eabi-size   AtoDconversion_1.elf 
   text	   data	    bss	    dec	    hex	filename
  91860	     20	   1844	  93724	  16e1c	AtoDconversion_1.elf
Finished building: default.size.stdout
 
21:31:29 **** Incremental Build of configuration Debug for project AtoDconversion_1 ****
make -j16 all 
arm-none-eabi-size   AtoDconversion_1.elf 
   text	   data	    bss	    dec	    hex	filename
  91860	     20	   1844	  93724	  16e1c	AtoDconversion_1.elf
Finished building: default.size.stdout
 
21:52:15 **** Incremental Build of configuration Debug for project AtoDconversion_1 ****
make -j16 all 
arm-none-eabi-size   AtoDconversion_1.elf 
   text	   data	    bss	    dec	    hex	filename
  91860	     20	   1844	  93724	  16e1c	AtoDconversion_1.elf
Finished building: default.size.stdout
 
22:02:32 **** Incremental Build of configuration Debug for project AtoDconversion_1 ****
make -j16 all 
arm-none-eabi-size   AtoDconversion_1.elf 
   text	   data	    bss	    dec	    hex	filename
  91860	     20	   1844	  93724	  16e1c	AtoDconversion_1.elf
Finished building: default.size.stdout
 
00:06:52 **** Build of configuration Debug for project AtoDconversion_1 ****
make -j16 all 
arm-none-eabi-gcc "../Core/Src/main.c" -mcpu=cortex-m4 -std=gnu11 -g3 -DDEBUG -DARM_MATH_CM4 -DUSE_HAL_DRIVER -DSTM32F411xE -c -I../Core/Inc -I"C:/Users/ROG/STM32CubeIDE/workspace_1.11.0/AtoDconversion_1/Drivers/CMSIS/DSP/Include" -I../Drivers/STM32F4xx_HAL_Driver/Inc -I../Drivers/STM32F4xx_HAL_Driver/Inc/Legacy -I../Drivers/CMSIS/Device/ST/STM32F4xx/Include -I../Drivers/CMSIS/Include -O0 -ffunction-sections -fdata-sections -Wall -fstack-usage -MMD -MP -MF"Core/Src/main.d" -MT"Core/Src/main.o" --specs=nano.specs -mfpu=fpv4-sp-d16 -mfloat-abi=hard -mthumb -o "Core/Src/main.o"
../Core/Src/main.c:46:17: error: 'Colum' undeclared here (not in a function)
   46 |   float fft_buf[Colum]={0}; //Buffer that use for FFT
      |                 ^~~~~
../Core/Src/main.c: In function 'main':
../Core/Src/main.c:139:5: error: 'rdy_row' undeclared (first use in this function); did you mean 'rdy_Row'?
  139 |     rdy_row = 1;
      |     ^~~~~~~
      |     rdy_Row
../Core/Src/main.c:139:5: note: each undeclared identifier is reported only once for each function it appears in
../Core/Src/main.c:146:45: warning: passing argument 3 of 'arm_rfft_fast_f32' from incompatible pointer type [-Wincompatible-pointer-types]
  146 |     arm_rfft_fast_f32(&fft_handler,&fft_buf,&fft_buf_out,0);
      |                                             ^~~~~~~~~~~~
      |                                             |
      |                                             float (*)[4]
In file included from ../Core/Src/main.c:26:
C:/Users/ROG/STM32CubeIDE/workspace_1.11.0/AtoDconversion_1/Drivers/CMSIS/DSP/Include/arm_math.h:2229:30: note: expected 'float32_t *' {aka 'float *'} but argument is of type 'float (*)[4]'
 2229 |   float32_t * p, float32_t * pOut,
      |                  ~~~~~~~~~~~~^~~~
make: *** [Core/Src/subdir.mk:34: Core/Src/main.o] Error 1
"make -j16 all" terminated with exit code 2. Build might be incomplete.
00:07:12 **** Incremental Build of configuration Debug for project AtoDconversion_1 ****
make -j16 all 
arm-none-eabi-gcc "../Core/Src/main.c" -mcpu=cortex-m4 -std=gnu11 -g3 -DDEBUG -DARM_MATH_CM4 -DUSE_HAL_DRIVER -DSTM32F411xE -c -I../Core/Inc -I"C:/Users/ROG/STM32CubeIDE/workspace_1.11.0/AtoDconversion_1/Drivers/CMSIS/DSP/Include" -I../Drivers/STM32F4xx_HAL_Driver/Inc -I../Drivers/STM32F4xx_HAL_Driver/Inc/Legacy -I../Drivers/CMSIS/Device/ST/STM32F4xx/Include -I../Drivers/CMSIS/Include -O0 -ffunction-sections -fdata-sections -Wall -fstack-usage -MMD -MP -MF"Core/Src/main.d" -MT"Core/Src/main.o" --specs=nano.specs -mfpu=fpv4-sp-d16 -mfloat-abi=hard -mthumb -o "Core/Src/main.o"
../Core/Src/main.c:46:17: error: 'Colum' undeclared here (not in a function)
   46 |   float fft_buf[Colum]={0}; //Buffer that use for FFT
      |                 ^~~~~
../Core/Src/main.c: In function 'main':
../Core/Src/main.c:146:45: warning: passing argument 3 of 'arm_rfft_fast_f32' from incompatible pointer type [-Wincompatible-pointer-types]
  146 |     arm_rfft_fast_f32(&fft_handler,&fft_buf,&fft_buf_out,0);
      |                                             ^~~~~~~~~~~~
      |                                             |
      |                                             float (*)[4]
In file included from ../Core/Src/main.c:26:
C:/Users/ROG/STM32CubeIDE/workspace_1.11.0/AtoDconversion_1/Drivers/CMSIS/DSP/Include/arm_math.h:2229:30: note: expected 'float32_t *' {aka 'float *'} but argument is of type 'float (*)[4]'
 2229 |   float32_t * p, float32_t * pOut,
      |                  ~~~~~~~~~~~~^~~~
make: *** [Core/Src/subdir.mk:34: Core/Src/main.o] Error 1
"make -j16 all" terminated with exit code 2. Build might be incomplete.
00:07:33 **** Incremental Build of configuration Debug for project AtoDconversion_1 ****
make -j16 all 
arm-none-eabi-gcc "../Core/Src/main.c" -mcpu=cortex-m4 -std=gnu11 -g3 -DDEBUG -DARM_MATH_CM4 -DUSE_HAL_DRIVER -DSTM32F411xE -c -I../Core/Inc -I"C:/Users/ROG/STM32CubeIDE/workspace_1.11.0/AtoDconversion_1/Drivers/CMSIS/DSP/Include" -I../Drivers/STM32F4xx_HAL_Driver/Inc -I../Drivers/STM32F4xx_HAL_Driver/Inc/Legacy -I../Drivers/CMSIS/Device/ST/STM32F4xx/Include -I../Drivers/CMSIS/Include -O0 -ffunction-sections -fdata-sections -Wall -fstack-usage -MMD -MP -MF"Core/Src/main.d" -MT"Core/Src/main.o" --specs=nano.specs -mfpu=fpv4-sp-d16 -mfloat-abi=hard -mthumb -o "Core/Src/main.o"
../Core/Src/main.c: In function 'main':
../Core/Src/main.c:146:36: warning: passing argument 2 of 'arm_rfft_fast_f32' from incompatible pointer type [-Wincompatible-pointer-types]
  146 |     arm_rfft_fast_f32(&fft_handler,&fft_buf,&fft_buf_out,0);
      |                                    ^~~~~~~~
      |                                    |
      |                                    float (*)[4]
In file included from ../Core/Src/main.c:26:
C:/Users/ROG/STM32CubeIDE/workspace_1.11.0/AtoDconversion_1/Drivers/CMSIS/DSP/Include/arm_math.h:2229:15: note: expected 'float32_t *' {aka 'float *'} but argument is of type 'float (*)[4]'
 2229 |   float32_t * p, float32_t * pOut,
      |   ~~~~~~~~~~~~^
../Core/Src/main.c:146:45: warning: passing argument 3 of 'arm_rfft_fast_f32' from incompatible pointer type [-Wincompatible-pointer-types]
  146 |     arm_rfft_fast_f32(&fft_handler,&fft_buf,&fft_buf_out,0);
      |                                             ^~~~~~~~~~~~
      |                                             |
      |                                             float (*)[4]
In file included from ../Core/Src/main.c:26:
C:/Users/ROG/STM32CubeIDE/workspace_1.11.0/AtoDconversion_1/Drivers/CMSIS/DSP/Include/arm_math.h:2229:30: note: expected 'float32_t *' {aka 'float *'} but argument is of type 'float (*)[4]'
 2229 |   float32_t * p, float32_t * pOut,
      |                  ~~~~~~~~~~~~^~~~
arm-none-eabi-gcc -o "AtoDconversion_1.elf" @"objects.list"  -larm_cortexM4lf_math -mcpu=cortex-m4 -T"C:\Users\ROG\STM32CubeIDE\workspace_1.11.0\AtoDconversion_1\STM32F411CEUX_FLASH.ld" --specs=nosys.specs -Wl,-Map="AtoDconversion_1.map" -Wl,--gc-sections -static -L"C:\Users\ROG\STM32CubeIDE\workspace_1.11.0\AtoDconversion_1\Drivers\CMSIS\Lib\GCC" --specs=nano.specs -mfpu=fpv4-sp-d16 -mfloat-abi=hard -mthumb -Wl,--start-group -lc -lm -Wl,--end-group
Finished building target: AtoDconversion_1.elf
 
arm-none-eabi-size   AtoDconversion_1.elf 
arm-none-eabi-objdump -h -S  AtoDconversion_1.elf  > "AtoDconversion_1.list"
   text	   data	    bss	    dec	    hex	filename
  96128	     20	   1892	  98040	  17ef8	AtoDconversion_1.elf
Finished building: default.size.stdout
 
Finished building: AtoDconversion_1.list
 
00:07:56 **** Incremental Build of configuration Debug for project AtoDconversion_1 ****
make -j16 all 
arm-none-eabi-gcc "../Core/Src/main.c" -mcpu=cortex-m4 -std=gnu11 -g3 -DDEBUG -DARM_MATH_CM4 -DUSE_HAL_DRIVER -DSTM32F411xE -c -I../Core/Inc -I"C:/Users/ROG/STM32CubeIDE/workspace_1.11.0/AtoDconversion_1/Drivers/CMSIS/DSP/Include" -I../Drivers/STM32F4xx_HAL_Driver/Inc -I../Drivers/STM32F4xx_HAL_Driver/Inc/Legacy -I../Drivers/CMSIS/Device/ST/STM32F4xx/Include -I../Drivers/CMSIS/Include -O0 -ffunction-sections -fdata-sections -Wall -fstack-usage -MMD -MP -MF"Core/Src/main.d" -MT"Core/Src/main.o" --specs=nano.specs -mfpu=fpv4-sp-d16 -mfloat-abi=hard -mthumb -o "Core/Src/main.o"
arm-none-eabi-gcc -o "AtoDconversion_1.elf" @"objects.list"  -larm_cortexM4lf_math -mcpu=cortex-m4 -T"C:\Users\ROG\STM32CubeIDE\workspace_1.11.0\AtoDconversion_1\STM32F411CEUX_FLASH.ld" --specs=nosys.specs -Wl,-Map="AtoDconversion_1.map" -Wl,--gc-sections -static -L"C:\Users\ROG\STM32CubeIDE\workspace_1.11.0\AtoDconversion_1\Drivers\CMSIS\Lib\GCC" --specs=nano.specs -mfpu=fpv4-sp-d16 -mfloat-abi=hard -mthumb -Wl,--start-group -lc -lm -Wl,--end-group
Finished building target: AtoDconversion_1.elf
 
arm-none-eabi-size   AtoDconversion_1.elf 
arm-none-eabi-objdump -h -S  AtoDconversion_1.elf  > "AtoDconversion_1.list"
   text	   data	    bss	    dec	    hex	filename
  96128	     20	   1892	  98040	  17ef8	AtoDconversion_1.elf
Finished building: default.size.stdout
 
Finished building: AtoDconversion_1.list
 
