22:49:57 **** Build of configuration Debug for project timer8kHz ****
make -j16 all 
arm-none-eabi-gcc "../Core/Src/main.c" -mcpu=cortex-m4 -std=gnu11 -g3 -DDEBUG -DUSE_HAL_DRIVER -DSTM32F411xE -c -I../Core/Inc -I../Drivers/STM32F4xx_HAL_Driver/Inc -I../Drivers/STM32F4xx_HAL_Driver/Inc/Legacy -I../Drivers/CMSIS/Device/ST/STM32F4xx/Include -I../Drivers/CMSIS/Include -O0 -ffunction-sections -fdata-sections -Wall -fstack-usage -MMD -MP -MF"Core/Src/main.d" -MT"Core/Src/main.o" --specs=nano.specs -mfpu=fpv4-sp-d16 -mfloat-abi=hard -mthumb -o "Core/Src/main.o"
arm-none-eabi-gcc -o "timer8kHz.elf" @"objects.list"   -mcpu=cortex-m4 -T"C:\Users\ROG\STM32CubeIDE\workspace_1.11.0\timer8kHz\STM32F411CEUX_FLASH.ld" --specs=nosys.specs -Wl,-Map="timer8kHz.map" -Wl,--gc-sections -static --specs=nano.specs -mfpu=fpv4-sp-d16 -mfloat-abi=hard -mthumb -Wl,--start-group -lc -lm -Wl,--end-group
Finished building target: timer8kHz.elf
 
arm-none-eabi-size   timer8kHz.elf 
arm-none-eabi-objdump -h -S  timer8kHz.elf  > "timer8kHz.list"
   text	   data	    bss	    dec	    hex	filename
   8296	     20	   1644	   9960	   26e8	timer8kHz.elf
Finished building: default.size.stdout
 
Finished building: timer8kHz.list
 

22:49:58 Build Finished. 0 errors, 0 warnings. (took 804ms)

