16:21:32 **** Incremental Build of configuration Debug for project timer_Led_test_1s ****
make -j16 all 
arm-none-eabi-gcc "../Core/Src/main.c" -mcpu=cortex-m4 -std=gnu11 -g3 -DDEBUG -DUSE_HAL_DRIVER -DSTM32F411xE -c -I../Core/Inc -I../Drivers/STM32F4xx_HAL_Driver/Inc -I../Drivers/STM32F4xx_HAL_Driver/Inc/Legacy -I../Drivers/CMSIS/Device/ST/STM32F4xx/Include -I../Drivers/CMSIS/Include -O0 -ffunction-sections -fdata-sections -Wall -fstack-usage -MMD -MP -MF"Core/Src/main.d" -MT"Core/Src/main.o" --specs=nano.specs -mfpu=fpv4-sp-d16 -mfloat-abi=hard -mthumb -o "Core/Src/main.o"
arm-none-eabi-gcc -o "timer_Led_test_1s.elf" @"objects.list"   -mcpu=cortex-m4 -T"C:\Users\ROG\STM32CubeIDE\workspace_1.11.0\timer_Led_test_1s\STM32F411CEUX_FLASH.ld" --specs=nosys.specs -Wl,-Map="timer_Led_test_1s.map" -Wl,--gc-sections -static --specs=nano.specs -mfpu=fpv4-sp-d16 -mfloat-abi=hard -mthumb -Wl,--start-group -lc -lm -Wl,--end-group
Finished building target: timer_Led_test_1s.elf
 
arm-none-eabi-size   timer_Led_test_1s.elf 
arm-none-eabi-objdump -h -S  timer_Led_test_1s.elf  > "timer_Led_test_1s.list"
   text	   data	    bss	    dec	    hex	filename
   8300	     20	   1644	   9964	   26ec	timer_Led_test_1s.elf
Finished building: default.size.stdout
 
Finished building: timer_Led_test_1s.list
 

16:21:33 Build Finished. 0 errors, 0 warnings. (took 742ms)

