22:49:56 **** Build of configuration Debug for project Timing_test ****
make -j16 all 
arm-none-eabi-gcc "../Core/Src/main.c" -mcpu=cortex-m4 -std=gnu11 -g3 -DDEBUG -DUSE_HAL_DRIVER -DSTM32F411xE -c -I../Core/Inc -I../Drivers/STM32F4xx_HAL_Driver/Inc -I../Drivers/STM32F4xx_HAL_Driver/Inc/Legacy -I../Drivers/CMSIS/Device/ST/STM32F4xx/Include -I../Drivers/CMSIS/Include -O0 -ffunction-sections -fdata-sections -Wall -fstack-usage -MMD -MP -MF"Core/Src/main.d" -MT"Core/Src/main.o" --specs=nano.specs -mfpu=fpv4-sp-d16 -mfloat-abi=hard -mthumb -o "Core/Src/main.o"
arm-none-eabi-gcc -o "Timing_test.elf" @"objects.list"   -mcpu=cortex-m4 -T"C:\Users\ROG\STM32CubeIDE\workspace_1.11.0\Timing_test\STM32F411CEUX_FLASH.ld" --specs=nosys.specs -Wl,-Map="Timing_test.map" -Wl,--gc-sections -static --specs=nano.specs -mfpu=fpv4-sp-d16 -mfloat-abi=hard -mthumb -Wl,--start-group -lc -lm -Wl,--end-group
Finished building target: Timing_test.elf
 
arm-none-eabi-size   Timing_test.elf 
arm-none-eabi-objdump -h -S  Timing_test.elf  > "Timing_test.list"
   text	   data	    bss	    dec	    hex	filename
  12612	     20	   1780	  14412	   384c	Timing_test.elf
Finished building: default.size.stdout
 
Finished building: Timing_test.list
 

22:49:57 Build Finished. 0 errors, 0 warnings. (took 866ms)

